Component: ARM Compiler 5.06 update 7 (build 960) Tool: armlink [4d3601]

==============================================================================

Section Cross References

    startup_stm32f103xe.o(STACK) refers (Special) to heapauxi.o(.text) for __use_two_region_memory
    startup_stm32f103xe.o(HEAP) refers (Special) to heapauxi.o(.text) for __use_two_region_memory
    startup_stm32f103xe.o(RESET) refers (Special) to heapauxi.o(.text) for __use_two_region_memory
    startup_stm32f103xe.o(RESET) refers to startup_stm32f103xe.o(STACK) for __initial_sp
    startup_stm32f103xe.o(RESET) refers to startup_stm32f103xe.o(.text) for Reset_Handler
    startup_stm32f103xe.o(RESET) refers to stm32f1xx_it.o(i.NMI_Handler) for NMI_Handler
    startup_stm32f103xe.o(RESET) refers to stm32f1xx_it.o(i.HardFault_Handler) for HardFault_Handler
    startup_stm32f103xe.o(RESET) refers to stm32f1xx_it.o(i.MemManage_Handler) for MemManage_Handler
    startup_stm32f103xe.o(RESET) refers to stm32f1xx_it.o(i.BusFault_Handler) for BusFault_Handler
    startup_stm32f103xe.o(RESET) refers to stm32f1xx_it.o(i.UsageFault_Handler) for UsageFault_Handler
    startup_stm32f103xe.o(RESET) refers to stm32f1xx_it.o(i.SVC_Handler) for SVC_Handler
    startup_stm32f103xe.o(RESET) refers to stm32f1xx_it.o(i.DebugMon_Handler) for DebugMon_Handler
    startup_stm32f103xe.o(RESET) refers to usmart_port.o(i.TIM4_IRQHandler) for TIM4_IRQHandler
    startup_stm32f103xe.o(RESET) refers to usart.o(i.USART1_IRQHandler) for USART1_IRQHandler
    startup_stm32f103xe.o(.text) refers (Special) to heapauxi.o(.text) for __use_two_region_memory
    startup_stm32f103xe.o(.text) refers to system_stm32f1xx.o(i.SystemInit) for SystemInit
    startup_stm32f103xe.o(.text) refers to __main.o(!!!main) for __main
    startup_stm32f103xe.o(.text) refers to startup_stm32f103xe.o(HEAP) for Heap_Mem
    startup_stm32f103xe.o(.text) refers to startup_stm32f103xe.o(STACK) for Stack_Mem
    main.o(i.main) refers to stm32f1xx_hal.o(i.HAL_Init) for HAL_Init
    main.o(i.main) refers to sys.o(i.sys_stm32_clock_init) for sys_stm32_clock_init
    main.o(i.main) refers to delay.o(i.delay_init) for delay_init
    main.o(i.main) refers to usart.o(i.usart_init) for usart_init
    main.o(i.main) refers to led.o(i.led_init) for led_init
    main.o(i.main) refers to lcd.o(i.lcd_init) for lcd_init
    main.o(i.main) refers to key.o(i.key_init) for key_init
    main.o(i.main) refers to main.o(i.show_mesg) for show_mesg
    main.o(i.main) refers to demo.o(i.demo_run) for demo_run
    main.o(i.main) refers to usmart_config.o(.data) for usmart_dev
    main.o(i.show_mesg) refers to lcd.o(i.lcd_show_string) for lcd_show_string
    main.o(i.show_mesg) refers to noretval__2printf.o(.text) for __2printf
    system_stm32f1xx.o(i.SystemCoreClockUpdate) refers to system_stm32f1xx.o(.data) for SystemCoreClock
    system_stm32f1xx.o(i.SystemCoreClockUpdate) refers to system_stm32f1xx.o(.constdata) for AHBPrescTable
    demo.o(i.audio_get_tnum) refers to malloc.o(i.mymalloc) for mymalloc
    demo.o(i.audio_get_tnum) refers to ff.o(i.f_opendir) for f_opendir
    demo.o(i.audio_get_tnum) refers to ff.o(i.f_readdir) for f_readdir
    demo.o(i.audio_get_tnum) refers to exfuns.o(i.exfuns_file_type) for exfuns_file_type
    demo.o(i.audio_get_tnum) refers to malloc.o(i.myfree) for myfree
    demo.o(i.audio_msg_show) refers to atk_mo1053.o(i.atk_mo1053_get_bitrate) for atk_mo1053_get_bitrate
    demo.o(i.audio_msg_show) refers to atk_mo1053.o(i.atk_mo1053_get_decode_time) for atk_mo1053_get_decode_time
    demo.o(i.audio_msg_show) refers to lcd.o(i.lcd_show_xnum) for lcd_show_xnum
    demo.o(i.audio_msg_show) refers to lcd.o(i.lcd_show_char) for lcd_show_char
    demo.o(i.audio_msg_show) refers to lcd.o(i.lcd_show_string) for lcd_show_string
    demo.o(i.audio_msg_show) refers to stm32f1xx_hal_gpio.o(i.HAL_GPIO_TogglePin) for HAL_GPIO_TogglePin
    demo.o(i.audio_msg_show) refers to demo.o(.data) for bitrate
    demo.o(i.audio_play_song) refers to malloc.o(i.mymalloc) for mymalloc
    demo.o(i.audio_play_song) refers to atk_mo1053.o(i.atk_mo1053_restart_play) for atk_mo1053_restart_play
    demo.o(i.audio_play_song) refers to atk_mo1053.o(i.atk_mo1053_set_all) for atk_mo1053_set_all
    demo.o(i.audio_play_song) refers to atk_mo1053.o(i.atk_mo1053_reset_decode_time) for atk_mo1053_reset_decode_time
    demo.o(i.audio_play_song) refers to exfuns.o(i.exfuns_file_type) for exfuns_file_type
    demo.o(i.audio_play_song) refers to atk_mo1053.o(i.atk_mo1053_load_patch) for atk_mo1053_load_patch
    demo.o(i.audio_play_song) refers to ff.o(i.f_open) for f_open
    demo.o(i.audio_play_song) refers to atk_mo1053.o(i.atk_mo1053_spi_speed_high) for atk_mo1053_spi_speed_high
    demo.o(i.audio_play_song) refers to ff.o(i.f_read) for f_read
    demo.o(i.audio_play_song) refers to atk_mo1053.o(i.atk_mo1053_send_music_data) for atk_mo1053_send_music_data
[...]
    I2C2_ER_IRQHandler                       0x08000247   Thumb Code     0  startup_stm32f103xe.o(.text)
    I2C2_EV_IRQHandler                       0x08000247   Thumb Code     0  startup_stm32f103xe.o(.text)
    PVD_IRQHandler                           0x08000247   Thumb Code     0  startup_stm32f103xe.o(.text)
    RCC_IRQHandler                           0x08000247   Thumb Code     0  startup_stm32f103xe.o(.text)
    RTC_Alarm_IRQHandler                     0x08000247   Thumb Code     0  startup_stm32f103xe.o(.text)
    RTC_IRQHandler                           0x08000247   Thumb Code     0  startup_stm32f103xe.o(.text)
    SDIO_IRQHandler                          0x08000247   Thumb Code     0  startup_stm32f103xe.o(.text)
    SPI1_IRQHandler                          0x08000247   Thumb Code     0  startup_stm32f103xe.o(.text)
    SPI2_IRQHandler                          0x08000247   Thumb Code     0  startup_stm32f103xe.o(.text)
    SPI3_IRQHandler                          0x08000247   Thumb Code     0  startup_stm32f103xe.o(.text)
    TAMPER_IRQHandler                        0x08000247   Thumb Code     0  startup_stm32f103xe.o(.text)
    TIM1_BRK_IRQHandler                      0x08000247   Thumb Code     0  startup_stm32f103xe.o(.text)
    TIM1_CC_IRQHandler                       0x08000247   Thumb Code     0  startup_stm32f103xe.o(.text)
    TIM1_TRG_COM_IRQHandler                  0x08000247   Thumb Code     0  startup_stm32f103xe.o(.text)
    TIM1_UP_IRQHandler                       0x08000247   Thumb Code     0  startup_stm32f103xe.o(.text)
    TIM2_IRQHandler                          0x08000247   Thumb Code     0  startup_stm32f103xe.o(.text)
    TIM3_IRQHandler                          0x08000247   Thumb Code     0  startup_stm32f103xe.o(.text)
    TIM5_IRQHandler                          0x08000247   Thumb Code     0  startup_stm32f103xe.o(.text)
    TIM6_IRQHandler                          0x08000247   Thumb Code     0  startup_stm32f103xe.o(.text)
    TIM7_IRQHandler                          0x08000247   Thumb Code     0  startup_stm32f103xe.o(.text)
    TIM8_BRK_IRQHandler                      0x08000247   Thumb Code     0  startup_stm32f103xe.o(.text)
    TIM8_CC_IRQHandler                       0x08000247   Thumb Code     0  startup_stm32f103xe.o(.text)
    TIM8_TRG_COM_IRQHandler                  0x08000247   Thumb Code     0  startup_stm32f103xe.o(.text)
    TIM8_UP_IRQHandler                       0x08000247   Thumb Code     0  startup_stm32f103xe.o(.text)
    UART4_IRQHandler                         0x08000247   Thumb Code     0  startup_stm32f103xe.o(.text)
    UART5_IRQHandler                         0x08000247   Thumb Code     0  startup_stm32f103xe.o(.text)
    USART2_IRQHandler                        0x08000247   Thumb Code     0  startup_stm32f103xe.o(.text)
    USART3_IRQHandler                        0x08000247   Thumb Code     0  startup_stm32f103xe.o(.text)
    USBWakeUp_IRQHandler                     0x08000247   Thumb Code     0  startup_stm32f103xe.o(.text)
    USB_HP_CAN1_TX_IRQHandler                0x08000247   Thumb Code     0  startup_stm32f103xe.o(.text)
    USB_LP_CAN1_RX0_IRQHandler               0x08000247   Thumb Code     0  startup_stm32f103xe.o(.text)
    WWDG_IRQHandler                          0x08000247   Thumb Code     0  startup_stm32f103xe.o(.text)
    __user_initial_stackheap                 0x08000249   Thumb Code     0  startup_stm32f103xe.o(.text)
    __use_no_semihosting                     0x0800026d   Thumb Code     2  use_no_semi_2.o(.text)
    __aeabi_uldivmod                         0x0800026f   Thumb Code     0  lludivv7m.o(.text)
    _ll_udiv                                 0x0800026f   Thumb Code   238  lludivv7m.o(.text)
    __aeabi_ldivmod                          0x0800035d   Thumb Code     0  llsdiv.o(.text)
    _ll_sdiv                                 0x0800035d   Thumb Code    72  llsdiv.o(.text)
    __2printf                                0x080003a5   Thumb Code    20  noretval__2printf.o(.text)
    _printf_pre_padding                      0x080003bd   Thumb Code    44  _printf_pad.o(.text)
    _printf_post_padding                     0x080003e9   Thumb Code    34  _printf_pad.o(.text)
    _printf_str                              0x0800040b   Thumb Code    82  _printf_str.o(.text)
    _printf_int_dec                          0x0800045d   Thumb Code   104  _printf_dec.o(.text)
    _printf_int_hex                          0x080004d5   Thumb Code    84  _printf_hex_int.o(.text)
    _printf_longlong_hex                     0x080004d5   Thumb Code     0  _printf_hex_int.o(.text)
    __printf                                 0x0800052d   Thumb Code   388  __printf_flags_ss_wp.o(.text)
    strcpy                                   0x080006b5   Thumb Code    72  strcpy.o(.text)
    strcat                                   0x080006fd   Thumb Code    24  strcat.o(.text)
    strcmp                                   0x08000715   Thumb Code   128  strcmpv7m.o(.text)
    __use_two_region_memory                  0x08000795   Thumb Code     2  heapauxi.o(.text)
    __rt_heap_escrow$2region                 0x08000797   Thumb Code     2  heapauxi.o(.text)
    __rt_heap_expand$2region                 0x08000799   Thumb Code     2  heapauxi.o(.text)
    __semihosting$guard                      0x0800079b   Thumb Code     0  use_no_semi.o(.text)
    __use_no_semihosting_swi                 0x0800079b   Thumb Code     2  use_no_semi.o(.text)
    _printf_int_common                       0x0800079d   Thumb Code   178  _printf_intcommon.o(.text)
    _printf_cs_common                        0x0800084f   Thumb Code    20  _printf_char.o(.text)
    _printf_char                             0x08000863   Thumb Code    16  _printf_char.o(.text)
    _printf_string                           0x08000873   Thumb Code     8  _printf_char.o(.text)
    _printf_char_file                        0x0800087d   Thumb Code    32  _printf_char_file.o(.text)
    _printf_char_common                      0x080008ab   Thumb Code    32  _printf_char_common.o(.text)
    ferror                                   0x080008d1   Thumb Code     8  ferror.o(.text)
    __user_setup_stackheap                   0x080008d9   Thumb Code    74  sys_stackheap_outer.o(.text)
    exit                                     0x08000923   Thumb Code    18  exit.o(.text)
    __user_libspace                          0x08000935   Thumb Code     8  libspace.o(.text)
    __user_perproc_libspace                  0x08000935   Thumb Code     0  libspace.o(.text)
    __user_perthread_libspace                0x08000935   Thumb Code     0  libspace.o(.text)
    BusFault_Handler                         0x0800093d   Thumb Code     4  stm32f1xx_it.o(i.BusFault_Handler)
    DebugMon_Handler                         0x08000941   Thumb Code     2  stm32f1xx_it.o(i.DebugMon_Handler)
    FSMC_NORSRAM_Extended_Timing_Init        0x08000945   Thumb Code    62  stm32f1xx_ll_fsmc.o(i.FSMC_NORSRAM_Extended_Timing_Init)
    FSMC_NORSRAM_Init                        0x08000989   Thumb Code   116  stm32f1xx_ll_fsmc.o(i.FSMC_NORSRAM_Init)
    FSMC_NORSRAM_Timing_Init                 0x08000a01   Thumb Code    66  stm32f1xx_ll_fsmc.o(i.FSMC_NORSRAM_Timing_Init)
    HAL_DMA_Abort_IT                         0x08000a45   Thumb Code   414  stm32f1xx_hal_dma.o(i.HAL_DMA_Abort_IT)
    HAL_Delay                                0x08000bed   Thumb Code    12  delay.o(i.HAL_Delay)
    HAL_GPIO_Init                            0x08000bf9   Thumb Code   792  stm32f1xx_hal_gpio.o(i.HAL_GPIO_Init)
    HAL_GPIO_ReadPin                         0x08000f39   Thumb Code    16  stm32f1xx_hal_gpio.o(i.HAL_GPIO_ReadPin)
    HAL_GPIO_TogglePin                       0x08000f49   Thumb Code    20  stm32f1xx_hal_gpio.o(i.HAL_GPIO_TogglePin)
    HAL_GPIO_WritePin                        0x08000f5d   Thumb Code    12  stm32f1xx_hal_gpio.o(i.HAL_GPIO_WritePin)
    HAL_GetTick                              0x08000f69   Thumb Code     6  stm32f1xx_hal.o(i.HAL_GetTick)
    HAL_Init                                 0x08000f75   Thumb Code    34  stm32f1xx_hal.o(i.HAL_Init)
    HAL_InitTick                             0x08000f9d   Thumb Code    64  stm32f1xx_hal.o(i.HAL_InitTick)
    HAL_MspInit                              0x08000fe9   Thumb Code     2  stm32f1xx_hal.o(i.HAL_MspInit)
    HAL_NVIC_EnableIRQ                       0x08000feb   Thumb Code    32  stm32f1xx_hal_cortex.o(i.HAL_NVIC_EnableIRQ)
    HAL_NVIC_SetPriority                     0x0800100b   Thumb Code   124  stm32f1xx_hal_cortex.o(i.HAL_NVIC_SetPriority)
    HAL_NVIC_SetPriorityGrouping             0x08001089   Thumb Code    32  stm32f1xx_hal_cortex.o(i.HAL_NVIC_SetPriorityGrouping)
    HAL_RCC_ClockConfig                      0x080010b1   Thumb Code   376  stm32f1xx_hal_rcc.o(i.HAL_RCC_ClockConfig)
    HAL_RCC_GetHCLKFreq                      0x0800123d   Thumb Code     6  stm32f1xx_hal_rcc.o(i.HAL_RCC_GetHCLKFreq)
    HAL_RCC_GetPCLK1Freq                     0x08001249   Thumb Code    22  stm32f1xx_hal_rcc.o(i.HAL_RCC_GetPCLK1Freq)
    HAL_RCC_GetPCLK2Freq                     0x08001269   Thumb Code    22  stm32f1xx_hal_rcc.o(i.HAL_RCC_GetPCLK2Freq)
    HAL_RCC_GetSysClockFreq                  0x08001289   Thumb Code   116  stm32f1xx_hal_rcc.o(i.HAL_RCC_GetSysClockFreq)
    HAL_RCC_OscConfig                        0x0800131d   Thumb Code  1114  stm32f1xx_hal_rcc.o(i.HAL_RCC_OscConfig)
    HAL_SD_GetCardCSD                        0x08001781   Thumb Code   450  stm32f1xx_hal_sd.o(i.HAL_SD_GetCardCSD)
    HAL_SD_GetCardState                      0x08001949   Thumb Code    36  stm32f1xx_hal_sd.o(i.HAL_SD_GetCardState)
    HAL_SD_Init                              0x0800196d   Thumb Code    60  stm32f1xx_hal_sd.o(i.HAL_SD_Init)
    HAL_SD_InitCard                          0x080019a9   Thumb Code   128  stm32f1xx_hal_sd.o(i.HAL_SD_InitCard)
    HAL_SD_MspInit                           0x08001a2d   Thumb Code   324  sdio_sdcard.o(i.HAL_SD_MspInit)
    HAL_SD_ReadBlocks                        0x08001b81   Thumb Code   700  stm32f1xx_hal_sd.o(i.HAL_SD_ReadBlocks)
    HAL_SD_WriteBlocks                       0x08001e41   Thumb Code   590  stm32f1xx_hal_sd.o(i.HAL_SD_WriteBlocks)
    HAL_SPI_Init                             0x08002095   Thumb Code   212  stm32f1xx_hal_spi.o(i.HAL_SPI_Init)
    HAL_SPI_MspInit                          0x08002169   Thumb Code   330  spi.o(i.HAL_SPI_MspInit)
    HAL_SPI_TransmitReceive                  0x080022c9   Thumb Code   750  stm32f1xx_hal_spi.o(i.HAL_SPI_TransmitReceive)
    HAL_SRAM_Init                            0x080025b7   Thumb Code   102  stm32f1xx_hal_sram.o(i.HAL_SRAM_Init)
    HAL_SRAM_MspInit                         0x0800261d   Thumb Code   130  lcd.o(i.HAL_SRAM_MspInit)
    HAL_SYSTICK_CLKSourceConfig              0x080026ad   Thumb Code    40  stm32f1xx_hal_cortex.o(i.HAL_SYSTICK_CLKSourceConfig)
    HAL_SYSTICK_Config                       0x080026d5   Thumb Code    52  stm32f1xx_hal_cortex.o(i.HAL_SYSTICK_Config)
    HAL_TIM_Base_Init                        0x08002709   Thumb Code   102  stm32f1xx_hal_tim.o(i.HAL_TIM_Base_Init)
    HAL_TIM_Base_MspInit                     0x0800276f   Thumb Code     2  stm32f1xx_hal_tim.o(i.HAL_TIM_Base_MspInit)
    HAL_TIM_Base_Start_IT                    0x08002771   Thumb Code   122  stm32f1xx_hal_tim.o(i.HAL_TIM_Base_Start_IT)
    HAL_UART_ErrorCallback                   0x08002801   Thumb Code     2  stm32f1xx_hal_uart.o(i.HAL_UART_ErrorCallback)
    HAL_UART_IRQHandler                      0x08002805   Thumb Code   334  stm32f1xx_hal_uart.o(i.HAL_UART_IRQHandler)
    HAL_UART_Init                            0x08002959   Thumb Code   114  stm32f1xx_hal_uart.o(i.HAL_UART_Init)
    HAL_UART_MspInit                         0x080029cd   Thumb Code   168  usart.o(i.HAL_UART_MspInit)
    HAL_UART_Receive_IT                      0x08002a81   Thumb Code   112  stm32f1xx_hal_uart.o(i.HAL_UART_Receive_IT)
    HAL_UART_RxCpltCallback                  0x08002af1   Thumb Code   120  usart.o(i.HAL_UART_RxCpltCallback)
    HAL_UART_TxCpltCallback                  0x08002b79   Thumb Code     2  stm32f1xx_hal_uart.o(i.HAL_UART_TxCpltCallback)
    HardFault_Handler                        0x08002b7b   Thumb Code     4  stm32f1xx_it.o(i.HardFault_Handler)
    MemManage_Handler                        0x08002b7f   Thumb Code     4  stm32f1xx_it.o(i.MemManage_Handler)
    NMI_Handler                              0x08002b83   Thumb Code     2  stm32f1xx_it.o(i.NMI_Handler)
    SDIO_ConfigData                          0x08002bad   Thumb Code    44  stm32f1xx_ll_sdmmc.o(i.SDIO_ConfigData)
    SDIO_GetCommandResponse                  0x08002bd9   Thumb Code     8  stm32f1xx_ll_sdmmc.o(i.SDIO_GetCommandResponse)
    SDIO_GetPowerState                       0x08002be1   Thumb Code    10  stm32f1xx_ll_sdmmc.o(i.SDIO_GetPowerState)
    SDIO_GetResponse                         0x08002beb   Thumb Code    12  stm32f1xx_ll_sdmmc.o(i.SDIO_GetResponse)
    SDIO_Init                                0x08002bf7   Thumb Code    52  stm32f1xx_ll_sdmmc.o(i.SDIO_Init)
    SDIO_PowerState_ON                       0x08002c2b   Thumb Code    18  stm32f1xx_ll_sdmmc.o(i.SDIO_PowerState_ON)
    SDIO_ReadFIFO                            0x08002c3d   Thumb Code     8  stm32f1xx_ll_sdmmc.o(i.SDIO_ReadFIFO)
    SDIO_SendCommand                         0x08002c45   Thumb Code    40  stm32f1xx_ll_sdmmc.o(i.SDIO_SendCommand)
    SDIO_WriteFIFO                           0x08002c6d   Thumb Code    12  stm32f1xx_ll_sdmmc.o(i.SDIO_WriteFIFO)
    SDMMC_CmdAppCommand                      0x08002c79   Thumb Code    56  stm32f1xx_ll_sdmmc.o(i.SDMMC_CmdAppCommand)
    SDMMC_CmdAppOperCommand                  0x08002cb1   Thumb Code    54  stm32f1xx_ll_sdmmc.o(i.SDMMC_CmdAppOperCommand)
    SDMMC_CmdBlockLength                     0x08002ced   Thumb Code    56  stm32f1xx_ll_sdmmc.o(i.SDMMC_CmdBlockLength)
    SDMMC_CmdGoIdleState                     0x08002d25   Thumb Code    44  stm32f1xx_ll_sdmmc.o(i.SDMMC_CmdGoIdleState)
    SDMMC_CmdOperCond                        0x08002d51   Thumb Code    52  stm32f1xx_ll_sdmmc.o(i.SDMMC_CmdOperCond)
    SDMMC_CmdReadMultiBlock                  0x08002d85   Thumb Code    56  stm32f1xx_ll_sdmmc.o(i.SDMMC_CmdReadMultiBlock)
    SDMMC_CmdReadSingleBlock                 0x08002dbd   Thumb Code    56  stm32f1xx_ll_sdmmc.o(i.SDMMC_CmdReadSingleBlock)
    SDMMC_CmdSelDesel                        0x08002df5   Thumb Code    58  stm32f1xx_ll_sdmmc.o(i.SDMMC_CmdSelDesel)
    SDMMC_CmdSendCID                         0x08002e2f   Thumb Code    50  stm32f1xx_ll_sdmmc.o(i.SDMMC_CmdSendCID)
    SDMMC_CmdSendCSD                         0x08002e61   Thumb Code    50  stm32f1xx_ll_sdmmc.o(i.SDMMC_CmdSendCSD)
    SDMMC_CmdSendStatus                      0x08002e93   Thumb Code    56  stm32f1xx_ll_sdmmc.o(i.SDMMC_CmdSendStatus)
    SDMMC_CmdSetRelAdd                       0x08002ecb   Thumb Code    56  stm32f1xx_ll_sdmmc.o(i.SDMMC_CmdSetRelAdd)
    SDMMC_CmdStopTransfer                    0x08002f05   Thumb Code    54  stm32f1xx_ll_sdmmc.o(i.SDMMC_CmdStopTransfer)
    SDMMC_CmdWriteMultiBlock                 0x08002f41   Thumb Code    56  stm32f1xx_ll_sdmmc.o(i.SDMMC_CmdWriteMultiBlock)
    SDMMC_CmdWriteSingleBlock                0x08002f79   Thumb Code    56  stm32f1xx_ll_sdmmc.o(i.SDMMC_CmdWriteSingleBlock)
    SPI_ISCRCErrorValid                      0x080035a5   Thumb Code     6  stm32f1xx_hal_spi.o(i.SPI_ISCRCErrorValid)
    SVC_Handler                              0x08003685   Thumb Code     2  stm32f1xx_it.o(i.SVC_Handler)
    SystemInit                               0x08003687   Thumb Code     2  system_stm32f1xx.o(i.SystemInit)
    TIM4_IRQHandler                          0x08003689   Thumb Code    58  usmart_port.o(i.TIM4_IRQHandler)
    TIM_Base_SetConfig                       0x080036cd   Thumb Code   134  stm32f1xx_hal_tim.o(i.TIM_Base_SetConfig)
    USART1_IRQHandler                        0x080039b9   Thumb Code    26  usart.o(i.USART1_IRQHandler)
    UsageFault_Handler                       0x080039dd   Thumb Code     4  stm32f1xx_it.o(i.UsageFault_Handler)
    _is_digit                                0x08003a19   Thumb Code    14  __printf_wp.o(i._is_digit)
    _sys_exit                                0x08003a27   Thumb Code     4  usart.o(i._sys_exit)
    atk_mo1053_get_bitrate                   0x08003a2d   Thumb Code   160  atk_mo1053.o(i.atk_mo1053_get_bitrate)
    atk_mo1053_get_byterate                  0x08003ad1   Thumb Code    12  atk_mo1053.o(i.atk_mo1053_get_byterate)
    atk_mo1053_get_decode_time               0x08003add   Thumb Code    16  atk_mo1053.o(i.atk_mo1053_get_decode_time)
    atk_mo1053_init                          0x08003aed   Thumb Code   208  atk_mo1053.o(i.atk_mo1053_init)
    atk_mo1053_load_patch                    0x08003bcd   Thumb Code   112  atk_mo1053.o(i.atk_mo1053_load_patch)
    atk_mo1053_ram_test                      0x08003c3d   Thumb Code   126  atk_mo1053.o(i.atk_mo1053_ram_test)
    atk_mo1053_read_reg                      0x08003cdd   Thumb Code   114  atk_mo1053.o(i.atk_mo1053_read_reg)
    atk_mo1053_reset                         0x08003d59   Thumb Code   112  atk_mo1053.o(i.atk_mo1053_reset)
    atk_mo1053_reset_decode_time             0x08003dd5   Thumb Code    20  atk_mo1053.o(i.atk_mo1053_reset_decode_time)
    atk_mo1053_restart_play                  0x08003de9   Thumb Code   182  atk_mo1053.o(i.atk_mo1053_restart_play)
    atk_mo1053_send_music_data               0x08003ea1   Thumb Code    70  atk_mo1053.o(i.atk_mo1053_send_music_data)
    atk_mo1053_set_all                       0x08003ef1   Thumb Code    42  atk_mo1053.o(i.atk_mo1053_set_all)
    atk_mo1053_set_effect                    0x08003f21   Thumb Code    50  atk_mo1053.o(i.atk_mo1053_set_effect)
    atk_mo1053_set_speaker                   0x08003f53   Thumb Code    26  atk_mo1053.o(i.atk_mo1053_set_speaker)
    atk_mo1053_set_tone                      0x08003f6d   Thumb Code    82  atk_mo1053.o(i.atk_mo1053_set_tone)
    atk_mo1053_set_volume                    0x08003fbf   Thumb Code    38  atk_mo1053.o(i.atk_mo1053_set_volume)
    atk_mo1053_sine_test                     0x08003fe5   Thumb Code   376  atk_mo1053.o(i.atk_mo1053_sine_test)
    atk_mo1053_soft_reset                    0x08004165   Thumb Code   136  atk_mo1053.o(i.atk_mo1053_soft_reset)
    atk_mo1053_spi_read_write_byte           0x080041f1   Thumb Code    12  atk_mo1053.o(i.atk_mo1053_spi_read_write_byte)
    atk_mo1053_spi_speed_high                0x080041fd   Thumb Code    10  atk_mo1053.o(i.atk_mo1053_spi_speed_high)
    atk_mo1053_spi_speed_low                 0x08004207   Thumb Code    10  atk_mo1053.o(i.atk_mo1053_spi_speed_low)
    atk_mo1053_write_cmd                     0x08004211   Thumb Code    98  atk_mo1053.o(i.atk_mo1053_write_cmd)
    audio_get_tnum                           0x080042a9   Thumb Code    94  demo.o(i.audio_get_tnum)
    audio_msg_show                           0x08004309   Thumb Code   376  demo.o(i.audio_msg_show)
    audio_play_song                          0x08004495   Thumb Code   242  demo.o(i.audio_play_song)
    delay_init                               0x08004d0d   Thumb Code    34  delay.o(i.delay_init)
    delay_ms                                 0x08004d35   Thumb Code    50  delay.o(i.delay_ms)
    delay_us                                 0x08004d6d   Thumb Code    72  delay.o(i.delay_us)
    demo_run                                 0x08004ee5   Thumb Code   342  demo.o(i.demo_run)
    dir_sdi                                  0x08005b05   Thumb Code   170  ff.o(i.dir_sdi)
    disk_initialize                          0x08005baf   Thumb Code    44  diskio.o(i.disk_initialize)
    disk_ioctl                               0x08005bdd   Thumb Code   176  diskio.o(i.disk_ioctl)
    disk_read                                0x08005c91   Thumb Code   126  diskio.o(i.disk_read)
    disk_status                              0x08005d0f   Thumb Code     6  diskio.o(i.disk_status)
    disk_write                               0x08005d15   Thumb Code   126  diskio.o(i.disk_write)
    exfuns_char_upper                        0x08005d93   Thumb Code    26  exfuns.o(i.exfuns_char_upper)
    exfuns_file_type                         0x08005dad   Thumb Code   186  exfuns.o(i.exfuns_file_type)
    exfuns_init                              0x08005e6d   Thumb Code    64  exfuns.o(i.exfuns_init)
    f_close                                  0x08005eb1   Thumb Code    38  ff.o(i.f_close)
    f_mount                                  0x08005ed9   Thumb Code    80  ff.o(i.f_mount)
    f_open                                   0x08005f2d   Thumb Code   778  ff.o(i.f_open)
    f_opendir                                0x08006237   Thumb Code   184  ff.o(i.f_opendir)
    f_read                                   0x080062ef   Thumb Code   552  ff.o(i.f_read)
    f_readdir                                0x08006517   Thumb Code   112  ff.o(i.f_readdir)
    f_sync                                   0x08006587   Thumb Code   424  ff.o(i.f_sync)
    ff_memalloc                              0x0800672f   Thumb Code    14  ffsystem.o(i.ff_memalloc)
    ff_memfree                               0x0800673d   Thumb Code    14  ffsystem.o(i.ff_memfree)
    ff_oem2uni                               0x0800674d   Thumb Code   130  myffunicode.o(i.ff_oem2uni)
    ff_uni2oem                               0x080067d5   Thumb Code   126  myffunicode.o(i.ff_uni2oem)
    ff_wtoupper                              0x08006859   Thumb Code   166  myffunicode.o(i.ff_wtoupper)
    fonts_init                               0x08006b65   Thumb Code    60  fonts.o(i.fonts_init)
    fputc                                    0x08006ba5   Thumb Code    24  usart.o(i.fputc)
    get_fattime                              0x08006e1d   Thumb Code     4  ffsystem.o(i.get_fattime)
    get_sd_card_state                        0x08007001   Thumb Code    20  sdio_sdcard.o(i.get_sd_card_state)
    key_init                                 0x08007125   Thumb Code   172  key.o(i.key_init)
    key_scan                                 0x080071dd   Thumb Code   148  key.o(i.key_scan)
    lcd_clear                                0x0800727d   Thumb Code    42  lcd.o(i.lcd_clear)
    lcd_display_dir                          0x080072b1   Thumb Code   298  lcd.o(i.lcd_display_dir)
    lcd_draw_point                           0x080073e1   Thumb Code    26  lcd.o(i.lcd_draw_point)
    lcd_ex_ili9341_reginit                   0x08007401   Thumb Code   556  lcd.o(i.lcd_ex_ili9341_reginit)
    lcd_ex_nt35310_reginit                   0x0800762d   Thumb Code  3826  lcd.o(i.lcd_ex_nt35310_reginit)
    lcd_ex_nt35510_reginit                   0x0800851f   Thumb Code  3836  lcd.o(i.lcd_ex_nt35510_reginit)
    lcd_ex_ssd1963_reginit                   0x0800941b   Thumb Code   366  lcd.o(i.lcd_ex_ssd1963_reginit)
    lcd_ex_st7789_reginit                    0x08009589   Thumb Code   424  lcd.o(i.lcd_ex_st7789_reginit)
    lcd_fill                                 0x08009731   Thumb Code    80  lcd.o(i.lcd_fill)
    lcd_init                                 0x08009785   Thumb Code   898  lcd.o(i.lcd_init)
    lcd_scan_dir                             0x08009b6d   Thumb Code   556  lcd.o(i.lcd_scan_dir)
    lcd_set_cursor                           0x08009d9d   Thumb Code   282  lcd.o(i.lcd_set_cursor)
    lcd_show_char                            0x08009ebd   Thumb Code   294  lcd.o(i.lcd_show_char)
    lcd_show_string                          0x08009ffd   Thumb Code   106  lcd.o(i.lcd_show_string)
    lcd_show_xnum                            0x0800a067   Thumb Code   198  lcd.o(i.lcd_show_xnum)
    lcd_ssd_backlight_set                    0x0800a12d   Thumb Code    80  lcd.o(i.lcd_ssd_backlight_set)
    lcd_wr_data                              0x0800a181   Thumb Code    18  lcd.o(i.lcd_wr_data)
    lcd_wr_regno                             0x0800a199   Thumb Code    18  lcd.o(i.lcd_wr_regno)
    lcd_write_ram_prepare                    0x0800a1b1   Thumb Code    10  lcd.o(i.lcd_write_ram_prepare)
    lcd_write_reg                            0x0800a1c5   Thumb Code    10  lcd.o(i.lcd_write_reg)
    led_init                                 0x0800a281   Thumb Code   132  led.o(i.led_init)
    main                                     0x0800a461   Thumb Code    60  main.o(i.main)
    mf_free                                  0x0800a4f1   Thumb Code    26  fattester.o(i.mf_free)
    mf_init                                  0x0800a511   Thumb Code    58  fattester.o(i.mf_init)
    my_mem_init                              0x0800aa65   Thumb Code    38  malloc.o(i.my_mem_init)
    my_mem_perused                           0x0800ab3d   Thumb Code    56  malloc.o(i.my_mem_perused)
    my_mem_set                               0x0800ab7d   Thumb Code    20  malloc.o(i.my_mem_set)
    myfree                                   0x0800ab91   Thumb Code    30  malloc.o(i.myfree)
    mymalloc                                 0x0800abb5   Thumb Code    34  malloc.o(i.mymalloc)
    norflash_erase_sector                    0x0800abdd   Thumb Code    62  norflash.o(i.norflash_erase_sector)
    norflash_init                            0x0800ac21   Thumb Code   174  norflash.o(i.norflash_init)
    norflash_read                            0x0800acdd   Thumb Code    76  norflash.o(i.norflash_read)
    norflash_read_id                         0x0800ad2d   Thumb Code    76  norflash.o(i.norflash_read_id)
    norflash_read_sr                         0x0800ad7d   Thumb Code    88  norflash.o(i.norflash_read_sr)
    norflash_write                           0x0800ae21   Thumb Code   180  norflash.o(i.norflash_write)
    norflash_write_enable                    0x0800aed9   Thumb Code    40  norflash.o(i.norflash_write_enable)
    norflash_write_sr                        0x0800afa5   Thumb Code    84  norflash.o(i.norflash_write_sr)
    read_addr                                0x0800b28f   Thumb Code     6  usmart.o(i.read_addr)
    sd_init                                  0x0800b3e1   Thumb Code    48  sdio_sdcard.o(i.sd_init)
    sd_read_disk                             0x0800b419   Thumb Code    72  sdio_sdcard.o(i.sd_read_disk)
    sd_write_disk                            0x0800b469   Thumb Code    72  sdio_sdcard.o(i.sd_write_disk)
    show_mesg                                0x0800b4b9   Thumb Code   160  main.o(i.show_mesg)
    spi1_init                                0x0800b5e1   Thumb Code   110  spi.o(i.spi1_init)
    spi1_read_write_byte                     0x0800b65d   Thumb Code    50  spi.o(i.spi1_read_write_byte)
    spi1_set_speed                           0x0800b695   Thumb Code    72  spi.o(i.spi1_set_speed)
    spi2_init                                0x0800b6e1   Thumb Code   110  spi.o(i.spi2_init)
    spi2_read_write_byte                     0x0800b75d   Thumb Code    28  spi.o(i.spi2_read_write_byte)
    spi2_set_speed                           0x0800b77d   Thumb Code    68  spi.o(i.spi2_set_speed)
    sram_init                                0x0800b7c5   Thumb Code   424  sram.o(i.sram_init)
    sys_stm32_clock_init                     0x0800bb9b   Thumb Code    86  sys.o(i.sys_stm32_clock_init)
    text_show_font                           0x0800bd1d   Thumb Code   218  text.o(i.text_show_font)
    text_show_string                         0x0800bdfd   Thumb Code   198  text.o(i.text_show_string)
    usart_init                               0x0800bec5   Thumb Code    44  usart.o(i.usart_init)
    usmart_cmd_rec                           0x0800befd   Thumb Code   170  usmart.o(i.usmart_cmd_rec)
    usmart_exe                               0x0800bfad   Thumb Code   632  usmart.o(i.usmart_exe)
    usmart_get_aparm                         0x0800c281   Thumb Code   212  usmart_str.o(i.usmart_get_aparm)
    usmart_get_cmdname                       0x0800c355   Thumb Code    54  usmart_str.o(i.usmart_get_cmdname)
    usmart_get_fname                         0x0800c38d   Thumb Code   440  usmart_str.o(i.usmart_get_fname)
    usmart_get_fparam                        0x0800c54d   Thumb Code   262  usmart_str.o(i.usmart_get_fparam)
    usmart_get_input_string                  0x0800c659   Thumb Code    30  usmart_port.o(i.usmart_get_input_string)
    usmart_get_parmpos                       0x0800c681   Thumb Code    26  usmart_str.o(i.usmart_get_parmpos)
    usmart_init                              0x0800c6a1   Thumb Code    36  usmart.o(i.usmart_init)
    usmart_pow                               0x0800c6c9   Thumb Code    22  usmart_str.o(i.usmart_pow)
    usmart_scan                              0x0800c6e1   Thumb Code   106  usmart.o(i.usmart_scan)
    usmart_search_nextc                      0x0800c789   Thumb Code    22  usmart_str.o(i.usmart_search_nextc)
    usmart_str2num                           0x0800c79f   Thumb Code   262  usmart_str.o(i.usmart_str2num)
    usmart_strcmp                            0x0800c8a5   Thumb Code    34  usmart_str.o(i.usmart_strcmp)
    usmart_strcopy                           0x0800c8c7   Thumb Code    22  usmart_str.o(i.usmart_strcopy)
    usmart_strlen                            0x0800c8dd   Thumb Code    24  usmart_str.o(i.usmart_strlen)
    usmart_sys_cmd_exe                       0x0800c8f5   Thumb Code  1570  usmart.o(i.usmart_sys_cmd_exe)
    usmart_timx_get_time                     0x0800cfe9   Thumb Code    58  usmart_port.o(i.usmart_timx_get_time)
    usmart_timx_init                         0x0800d02d   Thumb Code    84  usmart_port.o(i.usmart_timx_init)
    usmart_timx_reset_time                   0x0800d08d   Thumb Code    44  usmart_port.o(i.usmart_timx_reset_time)
    write_addr                               0x0800d109   Thumb Code     4  usmart.o(i.write_addr)
    __aeabi_d2uiz                            0x0800d195   Thumb Code     0  dfixu.o(x$fpl$dfixu)
    _dfixu                                   0x0800d195   Thumb Code    90  dfixu.o(x$fpl$dfixu)
    __aeabi_ui2d                             0x0800d1ef   Thumb Code     0  dflt_clz.o(x$fpl$dfltu)
    _dfltu                                   0x0800d1ef   Thumb Code    38  dflt_clz.o(x$fpl$dfltu)
    __aeabi_dmul                             0x0800d215   Thumb Code     0  dmul.o(x$fpl$dmul)
    _dmul                                    0x0800d215   Thumb Code   332  dmul.o(x$fpl$dmul)
    __fpl_dnaninf                            0x0800d369   Thumb Code   156  dnaninf.o(x$fpl$dnaninf)
    __fpl_dretinf                            0x0800d405   Thumb Code    12  dretinf.o(x$fpl$dretinf)
    AHBPrescTable                            0x0800d410   Data          16  system_stm32f1xx.o(.constdata)
    __I$use$fp                               0x0800d410   Number         0  usenofp.o(x$fpl$usenofp)
    APBPrescTable                            0x0800d420   Data           8  system_stm32f1xx.o(.constdata)
    asc2_1206                                0x0800fe9a   Data        1140  lcd.o(.constdata)
    asc2_1608                                0x0801030e   Data        1520  lcd.o(.constdata)
    asc2_2412                                0x080108fe   Data        3420  lcd.o(.constdata)
    asc2_3216                                0x0801165a   Data        6080  lcd.o(.constdata)
    g_bitrate                                0x08012e1a   Data          64  atk_mo1053.o(.constdata)
    FILE_TYPE_TBL                            0x08012e5c   Data         196  exfuns.o(.constdata)
    memtblsize                               0x08013228   Data           8  malloc.o(.constdata)
    memblksize                               0x08013230   Data           8  malloc.o(.constdata)
    memsize                                  0x08013238   Data           8  malloc.o(.constdata)
    Region$$Table$$Base                      0x080134d4   Number         0  anon$$obj.o(Region$$Table)
    Region$$Table$$Limit                     0x080134f4   Number         0  anon$$obj.o(Region$$Table)
    SystemCoreClock                          0x20000000   Data           4  system_stm32f1xx.o(.data)
    __stdout                                 0x2000000c   Data           4  usart.o(.data)
    g_usart_rx_sta                           0x20000010   Data           2  usart.o(.data)
    g_rx_buffer                              0x20000012   Data           1  usart.o(.data)
    uwTick                                   0x20000014   Data           4  stm32f1xx_hal.o(.data)
    uwTickPrio                               0x20000018   Data           4  stm32f1xx_hal.o(.data)
    uwTickFreq                               0x2000001c   Data           1  stm32f1xx_hal.o(.data)
    g_point_color                            0x20000020   Data           4  lcd.o(.data)
    g_back_color                             0x20000024   Data           4  lcd.o(.data)
    vsset                                    0x20000029   Data           8  atk_mo1053.o(.data)
    g_norflash_type                          0x20000032   Data           2  norflash.o(.data)
    fs                                       0x20000034   Data           8  exfuns.o(.data)
    mallco_dev                               0x20000048   Data          28  malloc.o(.data)
    sys_cmd_tab                              0x20000064   Data          28  usmart.o(.data)
    usmart_nametab                           0x20000080   Data          80  usmart_config.o(.data)
    usmart_dev                               0x200000d0   Data         244  usmart_config.o(.data)
    g_usart_rx_buf                           0x200001c4   Data         200  usart.o(.bss)
    g_uart1_handle                           0x2000028c   Data          64  usart.o(.bss)
    g_sram_handle                            0x200002cc   Data          72  lcd.o(.bss)
    lcddev                                   0x20000314   Data          14  lcd.o(.bss)
    g_spi2_handler                           0x20000324   Data          88  spi.o(.bss)
    g_spi1_handler                           0x2000037c   Data          88  spi.o(.bss)
    g_sdcard_handler                         0x200003d4   Data         132  sdio_sdcard.o(.bss)
    g_sd_card_info_handle                    0x20000458   Data          32  sdio_sdcard.o(.bss)
    g_sd_data_buffer                         0x20000478   Data         512  sdio_sdcard.o(.bss)
    g_sram_handler                           0x20000678   Data          72  sram.o(.bss)
    g_norflash_buf                           0x200006c0   Data        4096  norflash.o(.bss)
    fattester                                0x200016c0   Data         384  fattester.o(.bss)
    ftinfo                                   0x2000c240   Data          33  fonts.o(.bss)
    g_timx_usmart_handle                     0x2000c264   Data          72  usmart_port.o(.bss)
    __libspace_start                         0x2000c2ac   Data          96  libspace.o(.bss)
    __temporary_stack_top$libspace           0x2000c30c   Data           0  libspace.o(.bss)



==============================================================================

Memory Map of the image

  Image Entry point : 0x08000131

  Load Region LR_IROM1 (Base: 0x08000000, Size: 0x000136b8, Max: 0x00080000, ABSOLUTE, COMPRESSED[0x00013594])

    Execution Region ER_IROM1 (Exec base: 0x08000000, Load base: 0x08000000, Size: 0x000134f4, Max: 0x00080000, ABSOLUTE)

    Exec Addr    Load Addr    Size         Type   Attr      Idx    E Section Name        Object

    0x08000000   0x08000000   0x00000130   Data   RO            3    RESET               startup_stm32f103xe.o
    0x08000130   0x08000130   0x00000008   Code   RO         6368  * !!!main             c_w.l(__main.o)
    0x08000138   0x08000138   0x00000034   Code   RO         6591    !!!scatter          c_w.l(__scatter.o)
    0x0800016c   0x0800016c   0x0000005a   Code   RO         6589    !!dczerorl2         c_w.l(__dczerorl2.o)
    0x080001c6   0x080001c6   0x00000002   PAD
    0x080001c8   0x080001c8   0x0000001c   Code   RO         6593    !!handler_zi        c_w.l(__scatter_zi.o)
    0x080001e4   0x080001e4   0x00000000   Code   RO         6356    .ARM.Collect$$_printf_percent$$00000000  c_w.l(_printf_percent.o)
    0x080001e4   0x080001e4   0x00000006   Code   RO         6354    .ARM.Collect$$_printf_percent$$00000009  c_w.l(_printf_d.o)
    0x080001ea   0x080001ea   0x00000006   Code   RO         6355    .ARM.Collect$$_printf_percent$$0000000A  c_w.l(_printf_u.o)
    0x080001f0   0x080001f0   0x00000006   Code   RO         6353    .ARM.Collect$$_printf_percent$$0000000C  c_w.l(_printf_x.o)
    0x080001f6   0x080001f6   0x00000006   Code   RO         6351    .ARM.Collect$$_printf_percent$$00000013  c_w.l(_printf_c.o)
    0x080001fc   0x080001fc   0x00000006   Code   RO         6352    .ARM.Collect$$_printf_percent$$00000014  c_w.l(_printf_s.o)
    0x08000202   0x08000202   0x00000004   Code   RO         6415    .ARM.Collect$$_printf_percent$$00000017  c_w.l(_printf_percent_end.o)
    0x08000206   0x08000206   0x00000002   Code   RO         6466    .ARM.Collect$$libinit$$00000000  c_w.l(libinit.o)
    0x08000208   0x08000208   0x00000000   Code   RO         6479    .ARM.Collect$$libinit$$00000002  c_w.l(libinit2.o)
    0x08000208   0x08000208   0x00000000   Code   RO         6481    .ARM.Collect$$libinit$$00000004  c_w.l(libinit2.o)
    0x08000208   0x08000208   0x00000000   Code   RO         6484    .ARM.Collect$$libinit$$0000000A  c_w.l(libinit2.o)
    0x08000208   0x08000208   0x00000000   Code   RO         6486    .ARM.Collect$$libinit$$0000000C  c_w.l(libinit2.o)
    0x08000208   0x08000208   0x00000000   Code   RO         6488    .ARM.Collect$$libinit$$0000000E  c_w.l(libinit2.o)
    0x08000208   0x08000208   0x00000000   Code   RO         6491    .ARM.Collect$$libinit$$00000011  c_w.l(libinit2.o)
    0x08000208   0x08000208   0x00000000   Code   RO         6493    .ARM.Collect$$libinit$$00000013  c_w.l(libinit2.o)
    0x08000208   0x08000208   0x00000000   Code   RO         6495    .ARM.Collect$$libinit$$00000015  c_w.l(libinit2.o)
    0x08000208   0x08000208   0x00000000   Code   RO         6497    .ARM.Collect$$libinit$$00000017  c_w.l(libinit2.o)
    0x08000208   0x08000208   0x00000000   Code   RO         6499    .ARM.Collect$$libinit$$00000019  c_w.l(libinit2.o)
    0x08000208   0x08000208   0x00000000   Code   RO         6501    .ARM.Collect$$libinit$$0000001B  c_w.l(libinit2.o)
    0x08000208   0x08000208   0x00000000   Code   RO         6503    .ARM.Collect$$libinit$$0000001D  c_w.l(libinit2.o)
    0x08000208   0x08000208   0x00000000   Code   RO         6505    .ARM.Collect$$libinit$$0000001F  c_w.l(libinit2.o)
    0x08000208   0x08000208   0x00000000   Code   RO         6507    .ARM.Collect$$libinit$$00000021  c_w.l(libinit2.o)
    0x08000208   0x08000208   0x00000000   Code   RO         6509    .ARM.Collect$$libinit$$00000023  c_w.l(libinit2.o)
    0x08000208   0x08000208   0x00000000   Code   RO         6511    .ARM.Collect$$libinit$$00000025  c_w.l(libinit2.o)
    0x08000208   0x08000208   0x00000000   Code   RO         6515    .ARM.Collect$$libinit$$0000002C  c_w.l(libinit2.o)
    0x08000208   0x08000208   0x00000000   Code   RO         6517    .ARM.Collect$$libinit$$0000002E  c_w.l(libinit2.o)
    0x08000208   0x08000208   0x00000000   Code   RO         6519    .ARM.Collect$$libinit$$00000030  c_w.l(libinit2.o)
    0x08000208   0x08000208   0x00000000   Code   RO         6521    .ARM.Collect$$libinit$$00000032  c_w.l(libinit2.o)
    0x08000208   0x08000208   0x00000002   Code   RO         6522    .ARM.Collect$$libinit$$00000033  c_w.l(libinit2.o)
    0x0800020a   0x0800020a   0x00000002   Code   RO         6546    .ARM.Collect$$libshutdown$$00000000  c_w.l(libshutdown.o)
    0x0800020c   0x0800020c   0x00000000   Code   RO         6570    .ARM.Collect$$libshutdown$$00000002  c_w.l(libshutdown2.o)
    0x0800020c   0x0800020c   0x00000000   Code   RO         6572    .ARM.Collect$$libshutdown$$00000004  c_w.l(libshutdown2.o)
    0x0800020c   0x0800020c   0x00000000   Code   RO         6574    .ARM.Collect$$libshutdown$$00000006  c_w.l(libshutdown2.o)
    0x0800020c   0x0800020c   0x00000000   Code   RO         6577    .ARM.Collect$$libshutdown$$00000009  c_w.l(libshutdown2.o)
    0x0800020c   0x0800020c   0x00000000   Code   RO         6580    .ARM.Collect$$libshutdown$$0000000C  c_w.l(libshutdown2.o)
    0x0800020c   0x0800020c   0x00000000   Code   RO         6582    .ARM.Collect$$libshutdown$$0000000E  c_w.l(libshutdown2.o)
    0x0800020c   0x0800020c   0x00000000   Code   RO         6585    .ARM.Collect$$libshutdown$$00000011  c_w.l(libshutdown2.o)
    0x0800020c   0x0800020c   0x00000002   Code   RO         6586    .ARM.Collect$$libshutdown$$00000012  c_w.l(libshutdown2.o)
    0x0800020e   0x0800020e   0x00000000   Code   RO         6402    .ARM.Collect$$rtentry$$00000000  c_w.l(__rtentry.o)
    0x0800020e   0x0800020e   0x00000000   Code   RO         6429    .ARM.Collect$$rtentry$$00000002  c_w.l(__rtentry2.o)
    0x0800020e   0x0800020e   0x00000006   Code   RO         6441    .ARM.Collect$$rtentry$$00000004  c_w.l(__rtentry4.o)
    0x08000214   0x08000214   0x00000000   Code   RO         6431    .ARM.Collect$$rtentry$$00000009  c_w.l(__rtentry2.o)
    0x08000214   0x08000214   0x00000004   Code   RO         6432    .ARM.Collect$$rtentry$$0000000A  c_w.l(__rtentry2.o)
    0x08000218   0x08000218   0x00000000   Code   RO         6434    .ARM.Collect$$rtentry$$0000000C  c_w.l(__rtentry2.o)
    0x08000218   0x08000218   0x00000008   Code   RO         6435    .ARM.Collect$$rtentry$$0000000D  c_w.l(__rtentry2.o)
    0x08000220   0x08000220   0x00000002   Code   RO         6470    .ARM.Collect$$rtexit$$00000000  c_w.l(rtexit.o)
    0x08000222   0x08000222   0x00000000   Code   RO         6524    .ARM.Collect$$rtexit$$00000002  c_w.l(rtexit2.o)
    0x08000222   0x08000222   0x00000004   Code   RO         6525    .ARM.Collect$$rtexit$$00000003  c_w.l(rtexit2.o)
    0x08000226   0x08000226   0x00000006   Code   RO         6526    .ARM.Collect$$rtexit$$00000004  c_w.l(rtexit2.o)
    0x0800022c   0x0800022c   0x00000040   Code   RO            4    .text               startup_stm32f103xe.o
    0x0800026c   0x0800026c   0x00000002   Code   RO         6290    .text               c_w.l(use_no_semi_2.o)
    0x0800026e   0x0800026e   0x000000ee   Code   RO         6292    .text               c_w.l(lludivv7m.o)
    0x0800035c   0x0800035c   0x00000048   Code   RO         6294    .text               c_w.l(llsdiv.o)
    0x080003a4   0x080003a4   0x00000018   Code   RO         6298    .text               c_w.l(noretval__2printf.o)
    0x080003bc   0x080003bc   0x0000004e   Code   RO         6302    .text               c_w.l(_printf_pad.o)
    0x0800040a   0x0800040a   0x00000052   Code   RO         6304    .text               c_w.l(_printf_str.o)
    0x0800045c   0x0800045c   0x00000078   Code   RO         6306    .text               c_w.l(_printf_dec.o)
    0x080004d4   0x080004d4   0x00000058   Code   RO         6313    .text               c_w.l(_printf_hex_int.o)
    0x0800052c   0x0800052c   0x00000188   Code   RO         6348    .text               c_w.l(__printf_flags_ss_wp.o)
    0x080006b4   0x080006b4   0x00000048   Code   RO         6358    .text               c_w.l(strcpy.o)
    0x080006fc   0x080006fc   0x00000018   Code   RO         6362    .text               c_w.l(strcat.o)
    0x08000714   0x08000714   0x00000080   Code   RO         6364    .text               c_w.l(strcmpv7m.o)
    0x08000794   0x08000794   0x00000006   Code   RO         6366    .text               c_w.l(heapauxi.o)
    0x0800079a   0x0800079a   0x00000002   Code   RO         6400    .text               c_w.l(use_no_semi.o)
    0x0800079c   0x0800079c   0x000000b2   Code   RO         6409    .text               c_w.l(_printf_intcommon.o)
    0x0800084e   0x0800084e   0x0000002c   Code   RO         6411    .text               c_w.l(_printf_char.o)
    0x0800087a   0x0800087a   0x00000002   PAD
    0x0800087c   0x0800087c   0x00000024   Code   RO         6413    .text               c_w.l(_printf_char_file.o)
    0x080008a0   0x080008a0   0x00000030   Code   RO         6445    .text               c_w.l(_printf_char_common.o)
    0x080008d0   0x080008d0   0x00000008   Code   RO         6447    .text               c_w.l(ferror.o)
    0x080008d8   0x080008d8   0x0000004a   Code   RO         6451    .text               c_w.l(sys_stackheap_outer.o)
    0x08000922   0x08000922   0x00000012   Code   RO         6455    .text               c_w.l(exit.o)
    0x08000934   0x08000934   0x00000008   Code   RO         6467    .text               c_w.l(libspace.o)
    0x0800093c   0x0800093c   0x00000004   Code   RO          296    i.BusFault_Handler  stm32f1xx_it.o
    0x08000940   0x08000940   0x00000002   Code   RO          297    i.DebugMon_Handler  stm32f1xx_it.o
    0x08000942   0x08000942   0x00000002   PAD
    0x08000944   0x08000944   0x00000044   Code   RO         2291    i.FSMC_NORSRAM_Extended_Timing_Init  stm32f1xx_ll_fsmc.o
    0x08000988   0x08000988   0x00000078   Code   RO         2292    i.FSMC_NORSRAM_Init  stm32f1xx_ll_fsmc.o
    0x08000a00   0x08000a00   0x00000042   Code   RO         2293    i.FSMC_NORSRAM_Timing_Init  stm32f1xx_ll_fsmc.o
    0x08000a42   0x08000a42   0x00000002   PAD
    0x08000a44   0x08000a44   0x000001a8   Code   RO         1088    i.HAL_DMA_Abort_IT  stm32f1xx_hal_dma.o
    0x08000bec   0x08000bec   0x0000000c   Code   RO          596    i.HAL_Delay         delay.o
    0x08000bf8   0x08000bf8   0x00000340   Code   RO         1184    i.HAL_GPIO_Init     stm32f1xx_hal_gpio.o
    0x08000f38   0x08000f38   0x00000010   Code   RO         1186    i.HAL_GPIO_ReadPin  stm32f1xx_hal_gpio.o
    0x08000f48   0x08000f48   0x00000014   Code   RO         1187    i.HAL_GPIO_TogglePin  stm32f1xx_hal_gpio.o
    0x08000f5c   0x08000f5c   0x0000000c   Code   RO         1188    i.HAL_GPIO_WritePin  stm32f1xx_hal_gpio.o
    0x08000f68   0x08000f68   0x0000000c   Code   RO          801    i.HAL_GetTick       stm32f1xx_hal.o
    0x08000f74   0x08000f74   0x00000028   Code   RO          808    i.HAL_Init          stm32f1xx_hal.o
    0x08000f9c   0x08000f9c   0x0000004c   Code   RO          809    i.HAL_InitTick      stm32f1xx_hal.o
    0x08000fe8   0x08000fe8   0x00000002   Code   RO          811    i.HAL_MspInit       stm32f1xx_hal.o
    0x08000fea   0x08000fea   0x00000020   Code   RO          966    i.HAL_NVIC_EnableIRQ  stm32f1xx_hal_cortex.o
    0x0800100a   0x0800100a   0x0000007c   Code   RO          972    i.HAL_NVIC_SetPriority  stm32f1xx_hal_cortex.o
    0x08001086   0x08001086   0x00000002   PAD
    0x08001088   0x08001088   0x00000028   Code   RO          973    i.HAL_NVIC_SetPriorityGrouping  stm32f1xx_hal_cortex.o
    0x080010b0   0x080010b0   0x0000018c   Code   RO         1409    i.HAL_RCC_ClockConfig  stm32f1xx_hal_rcc.o
    0x0800123c   0x0800123c   0x0000000c   Code   RO         1414    i.HAL_RCC_GetHCLKFreq  stm32f1xx_hal_rcc.o
    0x08001248   0x08001248   0x00000020   Code   RO         1416    i.HAL_RCC_GetPCLK1Freq  stm32f1xx_hal_rcc.o
    0x08001268   0x08001268   0x00000020   Code   RO         1417    i.HAL_RCC_GetPCLK2Freq  stm32f1xx_hal_rcc.o
    0x08001288   0x08001288   0x00000094   Code   RO         1418    i.HAL_RCC_GetSysClockFreq  stm32f1xx_hal_rcc.o
    0x0800131c   0x0800131c   0x00000464   Code   RO         1421    i.HAL_RCC_OscConfig  stm32f1xx_hal_rcc.o
    0x08001780   0x08001780   0x000001c8   Code   RO         3401    i.HAL_SD_GetCardCSD  stm32f1xx_hal_sd.o
    0x08001948   0x08001948   0x00000024   Code   RO         3403    i.HAL_SD_GetCardState  stm32f1xx_hal_sd.o
    0x0800196c   0x0800196c   0x0000003c   Code   RO         3408    i.HAL_SD_Init       stm32f1xx_hal_sd.o
    0x080019a8   0x080019a8   0x00000084   Code   RO         3409    i.HAL_SD_InitCard   stm32f1xx_hal_sd.o
    0x08001a2c   0x08001a2c   0x00000154   Code   RO         4817    i.HAL_SD_MspInit    sdio_sdcard.o
    0x08001b80   0x08001b80   0x000002c0   Code   RO         3412    i.HAL_SD_ReadBlocks  stm32f1xx_hal_sd.o
    0x08001e40   0x08001e40   0x00000254   Code   RO         3417    i.HAL_SD_WriteBlocks  stm32f1xx_hal_sd.o
    0x08002094   0x08002094   0x000000d4   Code   RO         3659    i.HAL_SPI_Init      stm32f1xx_hal_spi.o
    0x08002168   0x08002168   0x00000160   Code   RO         4754    i.HAL_SPI_MspInit   spi.o
    0x080022c8   0x080022c8   0x000002ee   Code   RO         3668    i.HAL_SPI_TransmitReceive  stm32f1xx_hal_spi.o
    0x080025b6   0x080025b6   0x00000066   Code   RO         2152    i.HAL_SRAM_Init     stm32f1xx_hal_sram.o
    0x0800261c   0x0800261c   0x00000090   Code   RO         4296    i.HAL_SRAM_MspInit  lcd.o
    0x080026ac   0x080026ac   0x00000028   Code   RO          975    i.HAL_SYSTICK_CLKSourceConfig  stm32f1xx_hal_cortex.o
    0x080026d4   0x080026d4   0x00000034   Code   RO          977    i.HAL_SYSTICK_Config  stm32f1xx_hal_cortex.o
    0x08002708   0x08002708   0x00000066   Code   RO         2411    i.HAL_TIM_Base_Init  stm32f1xx_hal_tim.o
    0x0800276e   0x0800276e   0x00000002   Code   RO         2413    i.HAL_TIM_Base_MspInit  stm32f1xx_hal_tim.o
    0x08002770   0x08002770   0x00000090   Code   RO         2416    i.HAL_TIM_Base_Start_IT  stm32f1xx_hal_tim.o
    0x08002800   0x08002800   0x00000002   Code   RO         1572    i.HAL_UART_ErrorCallback  stm32f1xx_hal_uart.o
    0x08002802   0x08002802   0x00000002   PAD
    0x08002804   0x08002804   0x00000154   Code   RO         1575    i.HAL_UART_IRQHandler  stm32f1xx_hal_uart.o
    0x08002958   0x08002958   0x00000072   Code   RO         1576    i.HAL_UART_Init     stm32f1xx_hal_uart.o
    0x080029ca   0x080029ca   0x00000002   PAD
    0x080029cc   0x080029cc   0x000000b4   Code   RO          713    i.HAL_UART_MspInit  usart.o
    0x08002a80   0x08002a80   0x00000070   Code   RO         1581    i.HAL_UART_Receive_IT  stm32f1xx_hal_uart.o
    0x08002af0   0x08002af0   0x00000088   Code   RO          714    i.HAL_UART_RxCpltCallback  usart.o
    0x08002b78   0x08002b78   0x00000002   Code   RO         1587    i.HAL_UART_TxCpltCallback  stm32f1xx_hal_uart.o
    0x08002b7a   0x08002b7a   0x00000004   Code   RO          298    i.HardFault_Handler  stm32f1xx_it.o
    0x08002b7e   0x08002b7e   0x00000004   Code   RO          299    i.MemManage_Handler  stm32f1xx_it.o
    0x08002b82   0x08002b82   0x00000002   Code   RO          300    i.NMI_Handler       stm32f1xx_it.o
    0x08002b84   0x08002b84   0x00000028   Code   RO         1422    i.RCC_Delay         stm32f1xx_hal_rcc.o
    0x08002bac   0x08002bac   0x0000002c   Code   RO         3996    i.SDIO_ConfigData   stm32f1xx_ll_sdmmc.o
    0x08002bd8   0x08002bd8   0x00000008   Code   RO         3997    i.SDIO_GetCommandResponse  stm32f1xx_ll_sdmmc.o
    0x08002be0   0x08002be0   0x0000000a   Code   RO         4000    i.SDIO_GetPowerState  stm32f1xx_ll_sdmmc.o
    0x08002bea   0x08002bea   0x0000000c   Code   RO         4001    i.SDIO_GetResponse  stm32f1xx_ll_sdmmc.o
    0x08002bf6   0x08002bf6   0x00000034   Code   RO         4002    i.SDIO_Init         stm32f1xx_ll_sdmmc.o
    0x08002c2a   0x08002c2a   0x00000012   Code   RO         4004    i.SDIO_PowerState_ON  stm32f1xx_ll_sdmmc.o
    0x08002c3c   0x08002c3c   0x00000008   Code   RO         4005    i.SDIO_ReadFIFO     stm32f1xx_ll_sdmmc.o
    0x08002c44   0x08002c44   0x00000028   Code   RO         4006    i.SDIO_SendCommand  stm32f1xx_ll_sdmmc.o
    0x08002c6c   0x08002c6c   0x0000000c   Code   RO         4008    i.SDIO_WriteFIFO    stm32f1xx_ll_sdmmc.o
    0x08002c78   0x08002c78   0x00000038   Code   RO         4009    i.SDMMC_CmdAppCommand  stm32f1xx_ll_sdmmc.o
    0x08002cb0   0x08002cb0   0x0000003c   Code   RO         4010    i.SDMMC_CmdAppOperCommand  stm32f1xx_ll_sdmmc.o
    0x08002cec   0x08002cec   0x00000038   Code   RO         4011    i.SDMMC_CmdBlockLength  stm32f1xx_ll_sdmmc.o
    0x08002d24   0x08002d24   0x0000002c   Code   RO         4016    i.SDMMC_CmdGoIdleState  stm32f1xx_ll_sdmmc.o
    0x08002d50   0x08002d50   0x00000034   Code   RO         4018    i.SDMMC_CmdOperCond  stm32f1xx_ll_sdmmc.o
    0x08002d84   0x08002d84   0x00000038   Code   RO         4019    i.SDMMC_CmdReadMultiBlock  stm32f1xx_ll_sdmmc.o
    0x08002dbc   0x08002dbc   0x00000038   Code   RO         4020    i.SDMMC_CmdReadSingleBlock  stm32f1xx_ll_sdmmc.o
    0x08002df4   0x08002df4   0x0000003a   Code   RO         4023    i.SDMMC_CmdSelDesel  stm32f1xx_ll_sdmmc.o
    0x08002e2e   0x08002e2e   0x00000032   Code   RO         4024    i.SDMMC_CmdSendCID  stm32f1xx_ll_sdmmc.o
    0x08002e60   0x08002e60   0x00000032   Code   RO         4025    i.SDMMC_CmdSendCSD  stm32f1xx_ll_sdmmc.o
    0x08002e92   0x08002e92   0x00000038   Code   RO         4027    i.SDMMC_CmdSendStatus  stm32f1xx_ll_sdmmc.o
    0x08002eca   0x08002eca   0x00000038   Code   RO         4028    i.SDMMC_CmdSetRelAdd  stm32f1xx_ll_sdmmc.o
    0x08002f02   0x08002f02   0x00000002   PAD
    0x08002f04   0x08002f04   0x0000003c   Code   RO         4030    i.SDMMC_CmdStopTransfer  stm32f1xx_ll_sdmmc.o
    0x08002f40   0x08002f40   0x00000038   Code   RO         4032    i.SDMMC_CmdWriteMultiBlock  stm32f1xx_ll_sdmmc.o
    0x08002f78   0x08002f78   0x00000038   Code   RO         4033    i.SDMMC_CmdWriteSingleBlock  stm32f1xx_ll_sdmmc.o
    0x08002fb0   0x08002fb0   0x00000040   Code   RO         4034    i.SDMMC_GetCmdError  stm32f1xx_ll_sdmmc.o
    0x08002ff0   0x08002ff0   0x000001ac   Code   RO         4035    i.SDMMC_GetCmdResp1  stm32f1xx_ll_sdmmc.o
    0x0800319c   0x0800319c   0x00000064   Code   RO         4036    i.SDMMC_GetCmdResp2  stm32f1xx_ll_sdmmc.o
    0x08003200   0x08003200   0x00000058   Code   RO         4037    i.SDMMC_GetCmdResp3  stm32f1xx_ll_sdmmc.o
    0x08003258   0x08003258   0x000000b8   Code   RO         4038    i.SDMMC_GetCmdResp6  stm32f1xx_ll_sdmmc.o
    0x08003310   0x08003310   0x0000006c   Code   RO         4039    i.SDMMC_GetCmdResp7  stm32f1xx_ll_sdmmc.o
    0x0800337c   0x0800337c   0x00000102   Code   RO         3426    i.SD_InitCard       stm32f1xx_hal_sd.o
    0x0800347e   0x0800347e   0x00000002   PAD
    0x08003480   0x08003480   0x000000cc   Code   RO         3428    i.SD_PowerON        stm32f1xx_hal_sd.o
    0x0800354c   0x0800354c   0x00000030   Code   RO         3431    i.SD_SendStatus     stm32f1xx_hal_sd.o
    0x0800357c   0x0800357c   0x00000028   Code   RO         3699    i.SPI_EndRxTxTransaction  stm32f1xx_hal_spi.o
    0x080035a4   0x080035a4   0x00000006   Code   RO         3700    i.SPI_ISCRCErrorValid  stm32f1xx_hal_spi.o
    0x080035aa   0x080035aa   0x00000002   PAD
    0x080035ac   0x080035ac   0x000000d8   Code   RO         3707    i.SPI_WaitFlagStateUntilTimeout  stm32f1xx_hal_spi.o
    0x08003684   0x08003684   0x00000002   Code   RO          301    i.SVC_Handler       stm32f1xx_it.o
    0x08003686   0x08003686   0x00000002   Code   RO          260    i.SystemInit        system_stm32f1xx.o
    0x08003688   0x08003688   0x00000044   Code   RO         6156    i.TIM4_IRQHandler   usmart_port.o
    0x080036cc   0x080036cc   0x0000009c   Code   RO         2504    i.TIM_Base_SetConfig  stm32f1xx_hal_tim.o
    0x08003768   0x08003768   0x00000014   Code   RO         1589    i.UART_DMAAbortOnError  stm32f1xx_hal_uart.o
    0x0800377c   0x0800377c   0x00000020   Code   RO         1599    i.UART_EndRxTransfer  stm32f1xx_hal_uart.o
    0x0800379c   0x0800379c   0x00000020   Code   RO         1600    i.UART_EndTransmit_IT  stm32f1xx_hal_uart.o
    0x080037bc   0x080037bc   0x000000a0   Code   RO         1602    i.UART_Receive_IT   stm32f1xx_hal_uart.o
    0x0800385c   0x0800385c   0x000000fc   Code   RO         1603    i.UART_SetConfig    stm32f1xx_hal_uart.o
    0x08003958   0x08003958   0x00000060   Code   RO         1604    i.UART_Transmit_IT  stm32f1xx_hal_uart.o
    0x080039b8   0x080039b8   0x00000024   Code   RO          715    i.USART1_IRQHandler  usart.o
    0x080039dc   0x080039dc   0x00000004   Code   RO          302    i.UsageFault_Handler  stm32f1xx_it.o
    0x080039e0   0x080039e0   0x00000010   Code   RO          979    i.__NVIC_GetPriorityGrouping  stm32f1xx_hal_cortex.o
    0x080039f0   0x080039f0   0x00000028   Code   RO          980    i.__NVIC_SetPriority  stm32f1xx_hal_cortex.o
    0x08003a18   0x08003a18   0x0000000e   Code   RO         6341    i._is_digit         c_w.l(__printf_wp.o)
    0x08003a26   0x08003a26   0x00000004   Code   RO          717    i._sys_exit         usart.o
    0x08003a2a   0x08003a2a   0x00000002   PAD
    0x08003a2c   0x08003a2c   0x000000a4   Code   RO         4576    i.atk_mo1053_get_bitrate  atk_mo1053.o
    0x08003ad0   0x08003ad0   0x0000000c   Code   RO         4577    i.atk_mo1053_get_byterate  atk_mo1053.o
    0x08003adc   0x08003adc   0x00000010   Code   RO         4578    i.atk_mo1053_get_decode_time  atk_mo1053.o
    0x08003aec   0x08003aec   0x000000e0   Code   RO         4579    i.atk_mo1053_init   atk_mo1053.o
    0x08003bcc   0x08003bcc   0x00000070   Code   RO         4580    i.atk_mo1053_load_patch  atk_mo1053.o
    0x08003c3c   0x08003c3c   0x00000088   Code   RO         4581    i.atk_mo1053_ram_test  atk_mo1053.o
    0x08003cc4   0x08003cc4   0x00000018   Code   RO         4582    i.atk_mo1053_read_ram  atk_mo1053.o
    0x08003cdc   0x08003cdc   0x0000007c   Code   RO         4583    i.atk_mo1053_read_reg  atk_mo1053.o
    0x08003d58   0x08003d58   0x0000007c   Code   RO         4584    i.atk_mo1053_reset  atk_mo1053.o
    0x08003dd4   0x08003dd4   0x00000014   Code   RO         4585    i.atk_mo1053_reset_decode_time  atk_mo1053.o
    0x08003de8   0x08003de8   0x000000b6   Code   RO         4586    i.atk_mo1053_restart_play  atk_mo1053.o
    0x08003e9e   0x08003e9e   0x00000002   PAD
    0x08003ea0   0x08003ea0   0x00000050   Code   RO         4587    i.atk_mo1053_send_music_data  atk_mo1053.o
    0x08003ef0   0x08003ef0   0x00000030   Code   RO         4588    i.atk_mo1053_set_all  atk_mo1053.o
    0x08003f20   0x08003f20   0x00000032   Code   RO         4589    i.atk_mo1053_set_effect  atk_mo1053.o
    0x08003f52   0x08003f52   0x0000001a   Code   RO         4590    i.atk_mo1053_set_speaker  atk_mo1053.o
    0x08003f6c   0x08003f6c   0x00000052   Code   RO         4592    i.atk_mo1053_set_tone  atk_mo1053.o
    0x08003fbe   0x08003fbe   0x00000026   Code   RO         4593    i.atk_mo1053_set_volume  atk_mo1053.o
    0x08003fe4   0x08003fe4   0x00000180   Code   RO         4594    i.atk_mo1053_sine_test  atk_mo1053.o
    0x08004164   0x08004164   0x0000008c   Code   RO         4595    i.atk_mo1053_soft_reset  atk_mo1053.o
    0x080041f0   0x080041f0   0x0000000c   Code   RO         4596    i.atk_mo1053_spi_read_write_byte  atk_mo1053.o
    0x080041fc   0x080041fc   0x0000000a   Code   RO         4597    i.atk_mo1053_spi_speed_high  atk_mo1053.o
    0x08004206   0x08004206   0x0000000a   Code   RO         4598    i.atk_mo1053_spi_speed_low  atk_mo1053.o
    0x08004210   0x08004210   0x0000006c   Code   RO         4599    i.atk_mo1053_write_cmd  atk_mo1053.o
    0x0800427c   0x0800427c   0x0000002c   Code   RO         4600    i.atk_mo1053_write_ram  atk_mo1053.o
    0x080042a8   0x080042a8   0x0000005e   Code   RO          487    i.audio_get_tnum    demo.o
    0x08004306   0x08004306   0x00000002   PAD
    0x08004308   0x08004308   0x0000018c   Code   RO          488    i.audio_msg_show    demo.o
    0x08004494   0x08004494   0x000000f8   Code   RO          489    i.audio_play_song   demo.o
    0x0800458c   0x0800458c   0x0000008a   Code   RO         5208    i.change_bitmap     ff.o
    0x08004616   0x08004616   0x00000002   PAD
    0x08004618   0x08004618   0x0000009c   Code   RO         5209    i.check_fs          ff.o
    0x080046b4   0x080046b4   0x00000014   Code   RO         5210    i.chk_chr           ff.o
    0x080046c8   0x080046c8   0x00000062   Code   RO         5211    i.clmt_clust        ff.o
    0x0800472a   0x0800472a   0x0000001a   Code   RO         5212    i.clst2sect         ff.o
    0x08004744   0x08004744   0x00000098   Code   RO         5213    i.cmp_lfn           ff.o
    0x080047dc   0x080047dc   0x000001cc   Code   RO         5214    i.create_chain      ff.o
    0x080049a8   0x080049a8   0x00000254   Code   RO         5215    i.create_name       ff.o
    0x08004bfc   0x08004bfc   0x00000092   Code   RO         5217    i.create_xdir       ff.o
    0x08004c8e   0x08004c8e   0x00000002   PAD
    0x08004c90   0x08004c90   0x00000034   Code   RO         5218    i.dbc_1st           ff.o
    0x08004cc4   0x08004cc4   0x00000048   Code   RO         5219    i.dbc_2nd           ff.o
    0x08004d0c   0x08004d0c   0x00000028   Code   RO          597    i.delay_init        delay.o
    0x08004d34   0x08004d34   0x00000038   Code   RO          598    i.delay_ms          delay.o
    0x08004d6c   0x08004d6c   0x0000004c   Code   RO          599    i.delay_us          delay.o
    0x08004db8   0x08004db8   0x00000034   Code   RO          490    i.demo_atk_mo1053_memorytest_lcd_ui_init  demo.o
    0x08004dec   0x08004dec   0x00000038   Code   RO          491    i.demo_atk_mo1053_sinewavetest_lcd_ui_init  demo.o
    0x08004e24   0x08004e24   0x00000060   Code   RO          492    i.demo_audio_index_show  demo.o
    0x08004e84   0x08004e84   0x00000060   Code   RO          493    i.demo_audio_vol_show  demo.o
    0x08004ee4   0x08004ee4   0x00000200   Code   RO          494    i.demo_run          demo.o
    0x080050e4   0x080050e4   0x00000330   Code   RO          495    i.demo_sensor_test  demo.o
    0x08005414   0x08005414   0x0000007c   Code   RO         5220    i.dir_alloc         ff.o
    0x08005490   0x08005490   0x000000c6   Code   RO         5221    i.dir_clear         ff.o
    0x08005556   0x08005556   0x000001a8   Code   RO         5222    i.dir_find          ff.o
    0x080056fe   0x080056fe   0x000000e0   Code   RO         5223    i.dir_next          ff.o
    0x080057de   0x080057de   0x00000102   Code   RO         5224    i.dir_read          ff.o
    0x080058e0   0x080058e0   0x00000224   Code   RO         5225    i.dir_register      ff.o
    0x08005b04   0x08005b04   0x000000aa   Code   RO         5227    i.dir_sdi           ff.o
    0x08005bae   0x08005bae   0x0000002c   Code   RO         5156    i.disk_initialize   diskio.o
    0x08005bda   0x08005bda   0x00000002   PAD
    0x08005bdc   0x08005bdc   0x000000b4   Code   RO         5157    i.disk_ioctl        diskio.o
    0x08005c90   0x08005c90   0x0000007e   Code   RO         5158    i.disk_read         diskio.o
    0x08005d0e   0x08005d0e   0x00000006   Code   RO         5159    i.disk_status       diskio.o
    0x08005d14   0x08005d14   0x0000007e   Code   RO         5160    i.disk_write        diskio.o
    0x08005d92   0x08005d92   0x0000001a   Code   RO         5037    i.exfuns_char_upper  exfuns.o
    0x08005dac   0x08005dac   0x000000c0   Code   RO         5039    i.exfuns_file_type  exfuns.o
    0x08005e6c   0x08005e6c   0x00000044   Code   RO         5044    i.exfuns_init       exfuns.o
    0x08005eb0   0x08005eb0   0x00000026   Code   RO         5228    i.f_close           ff.o
    0x08005ed6   0x08005ed6   0x00000002   PAD
    0x08005ed8   0x08005ed8   0x00000054   Code   RO         5236    i.f_mount           ff.o
    0x08005f2c   0x08005f2c   0x0000030a   Code   RO         5237    i.f_open            ff.o
    0x08006236   0x08006236   0x000000b8   Code   RO         5238    i.f_opendir         ff.o
    0x080062ee   0x080062ee   0x00000228   Code   RO         5242    i.f_read            ff.o
    0x08006516   0x08006516   0x00000070   Code   RO         5243    i.f_readdir         ff.o
    0x08006586   0x08006586   0x000001a8   Code   RO         5247    i.f_sync            ff.o
    0x0800672e   0x0800672e   0x0000000e   Code   RO         5680    i.ff_memalloc       ffsystem.o
    0x0800673c   0x0800673c   0x0000000e   Code   RO         5681    i.ff_memfree        ffsystem.o
    0x0800674a   0x0800674a   0x00000002   PAD
    0x0800674c   0x0800674c   0x00000088   Code   RO         5116    i.ff_oem2uni        myffunicode.o
    0x080067d4   0x080067d4   0x00000084   Code   RO         5117    i.ff_uni2oem        myffunicode.o
    0x08006858   0x08006858   0x000000b0   Code   RO         5118    i.ff_wtoupper       myffunicode.o
    0x08006908   0x08006908   0x00000036   Code   RO         5251    i.fill_first_frag   ff.o
    0x0800693e   0x0800693e   0x00000044   Code   RO         5252    i.fill_last_frag    ff.o
    0x08006982   0x08006982   0x000000a4   Code   RO         5253    i.find_bitmap       ff.o
    0x08006a26   0x08006a26   0x00000078   Code   RO         5254    i.find_volume       ff.o
    0x08006a9e   0x08006a9e   0x000000c4   Code   RO         5255    i.follow_path       ff.o
    0x08006b62   0x08006b62   0x00000002   PAD
    0x08006b64   0x08006b64   0x00000040   Code   RO         5965    i.fonts_init        fonts.o
    0x08006ba4   0x08006ba4   0x0000001c   Code   RO          719    i.fputc             usart.o
    0x08006bc0   0x08006bc0   0x000000cc   Code   RO         5256    i.gen_numname       ff.o
    0x08006c8c   0x08006c8c   0x00000190   Code   RO         5257    i.get_fat           ff.o
    0x08006e1c   0x08006e1c   0x00000004   Code   RO         5682    i.get_fattime       ffsystem.o
    0x08006e20   0x08006e20   0x00000190   Code   RO         5258    i.get_fileinfo      ff.o
    0x08006fb0   0x08006fb0   0x0000004e   Code   RO         5259    i.get_ldnumber      ff.o
    0x08006ffe   0x08006ffe   0x00000002   PAD
    0x08007000   0x08007000   0x00000018   Code   RO         4819    i.get_sd_card_state  sdio_sdcard.o
    0x08007018   0x08007018   0x000000d8   Code   RO         5260    i.get_xfileinfo     ff.o
    0x080070f0   0x080070f0   0x00000032   Code   RO         5261    i.init_alloc_info   ff.o
    0x08007122   0x08007122   0x00000002   PAD
    0x08007124   0x08007124   0x000000b8   Code   RO         4545    i.key_init          key.o
    0x080071dc   0x080071dc   0x000000a0   Code   RO         4546    i.key_scan          key.o
    0x0800727c   0x0800727c   0x00000034   Code   RO         4297    i.lcd_clear         lcd.o
    0x080072b0   0x080072b0   0x00000130   Code   RO         4299    i.lcd_display_dir   lcd.o
    0x080073e0   0x080073e0   0x00000020   Code   RO         4305    i.lcd_draw_point    lcd.o
    0x08007400   0x08007400   0x0000022c   Code   RO         4307    i.lcd_ex_ili9341_reginit  lcd.o
    0x0800762c   0x0800762c   0x00000ef2   Code   RO         4308    i.lcd_ex_nt35310_reginit  lcd.o
    0x0800851e   0x0800851e   0x00000efc   Code   RO         4309    i.lcd_ex_nt35510_reginit  lcd.o
    0x0800941a   0x0800941a   0x0000016e   Code   RO         4310    i.lcd_ex_ssd1963_reginit  lcd.o
    0x08009588   0x08009588   0x000001a8   Code   RO         4311    i.lcd_ex_st7789_reginit  lcd.o
    0x08009730   0x08009730   0x00000054   Code   RO         4312    i.lcd_fill          lcd.o
    0x08009784   0x08009784   0x000003ac   Code   RO         4314    i.lcd_init          lcd.o
    0x08009b30   0x08009b30   0x0000000c   Code   RO         4315    i.lcd_opt_delay     lcd.o
    0x08009b3c   0x08009b3c   0x00000016   Code   RO         4316    i.lcd_pow           lcd.o
    0x08009b52   0x08009b52   0x00000002   PAD
    0x08009b54   0x08009b54   0x00000018   Code   RO         4317    i.lcd_rd_data       lcd.o
    0x08009b6c   0x08009b6c   0x00000230   Code   RO         4319    i.lcd_scan_dir      lcd.o
    0x08009d9c   0x08009d9c   0x00000120   Code   RO         4320    i.lcd_set_cursor    lcd.o
    0x08009ebc   0x08009ebc   0x00000140   Code   RO         4322    i.lcd_show_char     lcd.o
    0x08009ffc   0x08009ffc   0x0000006a   Code   RO         4324    i.lcd_show_string   lcd.o
    0x0800a066   0x0800a066   0x000000c6   Code   RO         4325    i.lcd_show_xnum     lcd.o
    0x0800a12c   0x0800a12c   0x00000054   Code   RO         4326    i.lcd_ssd_backlight_set  lcd.o
    0x0800a180   0x0800a180   0x00000018   Code   RO         4327    i.lcd_wr_data       lcd.o
    0x0800a198   0x0800a198   0x00000018   Code   RO         4328    i.lcd_wr_regno      lcd.o
    0x0800a1b0   0x0800a1b0   0x00000014   Code   RO         4329    i.lcd_write_ram_prepare  lcd.o
    0x0800a1c4   0x0800a1c4   0x00000010   Code   RO         4330    i.lcd_write_reg     lcd.o
    0x0800a1d4   0x0800a1d4   0x00000026   Code   RO         5262    i.ld_clust          ff.o
    0x0800a1fa   0x0800a1fa   0x00000018   Code   RO         5263    i.ld_dword          ff.o
    0x0800a212   0x0800a212   0x00000062   Code   RO         5264    i.ld_qword          ff.o
    0x0800a274   0x0800a274   0x0000000c   Code   RO         5265    i.ld_word           ff.o
    0x0800a280   0x0800a280   0x00000090   Code   RO         4272    i.led_init          led.o
    0x0800a310   0x0800a310   0x00000040   Code   RO         5266    i.load_obj_xdir     ff.o
    0x0800a350   0x0800a350   0x0000010e   Code   RO         5267    i.load_xdir         ff.o
    0x0800a45e   0x0800a45e   0x00000002   PAD
    0x0800a460   0x0800a460   0x00000040   Code   RO           13    i.main              main.o
    0x0800a4a0   0x0800a4a0   0x00000024   Code   RO         5268    i.mem_cmp           ff.o
    0x0800a4c4   0x0800a4c4   0x0000001a   Code   RO         5269    i.mem_cpy           ff.o
    0x0800a4de   0x0800a4de   0x00000012   Code   RO         5270    i.mem_set           ff.o
    0x0800a4f0   0x0800a4f0   0x00000020   Code   RO         5719    i.mf_free           fattester.o
    0x0800a510   0x0800a510   0x00000040   Code   RO         5722    i.mf_init           fattester.o
    0x0800a550   0x0800a550   0x00000474   Code   RO         5271    i.mount_volume      ff.o
    0x0800a9c4   0x0800a9c4   0x00000034   Code   RO         5272    i.move_window       ff.o
    0x0800a9f8   0x0800a9f8   0x0000006c   Code   RO         5886    i.my_mem_free       malloc.o
    0x0800aa64   0x0800aa64   0x00000030   Code   RO         5887    i.my_mem_init       malloc.o
    0x0800aa94   0x0800aa94   0x000000a8   Code   RO         5888    i.my_mem_malloc     malloc.o
    0x0800ab3c   0x0800ab3c   0x00000040   Code   RO         5889    i.my_mem_perused    malloc.o
    0x0800ab7c   0x0800ab7c   0x00000014   Code   RO         5890    i.my_mem_set        malloc.o
    0x0800ab90   0x0800ab90   0x00000024   Code   RO         5891    i.myfree            malloc.o
    0x0800abb4   0x0800abb4   0x00000028   Code   RO         5892    i.mymalloc          malloc.o
    0x0800abdc   0x0800abdc   0x00000044   Code   RO         4942    i.norflash_erase_sector  norflash.o
    0x0800ac20   0x0800ac20   0x000000bc   Code   RO         4943    i.norflash_init     norflash.o
    0x0800acdc   0x0800acdc   0x00000050   Code   RO         4944    i.norflash_read     norflash.o
    0x0800ad2c   0x0800ad2c   0x00000050   Code   RO         4945    i.norflash_read_id  norflash.o
    0x0800ad7c   0x0800ad7c   0x0000005c   Code   RO         4946    i.norflash_read_sr  norflash.o
    0x0800add8   0x0800add8   0x00000034   Code   RO         4947    i.norflash_send_address  norflash.o
    0x0800ae0c   0x0800ae0c   0x00000014   Code   RO         4948    i.norflash_wait_busy  norflash.o
    0x0800ae20   0x0800ae20   0x000000b8   Code   RO         4949    i.norflash_write    norflash.o
    0x0800aed8   0x0800aed8   0x0000002c   Code   RO         4950    i.norflash_write_enable  norflash.o
    0x0800af04   0x0800af04   0x00000046   Code   RO         4951    i.norflash_write_nocheck  norflash.o
    0x0800af4a   0x0800af4a   0x00000002   PAD
    0x0800af4c   0x0800af4c   0x00000058   Code   RO         4952    i.norflash_write_page  norflash.o
    0x0800afa4   0x0800afa4   0x00000058   Code   RO         4953    i.norflash_write_sr  norflash.o
    0x0800affc   0x0800affc   0x0000008c   Code   RO         5273    i.pick_lfn          ff.o
    0x0800b088   0x0800b088   0x00000144   Code   RO         5274    i.put_fat           ff.o
    0x0800b1cc   0x0800b1cc   0x00000080   Code   RO         5275    i.put_lfn           ff.o
    0x0800b24c   0x0800b24c   0x00000042   Code   RO         5276    i.put_utf           ff.o
    0x0800b28e   0x0800b28e   0x00000006   Code   RO         6064    i.read_addr         usmart.o
    0x0800b294   0x0800b294   0x0000014a   Code   RO         5280    i.remove_chain      ff.o
    0x0800b3de   0x0800b3de   0x00000002   PAD
    0x0800b3e0   0x0800b3e0   0x00000038   Code   RO         4820    i.sd_init           sdio_sdcard.o
    0x0800b418   0x0800b418   0x00000050   Code   RO         4821    i.sd_read_disk      sdio_sdcard.o
    0x0800b468   0x0800b468   0x00000050   Code   RO         4822    i.sd_write_disk     sdio_sdcard.o
    0x0800b4b8   0x0800b4b8   0x00000128   Code   RO           14    i.show_mesg         main.o
    0x0800b5e0   0x0800b5e0   0x0000007c   Code   RO         4755    i.spi1_init         spi.o
    0x0800b65c   0x0800b65c   0x00000038   Code   RO         4756    i.spi1_read_write_byte  spi.o
    0x0800b694   0x0800b694   0x0000004c   Code   RO         4757    i.spi1_set_speed    spi.o
    0x0800b6e0   0x0800b6e0   0x0000007c   Code   RO         4758    i.spi2_init         spi.o
    0x0800b75c   0x0800b75c   0x00000020   Code   RO         4759    i.spi2_read_write_byte  spi.o
    0x0800b77c   0x0800b77c   0x00000048   Code   RO         4760    i.spi2_set_speed    spi.o
    0x0800b7c4   0x0800b7c4   0x000001c4   Code   RO         4887    i.sram_init         sram.o
    0x0800b988   0x0800b988   0x00000024   Code   RO         5281    i.st_clust          ff.o
    0x0800b9ac   0x0800b9ac   0x00000018   Code   RO         5282    i.st_dword          ff.o
    0x0800b9c4   0x0800b9c4   0x0000005c   Code   RO         5283    i.st_qword          ff.o
    0x0800ba20   0x0800ba20   0x0000000c   Code   RO         5284    i.st_word           ff.o
    0x0800ba2c   0x0800ba2c   0x00000072   Code   RO         5285    i.store_xdir        ff.o
    0x0800ba9e   0x0800ba9e   0x00000020   Code   RO         5286    i.sum_sfn           ff.o
    0x0800babe   0x0800babe   0x00000002   PAD
    0x0800bac0   0x0800bac0   0x00000090   Code   RO         5287    i.sync_fs           ff.o
    0x0800bb50   0x0800bb50   0x0000004a   Code   RO         5288    i.sync_window       ff.o
    0x0800bb9a   0x0800bb9a   0x00000056   Code   RO          646    i.sys_stm32_clock_init  sys.o
    0x0800bbf0   0x0800bbf0   0x0000004c   Code   RO         5289    i.tchar2uni         ff.o
    0x0800bc3c   0x0800bc3c   0x000000e0   Code   RO         6020    i.text_get_hz_mat   text.o
    0x0800bd1c   0x0800bd1c   0x000000e0   Code   RO         6021    i.text_show_font    text.o
    0x0800bdfc   0x0800bdfc   0x000000c6   Code   RO         6022    i.text_show_string  text.o
    0x0800bec2   0x0800bec2   0x00000002   PAD
    0x0800bec4   0x0800bec4   0x00000038   Code   RO          720    i.usart_init        usart.o
    0x0800befc   0x0800befc   0x000000b0   Code   RO         6065    i.usmart_cmd_rec    usmart.o
    0x0800bfac   0x0800bfac   0x000002d4   Code   RO         6066    i.usmart_exe        usmart.o
    0x0800c280   0x0800c280   0x000000d4   Code   RO         6207    i.usmart_get_aparm  usmart_str.o
    0x0800c354   0x0800c354   0x00000036   Code   RO         6208    i.usmart_get_cmdname  usmart_str.o
    0x0800c38a   0x0800c38a   0x00000002   PAD
    0x0800c38c   0x0800c38c   0x000001c0   Code   RO         6209    i.usmart_get_fname  usmart_str.o
    0x0800c54c   0x0800c54c   0x0000010c   Code   RO         6210    i.usmart_get_fparam  usmart_str.o
    0x0800c658   0x0800c658   0x00000028   Code   RO         6157    i.usmart_get_input_string  usmart_port.o
    0x0800c680   0x0800c680   0x00000020   Code   RO         6211    i.usmart_get_parmpos  usmart_str.o
    0x0800c6a0   0x0800c6a0   0x00000028   Code   RO         6067    i.usmart_init       usmart.o
    0x0800c6c8   0x0800c6c8   0x00000016   Code   RO         6212    i.usmart_pow        usmart_str.o
    0x0800c6de   0x0800c6de   0x00000002   PAD
    0x0800c6e0   0x0800c6e0   0x000000a8   Code   RO         6068    i.usmart_scan       usmart.o
    0x0800c788   0x0800c788   0x00000016   Code   RO         6213    i.usmart_search_nextc  usmart_str.o
    0x0800c79e   0x0800c79e   0x00000106   Code   RO         6214    i.usmart_str2num    usmart_str.o
    0x0800c8a4   0x0800c8a4   0x00000022   Code   RO         6215    i.usmart_strcmp     usmart_str.o
    0x0800c8c6   0x0800c8c6   0x00000016   Code   RO         6216    i.usmart_strcopy    usmart_str.o
    0x0800c8dc   0x0800c8dc   0x00000018   Code   RO         6217    i.usmart_strlen     usmart_str.o
    0x0800c8f4   0x0800c8f4   0x000006f4   Code   RO         6069    i.usmart_sys_cmd_exe  usmart.o
    0x0800cfe8   0x0800cfe8   0x00000044   Code   RO         6158    i.usmart_timx_get_time  usmart_port.o
    0x0800d02c   0x0800d02c   0x00000060   Code   RO         6159    i.usmart_timx_init  usmart_port.o
    0x0800d08c   0x0800d08c   0x00000034   Code   RO         6160    i.usmart_timx_reset_time  usmart_port.o
    0x0800d0c0   0x0800d0c0   0x0000003c   Code   RO         5290    i.validate          ff.o
    0x0800d0fc   0x0800d0fc   0x0000000c   Code   RO         4601    i.vs10xx_get_fill_byte  atk_mo1053.o
    0x0800d108   0x0800d108   0x00000004   Code   RO         6070    i.write_addr        usmart.o
    0x0800d10c   0x0800d10c   0x0000003a   Code   RO         5291    i.xdir_sum          ff.o
    0x0800d146   0x0800d146   0x0000004c   Code   RO         5292    i.xname_sum         ff.o
    0x0800d192   0x0800d192   0x00000002   PAD
    0x0800d194   0x0800d194   0x0000005a   Code   RO         6370    x$fpl$dfixu         fz_ws.l(dfixu.o)
    0x0800d1ee   0x0800d1ee   0x00000026   Code   RO         6374    x$fpl$dfltu         fz_ws.l(dflt_clz.o)
    0x0800d214   0x0800d214   0x00000154   Code   RO         6380    x$fpl$dmul          fz_ws.l(dmul.o)
    0x0800d368   0x0800d368   0x0000009c   Code   RO         6417    x$fpl$dnaninf       fz_ws.l(dnaninf.o)
    0x0800d404   0x0800d404   0x0000000c   Code   RO         6419    x$fpl$dretinf       fz_ws.l(dretinf.o)
    0x0800d410   0x0800d410   0x00000000   Code   RO         6427    x$fpl$usenofp       fz_ws.l(usenofp.o)
    0x0800d410   0x0800d410   0x00000018   Data   RO          261    .constdata          system_stm32f1xx.o
    0x0800d428   0x0800d428   0x00002a72   Data   RO          496    .constdata          demo.o
    0x0800fe9a   0x0800fe9a   0x00002f80   Data   RO         4332    .constdata          lcd.o
    0x08012e1a   0x08012e1a   0x00000040   Data   RO         4602    .constdata          atk_mo1053.o
    0x08012e5a   0x08012e5a   0x00000002   PAD
    0x08012e5c   0x08012e5c   0x000000c4   Data   RO         5045    .constdata          exfuns.o
    0x08012f20   0x08012f20   0x000002ae   Data   RO         5119    .constdata          myffunicode.o
    0x080131ce   0x080131ce   0x00000002   PAD
    0x080131d0   0x080131d0   0x00000058   Data   RO         5294    .constdata          ff.o
    0x08013228   0x08013228   0x00000018   Data   RO         5897    .constdata          malloc.o
    0x08013240   0x08013240   0x00000028   Data   RO         6314    .constdata          c_w.l(_printf_hex_int.o)
    0x08013268   0x08013268   0x00000011   Data   RO         6349    .constdata          c_w.l(__printf_flags_ss_wp.o)
    0x08013279   0x08013279   0x00000003   PAD
    0x0801327c   0x0801327c   0x00000043   Data   RO          497    .conststring        demo.o
    0x080132bf   0x080132bf   0x00000001   PAD
    0x080132c0   0x080132c0   0x00000054   Data   RO         5046    .conststring        exfuns.o
    0x08013314   0x08013314   0x00000028   Data   RO         6071    .conststring        usmart.o
    0x0801333c   0x0801333c   0x00000195   Data   RO         6131    .conststring        usmart_config.o
    0x080134d1   0x080134d1   0x00000003   PAD
    0x080134d4   0x080134d4   0x00000020   Data   RO         6587    Region$$Table       anon$$obj.o


    Execution Region RW_IRAM1 (Exec base: 0x20000000, Load base: 0x080134f4, Size: 0x0000c910, Max: 0x00010000, ABSOLUTE, COMPRESSED[0x000000a0])

    Exec Addr    Load Addr    Size         Type   Attr      Idx    E Section Name        Object

    0x20000000   COMPRESSED   0x00000004   Data   RW          262    .data               system_stm32f1xx.o
    0x20000004   COMPRESSED   0x00000004   Data   RW          498    .data               demo.o
    0x20000008   COMPRESSED   0x00000002   Data   RW          600    .data               delay.o
    0x2000000a   COMPRESSED   0x00000002   PAD
    0x2000000c   COMPRESSED   0x00000007   Data   RW          722    .data               usart.o
    0x20000013   COMPRESSED   0x00000001   PAD
    0x20000014   COMPRESSED   0x00000009   Data   RW          815    .data               stm32f1xx_hal.o
    0x2000001d   COMPRESSED   0x00000003   PAD
    0x20000020   COMPRESSED   0x00000008   Data   RW         4333    .data               lcd.o
    0x20000028   COMPRESSED   0x00000001   Data   RW         4547    .data               key.o
    0x20000029   COMPRESSED   0x00000008   Data   RW         4603    .data               atk_mo1053.o
    0x20000031   COMPRESSED   0x00000001   PAD
    0x20000032   COMPRESSED   0x00000002   Data   RW         4955    .data               norflash.o
    0x20000034   COMPRESSED   0x00000008   Data   RW         5047    .data               exfuns.o
    0x2000003c   COMPRESSED   0x0000000a   Data   RW         5295    .data               ff.o
    0x20000046   COMPRESSED   0x00000002   PAD
    0x20000048   COMPRESSED   0x0000001c   Data   RW         5898    .data               malloc.o
    0x20000064   COMPRESSED   0x0000001c   Data   RW         6072    .data               usmart.o
    0x20000080   COMPRESSED   0x00000144   Data   RW         6132    .data               usmart_config.o
    0x200001c4        -       0x00000108   Zero   RW          721    .bss                usart.o
    0x200002cc        -       0x00000056   Zero   RW         4331    .bss                lcd.o
    0x20000322   COMPRESSED   0x00000002   PAD
    0x20000324        -       0x000000b0   Zero   RW         4761    .bss                spi.o
    0x200003d4        -       0x000002a4   Zero   RW         4823    .bss                sdio_sdcard.o
    0x20000678        -       0x00000048   Zero   RW         4892    .bss                sram.o
    0x200006c0        -       0x00001000   Zero   RW         4954    .bss                norflash.o
    0x200016c0        -       0x00000180   Zero   RW         5740    .bss                fattester.o
    0x20001840        -       0x0000aa00   Zero   RW         5896    .bss                malloc.o
    0x2000c240        -       0x00000021   Zero   RW         5969    .bss                fonts.o
    0x2000c261   COMPRESSED   0x00000003   PAD
    0x2000c264        -       0x00000048   Zero   RW         6161    .bss                usmart_port.o
    0x2000c2ac        -       0x00000060   Zero   RW         6468    .bss                c_w.l(libspace.o)
    0x2000c30c   COMPRESSED   0x00000004   PAD
    0x2000c310        -       0x00000200   Zero   RW            2    HEAP                startup_stm32f103xe.o
    0x2000c510        -       0x00000400   Zero   RW            1    STACK               startup_stm32f103xe.o



  Load Region LR$$.ARM.__AT_0x68000000 (Base: 0x68000000, Size: 0x00000000, Max: 0x000f0c00, ABSOLUTE)

    Execution Region ER$$.ARM.__AT_0x68000000 (Exec base: 0x68000000, Load base: 0x68000000, Size: 0x000f0c00, Max: 0x000f0c00, ABSOLUTE, UNINIT)

    Exec Addr    Load Addr    Size         Type   Attr      Idx    E Section Name        Object

    0x68000000        -       0x000f0c00   Zero   RW         5894    .ARM.__AT_0x68000000  malloc.o



  Load Region LR$$.ARM.__AT_0x680F0C00 (Base: 0x680f0c00, Size: 0x00000000, Max: 0x0000f0c0, ABSOLUTE)

    Execution Region ER$$.ARM.__AT_0x680F0C00 (Exec base: 0x680f0c00, Load base: 0x680f0c00, Size: 0x0000f0c0, Max: 0x0000f0c0, ABSOLUTE, UNINIT)

    Exec Addr    Load Addr    Size         Type   Attr      Idx    E Section Name        Object

    0x680f0c00        -       0x0000f0c0   Zero   RW         5895    .ARM.__AT_0x680F0C00  malloc.o


==============================================================================

Image component sizes


      Code (inc. data)   RO Data    RW Data    ZI Data      Debug   Object Name

      2182         94         64          8          0      24571   atk_mo1053.o
       184         16          0          2          0       3483   delay.o
      2366        446      10933          4          0      12511   demo.o
       482          4          0          0          0       6722   diskio.o
       286         10        280          8          0       4176   exfuns.o
        96         12          0          0        384       2648   fattester.o
     11548        116         88         10          0      88567   ff.o
        32          0          0          0          0       2225   ffsystem.o
        64          4          0          0         33       2994   fonts.o
       344         24          0          1          0       2306   key.o
     12262        170      12160          8         86      30193   lcd.o
       144         12          0          0          0       1343   led.o
       360        140          0          0          0     530507   main.o
       484         54         24         28    1091264       8431   malloc.o
       444         32        686          0          0       6612   myffunicode.o
      1054         56          0          2       4096      11220   norflash.o
       580         44          0          0        676       5944   sdio_sdcard.o
       836         68          0          0        176       6558   spi.o
       452         28          0          0         72       2225   sram.o
        64         26        304          0       1536       1096   startup_stm32f103xe.o
       130         24          0          9          0       7425   stm32f1xx_hal.o
       344         22          0          0          0      31773   stm32f1xx_hal_cortex.o
       424         10          0          0          0       1671   stm32f1xx_hal_dma.o
       880         40          0          0          0       5056   stm32f1xx_hal_gpio.o
      1784        110          0          0          0       7780   stm32f1xx_hal_rcc.o
      2494         26          0          0          0      11307   stm32f1xx_hal_sd.o
      1224          6          0          0          0       6527   stm32f1xx_hal_spi.o
       102          0          0          0          0       1640   stm32f1xx_hal_sram.o
       404         44          0          0          0       4216   stm32f1xx_hal_tim.o
      1162         10          0          0          0      10347   stm32f1xx_hal_uart.o
        22          0          0          0          0       4527   stm32f1xx_it.o
       254         10          0          0          0       4719   stm32f1xx_ll_fsmc.o
      1998         46          0          0          0      28728   stm32f1xx_ll_sdmmc.o
        86          0          0          0          0        935   sys.o
         2          0         24          4          0       1991   system_stm32f1xx.o
       646         10          0          0          0       4440   text.o
       440         54          0          7        264       7117   usart.o
      2898       1308         40         28          0       7726   usmart.o
         0          0        405        324          0       2236   usmart_config.o
       324         50          0          0         72       4850   usmart_port.o
      1400         20          0          0          0      11629   usmart_str.o

    ----------------------------------------------------------------------
     51338       3146      25048        452    1098664     920972   Object Totals
         0          0         32          0          0          0   (incl. Generated)
        56          0          8          9          5          0   (incl. Padding)

    ----------------------------------------------------------------------

      Code (inc. data)   RO Data    RW Data    ZI Data      Debug   Library Member Name

        90          0          0          0          0          0   __dczerorl2.o
         8          0          0          0          0         68   __main.o
       392          4         17          0          0         92   __printf_flags_ss_wp.o
        14          0          0          0          0         68   __printf_wp.o
         0          0          0          0          0          0   __rtentry.o
        12          0          0          0          0          0   __rtentry2.o
         6          0          0          0          0          0   __rtentry4.o
        52          8          0          0          0          0   __scatter.o
        28          0          0          0          0          0   __scatter_zi.o
         6          0          0          0          0          0   _printf_c.o
        44          0          0          0          0        108   _printf_char.o
        48          6          0          0          0         96   _printf_char_common.o
        36          4          0          0          0         80   _printf_char_file.o
         6          0          0          0          0          0   _printf_d.o
       120         16          0          0          0         92   _printf_dec.o
        88          4         40          0          0         88   _printf_hex_int.o
       178          0          0          0          0         88   _printf_intcommon.o
        78          0          0          0          0        108   _printf_pad.o
         0          0          0          0          0          0   _printf_percent.o
         4          0          0          0          0          0   _printf_percent_end.o
         6          0          0          0          0          0   _printf_s.o
        82          0          0          0          0         80   _printf_str.o
         6          0          0          0          0          0   _printf_u.o
         6          0          0          0          0          0   _printf_x.o
        18          0          0          0          0         80   exit.o
         8          0          0          0          0         68   ferror.o
         6          0          0          0          0        152   heapauxi.o
         2          0          0          0          0          0   libinit.o
         2          0          0          0          0          0   libinit2.o
         2          0          0          0          0          0   libshutdown.o
         2          0          0          0          0          0   libshutdown2.o
         8          4          0          0         96         68   libspace.o
        72          0          0          0          0         76   llsdiv.o
       238          0          0          0          0        100   lludivv7m.o
        24          4          0          0          0         84   noretval__2printf.o
         2          0          0          0          0          0   rtexit.o
        10          0          0          0          0          0   rtexit2.o
        24          0          0          0          0         68   strcat.o
       128          0          0          0          0         68   strcmpv7m.o
        72          0          0          0          0         80   strcpy.o
        74          0          0          0          0         80   sys_stackheap_outer.o
         2          0          0          0          0         68   use_no_semi.o
         2          0          0          0          0         68   use_no_semi_2.o
        90          4          0          0          0         92   dfixu.o
        38          0          0          0          0         68   dflt_clz.o
       340         12          0          0          0        104   dmul.o
       156          4          0          0          0         92   dnaninf.o
        12          0          0          0          0         68   dretinf.o
         0          0          0          0          0          0   usenofp.o

    ----------------------------------------------------------------------
      2646         70         60          0        100       2452   Library Totals
         4          0          3          0          4          0   (incl. Padding)

    ----------------------------------------------------------------------

      Code (inc. data)   RO Data    RW Data    ZI Data      Debug   Library Name

      2006         50         57          0         96       2028   c_w.l
       636         20          0          0          0        424   fz_ws.l

    ----------------------------------------------------------------------
      2646         70         60          0        100       2452   Library Totals

    ----------------------------------------------------------------------

==============================================================================


      Code (inc. data)   RO Data    RW Data    ZI Data      Debug   

     53984       3216      25108        452    1098764     906468   Grand Totals
     53984       3216      25108        160    1098764     906468   ELF Image Totals (compressed)
     53984       3216      25108        160          0          0   ROM Totals

==============================================================================

    Total RO  Size (Code + RO Data)                79092 (  77.24kB)
    Total RW  Size (RW Data + ZI Data)           1099216 (1073.45kB)
    Total ROM Size (Code + RO Data + RW Data)      79252 (  77.39kB)

==============================================================================

