Component: ARM Compiler 5.06 update 7 (build 960) Tool: armlink [4d3601]

==============================================================================

Section Cross References

    main.o(i.KMP) refers to strlen.o(.text) for strlen
    main.o(i.KMP) refers to main.o(i.Nextval) for Nextval
    main.o(i.KMP) refers to printfa.o(i.__0printf) for __2printf
    main.o(i.Nextval) refers to strlen.o(.text) for strlen
    main.o(i.main) refers to stm32f1xx_hal.o(i.HAL_Init) for HAL_Init
    main.o(i.main) refers to sys.o(i.Stm32_Clock_Init) for Stm32_Clock_Init
    main.o(i.main) refers to delay.o(i.delay_init) for delay_init
    main.o(i.main) refers to usart.o(i.uart_init) for uart_init
    main.o(i.main) refers to delay.o(i.delay_ms) for delay_ms
    main.o(i.main) refers to can.o(i.CAN1_Mode_Init) for CAN1_Mode_Init
    main.o(i.main) refers to can.o(i.CAN_Config) for CAN_Config
    main.o(i.main) refers to timer.o(i.TIM3_Init) for TIM3_Init
    main.o(i.main) refers to printfa.o(i.__0printf) for __2printf
    main.o(i.main) refers to atk_u2e.o(i.u2e_config_init) for u2e_config_init
    main.o(i.main) refers to ringbuffer.o(i.queueinit) for queueinit
    main.o(i.main) refers to usart3.o(i.usart3_getRxData) for usart3_getRxData
    main.o(i.main) refers to usart3.o(i.res_usart3_revdata) for res_usart3_revdata
    main.o(i.main) refers to matchingcommands.o(i.usart1_send_data) for usart1_send_data
    main.o(i.main) refers to ringbuffer.o(i.ring_Queue_in) for ring_Queue_in
    main.o(i.main) refers to ringbuffer.o(i.control_CAN) for control_CAN
    main.o(i.main) refers to usart3.o(i.usart3_send_data) for usart3_send_data
    main.o(i.main) refers to main.o(.bss) for .bss
    main.o(i.parsingDisData) refers to fflti.o(.text) for __aeabi_i2f
    main.o(i.parsingDisData) refers to f2d.o(.text) for __aeabi_f2d
    main.o(i.parsingDisData) refers to printfa.o(i.__0printf) for __2printf
    main.o(i.parsingDisData) refers to fdiv.o(.text) for __aeabi_fdiv
    main.o(i.parsingDisData) refers to fmul.o(.text) for __aeabi_fmul
    main.o(i.parsingDisData) refers to fadd.o(.text) for __aeabi_fadd
    main.o(i.parsingVData) refers to fflti.o(.text) for __aeabi_i2f
    main.o(i.parsingVData) refers to fdiv.o(.text) for __aeabi_fdiv
    main.o(i.parsingVData) refers to fmul.o(.text) for __aeabi_fmul
    main.o(i.parsingVData) refers to fadd.o(.text) for __aeabi_fadd
    main.o(.data) refers to main.o(.conststring) for .conststring
    main.o(.data) refers to main.o(.conststring) for .conststring
    stm32f1xx_it.o(i.SysTick_Handler) refers to stm32f1xx_hal.o(i.HAL_IncTick) for HAL_IncTick
    system_stm32f1xx.o(i.SystemCoreClockUpdate) refers to system_stm32f1xx.o(.data) for .data
    system_stm32f1xx.o(i.SystemCoreClockUpdate) refers to system_stm32f1xx.o(.constdata) for .constdata
    startup_stm32f103xe.o(RESET) refers to startup_stm32f103xe.o(STACK) for __initial_sp
    startup_stm32f103xe.o(RESET) refers to startup_stm32f103xe.o(.text) for Reset_Handler
    startup_stm32f103xe.o(RESET) refers to stm32f1xx_it.o(i.NMI_Handler) for NMI_Handler
    startup_stm32f103xe.o(RESET) refers to stm32f1xx_it.o(i.HardFault_Handler) for HardFault_Handler
    startup_stm32f103xe.o(RESET) refers to stm32f1xx_it.o(i.MemManage_Handler) for MemManage_Handler
    startup_stm32f103xe.o(RESET) refers to stm32f1xx_it.o(i.BusFault_Handler) for BusFault_Handler
    startup_stm32f103xe.o(RESET) refers to stm32f1xx_it.o(i.UsageFault_Handler) for UsageFault_Handler
    startup_stm32f103xe.o(RESET) refers to stm32f1xx_it.o(i.SVC_Handler) for SVC_Handler
    startup_stm32f103xe.o(RESET) refers to stm32f1xx_it.o(i.DebugMon_Handler) for DebugMon_Handler
    startup_stm32f103xe.o(RESET) refers to stm32f1xx_it.o(i.PendSV_Handler) for PendSV_Handler
    startup_stm32f103xe.o(RESET) refers to stm32f1xx_it.o(i.SysTick_Handler) for SysTick_Handler
    startup_stm32f103xe.o(RESET) refers to timer.o(i.TIM3_IRQHandler) for TIM3_IRQHandler
    startup_stm32f103xe.o(RESET) refers to usart.o(i.USART1_IRQHandler) for USART1_IRQHandler
    startup_stm32f103xe.o(RESET) refers to usart3.o(i.USART3_IRQHandler) for USART3_IRQHandler
    startup_stm32f103xe.o(.text) refers to system_stm32f1xx.o(i.SystemInit) for SystemInit
    startup_stm32f103xe.o(.text) refers to entry.o(.ARM.Collect$$$$00000000) for __main
    stm32f1xx_hal.o(i.HAL_DeInit) refers to stm32f1xx_hal_msp.o(i.HAL_MspDeInit) for HAL_MspDeInit
    stm32f1xx_hal.o(i.HAL_Delay) refers to stm32f1xx_hal.o(i.HAL_GetTick) for HAL_GetTick
    stm32f1xx_hal.o(i.HAL_Delay) refers to stm32f1xx_hal.o(.data) for .data
    stm32f1xx_hal.o(i.HAL_GetTick) refers to stm32f1xx_hal.o(.data) for .data
    stm32f1xx_hal.o(i.HAL_GetTickFreq) refers to stm32f1xx_hal.o(.data) for .data
    stm32f1xx_hal.o(i.HAL_GetTickPrio) refers to stm32f1xx_hal.o(.data) for .data
    stm32f1xx_hal.o(i.HAL_IncTick) refers to stm32f1xx_hal.o(.data) for .data
[...]
    ../clib/microlib/init/entry.s            0x00000000   Number         0  entry9a.o ABSOLUTE
    ../clib/microlib/init/entry.s            0x00000000   Number         0  entry8a.o ABSOLUTE
    ../clib/microlib/longlong.c              0x00000000   Number         0  llsshr.o ABSOLUTE
    ../clib/microlib/longlong.c              0x00000000   Number         0  llushr.o ABSOLUTE
    ../clib/microlib/longlong.c              0x00000000   Number         0  llshl.o ABSOLUTE
    ../clib/microlib/printf/printf.c         0x00000000   Number         0  printfa.o ABSOLUTE
    ../clib/microlib/printf/printf.c         0x00000000   Number         0  printf3.o ABSOLUTE
    ../clib/microlib/printf/printf.c         0x00000000   Number         0  printf2.o ABSOLUTE
    ../clib/microlib/printf/printf.c         0x00000000   Number         0  printf5.o ABSOLUTE
    ../clib/microlib/printf/printf.c         0x00000000   Number         0  printf4.o ABSOLUTE
    ../clib/microlib/printf/printf.c         0x00000000   Number         0  printf0.o ABSOLUTE
    ../clib/microlib/printf/printf.c         0x00000000   Number         0  printfb.o ABSOLUTE
    ../clib/microlib/printf/printf.c         0x00000000   Number         0  printf1.o ABSOLUTE
    ../clib/microlib/printf/printf.c         0x00000000   Number         0  printf7.o ABSOLUTE
    ../clib/microlib/printf/printf.c         0x00000000   Number         0  printf6.o ABSOLUTE
    ../clib/microlib/printf/printf.c         0x00000000   Number         0  printf8.o ABSOLUTE
    ../clib/microlib/printf/stubs.s          0x00000000   Number         0  stubs.o ABSOLUTE
    ../clib/microlib/string/memcpy.c         0x00000000   Number         0  memcpyb.o ABSOLUTE
    ../clib/microlib/string/memcpy.c         0x00000000   Number         0  memcpya.o ABSOLUTE
    ../clib/microlib/string/memset.c         0x00000000   Number         0  memseta.o ABSOLUTE
    ../clib/microlib/string/strlen.c         0x00000000   Number         0  strlen.o ABSOLUTE
    ../clib/microlib/string/strstr.c         0x00000000   Number         0  strstr.o ABSOLUTE
    ../clib/microlib/stubs.s                 0x00000000   Number         0  iusefp.o ABSOLUTE
    ../clib/microlib/stubs.s                 0x00000000   Number         0  useno.o ABSOLUTE
    ../fplib/microlib/d2f.c                  0x00000000   Number         0  d2f.o ABSOLUTE
    ../fplib/microlib/f2d.c                  0x00000000   Number         0  f2d.o ABSOLUTE
    ../fplib/microlib/fpadd.c                0x00000000   Number         0  fadd.o ABSOLUTE
    ../fplib/microlib/fpadd.c                0x00000000   Number         0  dadd.o ABSOLUTE
    ../fplib/microlib/fpdiv.c                0x00000000   Number         0  ddiv.o ABSOLUTE
    ../fplib/microlib/fpdiv.c                0x00000000   Number         0  fdiv.o ABSOLUTE
    ../fplib/microlib/fpepilogue.c           0x00000000   Number         0  fepilogue.o ABSOLUTE
    ../fplib/microlib/fpepilogue.c           0x00000000   Number         0  depilogue.o ABSOLUTE
    ../fplib/microlib/fpfix.c                0x00000000   Number         0  dfixul.o ABSOLUTE
    ../fplib/microlib/fpfix.c                0x00000000   Number         0  dfixui.o ABSOLUTE
    ../fplib/microlib/fpfix.c                0x00000000   Number         0  ffixi.o ABSOLUTE
    ../fplib/microlib/fpfix.c                0x00000000   Number         0  ffixui.o ABSOLUTE
    ../fplib/microlib/fpflt.c                0x00000000   Number         0  fflti.o ABSOLUTE
    ../fplib/microlib/fpflt.c                0x00000000   Number         0  dfltui.o ABSOLUTE
    ../fplib/microlib/fpflt.c                0x00000000   Number         0  ffltui.o ABSOLUTE
    ../fplib/microlib/fpmul.c                0x00000000   Number         0  fmul.o ABSOLUTE
    ../fplib/microlib/fpmul.c                0x00000000   Number         0  dmul.o ABSOLUTE
    ..\CANCONTROL\MatchingCommands.c         0x00000000   Number         0  matchingcommands.o ABSOLUTE
    ..\CANCONTROL\canControl.c               0x00000000   Number         0  cancontrol.o ABSOLUTE
    ..\CORE\startup_stm32f103xe.s            0x00000000   Number         0  startup_stm32f103xe.o ABSOLUTE
    ..\HALLIB\STM32F1xx_HAL_Driver\Src\stm32f1xx_hal.c 0x00000000   Number         0  stm32f1xx_hal.o ABSOLUTE
    ..\HALLIB\STM32F1xx_HAL_Driver\Src\stm32f1xx_hal_can.c 0x00000000   Number         0  stm32f1xx_hal_can.o ABSOLUTE
    ..\HALLIB\STM32F1xx_HAL_Driver\Src\stm32f1xx_hal_cortex.c 0x00000000   Number         0  stm32f1xx_hal_cortex.o ABSOLUTE
    ..\HALLIB\STM32F1xx_HAL_Driver\Src\stm32f1xx_hal_dma.c 0x00000000   Number         0  stm32f1xx_hal_dma.o ABSOLUTE
    ..\HALLIB\STM32F1xx_HAL_Driver\Src\stm32f1xx_hal_gpio.c 0x00000000   Number         0  stm32f1xx_hal_gpio.o ABSOLUTE
    ..\HALLIB\STM32F1xx_HAL_Driver\Src\stm32f1xx_hal_gpio_ex.c 0x00000000   Number         0  stm32f1xx_hal_gpio_ex.o ABSOLUTE
    ..\HALLIB\STM32F1xx_HAL_Driver\Src\stm32f1xx_hal_pwr.c 0x00000000   Number         0  stm32f1xx_hal_pwr.o ABSOLUTE
    ..\HALLIB\STM32F1xx_HAL_Driver\Src\stm32f1xx_hal_rcc.c 0x00000000   Number         0  stm32f1xx_hal_rcc.o ABSOLUTE
    ..\HALLIB\STM32F1xx_HAL_Driver\Src\stm32f1xx_hal_rcc_ex.c 0x00000000   Number         0  stm32f1xx_hal_rcc_ex.o ABSOLUTE
    ..\HALLIB\STM32F1xx_HAL_Driver\Src\stm32f1xx_hal_spi.c 0x00000000   Number         0  stm32f1xx_hal_spi.o ABSOLUTE
    ..\HALLIB\STM32F1xx_HAL_Driver\Src\stm32f1xx_hal_sram.c 0x00000000   Number         0  stm32f1xx_hal_sram.o ABSOLUTE
    ..\HALLIB\STM32F1xx_HAL_Driver\Src\stm32f1xx_hal_tim.c 0x00000000   Number         0  stm32f1xx_hal_tim.o ABSOLUTE
    ..\HALLIB\STM32F1xx_HAL_Driver\Src\stm32f1xx_hal_tim_ex.c 0x00000000   Number         0  stm32f1xx_hal_tim_ex.o ABSOLUTE
    ..\HALLIB\STM32F1xx_HAL_Driver\Src\stm32f1xx_hal_uart.c 0x00000000   Number         0  stm32f1xx_hal_uart.o ABSOLUTE
    ..\HALLIB\STM32F1xx_HAL_Driver\Src\stm32f1xx_hal_usart.c 0x00000000   Number         0  stm32f1xx_hal_usart.o ABSOLUTE
    ..\HALLIB\STM32F1xx_HAL_Driver\Src\stm32f1xx_ll_fsmc.c 0x00000000   Number         0  stm32f1xx_ll_fsmc.o ABSOLUTE
    ..\HARDWARE\CAN\can.c                    0x00000000   Number         0  can.o ABSOLUTE
    ..\HARDWARE\TIMER\timer.c                0x00000000   Number         0  timer.o ABSOLUTE
    ..\SYSTEM\delay\delay.c                  0x00000000   Number         0  delay.o ABSOLUTE
    ..\SYSTEM\sys\sys.c                      0x00000000   Number         0  sys.o ABSOLUTE
    ..\SYSTEM\usart\usart.c                  0x00000000   Number         0  usart.o ABSOLUTE
    ..\UART2ETH\ATK-UART2ETH\atk_u2e.c       0x00000000   Number         0  atk_u2e.o ABSOLUTE
    ..\UART2ETH\RINGBUFFER\ringbuffer.c      0x00000000   Number         0  ringbuffer.o ABSOLUTE
    ..\UART2ETH\USART3\usart3.c              0x00000000   Number         0  usart3.o ABSOLUTE
    ..\\CANCONTROL\\MatchingCommands.c       0x00000000   Number         0  matchingcommands.o ABSOLUTE
    ..\\CANCONTROL\\canControl.c             0x00000000   Number         0  cancontrol.o ABSOLUTE
    ..\\HALLIB\\STM32F1xx_HAL_Driver\\Src\\stm32f1xx_hal.c 0x00000000   Number         0  stm32f1xx_hal.o ABSOLUTE
    ..\\HALLIB\\STM32F1xx_HAL_Driver\\Src\\stm32f1xx_hal_can.c 0x00000000   Number         0  stm32f1xx_hal_can.o ABSOLUTE
    ..\\HALLIB\\STM32F1xx_HAL_Driver\\Src\\stm32f1xx_hal_cortex.c 0x00000000   Number         0  stm32f1xx_hal_cortex.o ABSOLUTE
    ..\\HALLIB\\STM32F1xx_HAL_Driver\\Src\\stm32f1xx_hal_dma.c 0x00000000   Number         0  stm32f1xx_hal_dma.o ABSOLUTE
    ..\\HALLIB\\STM32F1xx_HAL_Driver\\Src\\stm32f1xx_hal_gpio.c 0x00000000   Number         0  stm32f1xx_hal_gpio.o ABSOLUTE
    ..\\HALLIB\\STM32F1xx_HAL_Driver\\Src\\stm32f1xx_hal_gpio_ex.c 0x00000000   Number         0  stm32f1xx_hal_gpio_ex.o ABSOLUTE
    ..\\HALLIB\\STM32F1xx_HAL_Driver\\Src\\stm32f1xx_hal_pwr.c 0x00000000   Number         0  stm32f1xx_hal_pwr.o ABSOLUTE
    ..\\HALLIB\\STM32F1xx_HAL_Driver\\Src\\stm32f1xx_hal_rcc.c 0x00000000   Number         0  stm32f1xx_hal_rcc.o ABSOLUTE
    ..\\HALLIB\\STM32F1xx_HAL_Driver\\Src\\stm32f1xx_hal_rcc_ex.c 0x00000000   Number         0  stm32f1xx_hal_rcc_ex.o ABSOLUTE
    ..\\HALLIB\\STM32F1xx_HAL_Driver\\Src\\stm32f1xx_hal_spi.c 0x00000000   Number         0  stm32f1xx_hal_spi.o ABSOLUTE
    ..\\HALLIB\\STM32F1xx_HAL_Driver\\Src\\stm32f1xx_hal_sram.c 0x00000000   Number         0  stm32f1xx_hal_sram.o ABSOLUTE
    ..\\HALLIB\\STM32F1xx_HAL_Driver\\Src\\stm32f1xx_hal_tim.c 0x00000000   Number         0  stm32f1xx_hal_tim.o ABSOLUTE
    ..\\HALLIB\\STM32F1xx_HAL_Driver\\Src\\stm32f1xx_hal_tim_ex.c 0x00000000   Number         0  stm32f1xx_hal_tim_ex.o ABSOLUTE
    ..\\HALLIB\\STM32F1xx_HAL_Driver\\Src\\stm32f1xx_hal_uart.c 0x00000000   Number         0  stm32f1xx_hal_uart.o ABSOLUTE
    ..\\HALLIB\\STM32F1xx_HAL_Driver\\Src\\stm32f1xx_hal_usart.c 0x00000000   Number         0  stm32f1xx_hal_usart.o ABSOLUTE
    ..\\HALLIB\\STM32F1xx_HAL_Driver\\Src\\stm32f1xx_ll_fsmc.c 0x00000000   Number         0  stm32f1xx_ll_fsmc.o ABSOLUTE
    ..\\HARDWARE\\CAN\\can.c                 0x00000000   Number         0  can.o ABSOLUTE
    ..\\HARDWARE\\TIMER\\timer.c             0x00000000   Number         0  timer.o ABSOLUTE
    ..\\SYSTEM\\delay\\delay.c               0x00000000   Number         0  delay.o ABSOLUTE
    ..\\SYSTEM\\sys\\sys.c                   0x00000000   Number         0  sys.o ABSOLUTE
    ..\\SYSTEM\\usart\\usart.c               0x00000000   Number         0  usart.o ABSOLUTE
    ..\\UART2ETH\\ATK-UART2ETH\\atk_u2e.c    0x00000000   Number         0  atk_u2e.o ABSOLUTE
    ..\\UART2ETH\\RINGBUFFER\\ringbuffer.c   0x00000000   Number         0  ringbuffer.o ABSOLUTE
    ..\\UART2ETH\\USART3\\usart3.c           0x00000000   Number         0  usart3.o ABSOLUTE
    cdrcmple.s                               0x00000000   Number         0  cdrcmple.o ABSOLUTE
    dc.s                                     0x00000000   Number         0  dc.o ABSOLUTE
    handlers.s                               0x00000000   Number         0  handlers.o ABSOLUTE
    init.s                                   0x00000000   Number         0  init.o ABSOLUTE
    main.c                                   0x00000000   Number         0  main.o ABSOLUTE
    main.c                                   0x00000000   Number         0  main.o ABSOLUTE
    stm32f1xx_hal_msp.c                      0x00000000   Number         0  stm32f1xx_hal_msp.o ABSOLUTE
    stm32f1xx_hal_msp.c                      0x00000000   Number         0  stm32f1xx_hal_msp.o ABSOLUTE
    stm32f1xx_it.c                           0x00000000   Number         0  stm32f1xx_it.o ABSOLUTE
    stm32f1xx_it.c                           0x00000000   Number         0  stm32f1xx_it.o ABSOLUTE
    system_stm32f1xx.c                       0x00000000   Number         0  system_stm32f1xx.o ABSOLUTE
    system_stm32f1xx.c                       0x00000000   Number         0  system_stm32f1xx.o ABSOLUTE
    RESET                                    0x08000000   Section      304  startup_stm32f103xe.o(RESET)
    .ARM.Collect$$$$00000000                 0x08000130   Section        0  entry.o(.ARM.Collect$$$$00000000)
    .ARM.Collect$$$$00000001                 0x08000130   Section        4  entry2.o(.ARM.Collect$$$$00000001)
    .ARM.Collect$$$$00000004                 0x08000134   Section        4  entry5.o(.ARM.Collect$$$$00000004)
    .ARM.Collect$$$$00000008                 0x08000138   Section        0  entry7b.o(.ARM.Collect$$$$00000008)
    .ARM.Collect$$$$0000000A                 0x08000138   Section        0  entry8b.o(.ARM.Collect$$$$0000000A)
    .ARM.Collect$$$$0000000B                 0x08000138   Section        8  entry9a.o(.ARM.Collect$$$$0000000B)
    .ARM.Collect$$$$0000000E                 0x08000140   Section        4  entry12b.o(.ARM.Collect$$$$0000000E)
    .ARM.Collect$$$$0000000F                 0x08000144   Section        0  entry10a.o(.ARM.Collect$$$$0000000F)
    .ARM.Collect$$$$00000011                 0x08000144   Section        0  entry11a.o(.ARM.Collect$$$$00000011)
    .ARM.Collect$$$$00002712                 0x08000144   Section        4  entry2.o(.ARM.Collect$$$$00002712)
    __lit__00000000                          0x08000144   Data           4  entry2.o(.ARM.Collect$$$$00002712)
    .text                                    0x08000148   Section       36  startup_stm32f103xe.o(.text)
    .text                                    0x0800016c   Section        0  memcpya.o(.text)
    .text                                    0x08000190   Section        0  memseta.o(.text)
    .text                                    0x080001b4   Section        0  strstr.o(.text)
    .text                                    0x080001d8   Section        0  strlen.o(.text)
    .text                                    0x080001e6   Section        0  fadd.o(.text)
    .text                                    0x08000296   Section        0  fmul.o(.text)
    .text                                    0x080002fa   Section        0  dadd.o(.text)
    .text                                    0x08000448   Section        0  dmul.o(.text)
    .text                                    0x0800052c   Section        0  ffltui.o(.text)
    .text                                    0x08000536   Section        0  dfltui.o(.text)
    .text                                    0x08000550   Section        0  ffixi.o(.text)
    .text                                    0x08000582   Section        0  ffixui.o(.text)
    .text                                    0x080005aa   Section        0  dfixui.o(.text)
    .text                                    0x080005dc   Section        0  f2d.o(.text)
    .text                                    0x08000602   Section        0  d2f.o(.text)
    .text                                    0x0800063a   Section        0  uidiv.o(.text)
    .text                                    0x08000666   Section        0  uldiv.o(.text)
    .text                                    0x080006c8   Section        0  llshl.o(.text)
    .text                                    0x080006e6   Section        0  llushr.o(.text)
    .text                                    0x08000706   Section        0  llsshr.o(.text)
    .text                                    0x0800072a   Section        0  fepilogue.o(.text)
    .text                                    0x0800072a   Section        0  iusefp.o(.text)
    .text                                    0x08000798   Section        0  depilogue.o(.text)
    .text                                    0x08000852   Section        0  ddiv.o(.text)
    .text                                    0x08000930   Section        0  dfixul.o(.text)
    .text                                    0x08000960   Section       48  cdrcmple.o(.text)
    .text                                    0x08000990   Section       36  init.o(.text)
    i.BusFault_Handler                       0x080009b4   Section        0  stm32f1xx_it.o(i.BusFault_Handler)
    i.CAN1_Mode_Init                         0x080009b8   Section        0  can.o(i.CAN1_Mode_Init)
    i.CAN1_Receive_Msg                       0x08000a08   Section        0  can.o(i.CAN1_Receive_Msg)
    i.CAN1_Send_Msg                          0x08000a50   Section        0  can.o(i.CAN1_Send_Msg)
    i.CAN_Config                             0x08000a98   Section        0  can.o(i.CAN_Config)
    i.DebugMon_Handler                       0x08000af8   Section        0  stm32f1xx_it.o(i.DebugMon_Handler)
    i.GetsearchKey                           0x08000afa   Section        0  atk_u2e.o(i.GetsearchKey)
    i.HAL_CAN_ActivateNotification           0x08000b56   Section        0  stm32f1xx_hal_can.o(i.HAL_CAN_ActivateNotification)
    i.HAL_CAN_AddTxMessage                   0x08000b7a   Section        0  stm32f1xx_hal_can.o(i.HAL_CAN_AddTxMessage)
    i.HAL_CAN_ConfigFilter                   0x08000c56   Section        0  stm32f1xx_hal_can.o(i.HAL_CAN_ConfigFilter)
    i.HAL_CAN_GetRxFifoFillLevel             0x08000d42   Section        0  stm32f1xx_hal_can.o(i.HAL_CAN_GetRxFifoFillLevel)
    i.HAL_CAN_GetRxMessage                   0x08000d62   Section        0  stm32f1xx_hal_can.o(i.HAL_CAN_GetRxMessage)
    i.HAL_CAN_GetTxMailboxesFreeLevel        0x08000e4a   Section        0  stm32f1xx_hal_can.o(i.HAL_CAN_GetTxMailboxesFreeLevel)
    i.HAL_CAN_Init                           0x08000e76   Section        0  stm32f1xx_hal_can.o(i.HAL_CAN_Init)
    i.HAL_CAN_MspInit                        0x08000f90   Section        0  can.o(i.HAL_CAN_MspInit)
    i.HAL_CAN_Start                          0x08000ff0   Section        0  stm32f1xx_hal_can.o(i.HAL_CAN_Start)
    i.HAL_DMA_Abort_IT                       0x08001048   Section        0  stm32f1xx_hal_dma.o(i.HAL_DMA_Abort_IT)
    i.HAL_GPIO_Init                          0x08001178   Section        0  stm32f1xx_hal_gpio.o(i.HAL_GPIO_Init)
    i.HAL_GPIO_WritePin                      0x08001368   Section        0  stm32f1xx_hal_gpio.o(i.HAL_GPIO_WritePin)
    i.HAL_GetTick                            0x08001374   Section        0  stm32f1xx_hal.o(i.HAL_GetTick)
    i.HAL_IncTick                            0x08001380   Section        0  stm32f1xx_hal.o(i.HAL_IncTick)
    i.HAL_Init                               0x08001390   Section        0  stm32f1xx_hal.o(i.HAL_Init)
    i.HAL_InitTick                           0x080013b4   Section        0  stm32f1xx_hal.o(i.HAL_InitTick)
    i.HAL_MspInit                            0x080013f4   Section        0  stm32f1xx_hal_msp.o(i.HAL_MspInit)
    i.HAL_NVIC_EnableIRQ                     0x080013f6   Section        0  stm32f1xx_hal_cortex.o(i.HAL_NVIC_EnableIRQ)
    i.HAL_NVIC_SetPriority                   0x08001410   Section        0  stm32f1xx_hal_cortex.o(i.HAL_NVIC_SetPriority)
    i.HAL_NVIC_SetPriorityGrouping           0x08001450   Section        0  stm32f1xx_hal_cortex.o(i.HAL_NVIC_SetPriorityGrouping)
    i.HAL_NVIC_SystemReset                   0x08001474   Section        0  stm32f1xx_hal_cortex.o(i.HAL_NVIC_SystemReset)
    i.HAL_RCC_ClockConfig                    0x08001498   Section        0  stm32f1xx_hal_rcc.o(i.HAL_RCC_ClockConfig)
    i.HAL_RCC_GetPCLK1Freq                   0x080015d0   Section        0  stm32f1xx_hal_rcc.o(i.HAL_RCC_GetPCLK1Freq)
    i.HAL_RCC_GetPCLK2Freq                   0x080015f0   Section        0  stm32f1xx_hal_rcc.o(i.HAL_RCC_GetPCLK2Freq)
    i.HAL_RCC_GetSysClockFreq                0x08001610   Section        0  stm32f1xx_hal_rcc.o(i.HAL_RCC_GetSysClockFreq)
    i.HAL_RCC_OscConfig                      0x0800167c   Section        0  stm32f1xx_hal_rcc.o(i.HAL_RCC_OscConfig)
    i.HAL_SYSTICK_CLKSourceConfig            0x08001994   Section        0  stm32f1xx_hal_cortex.o(i.HAL_SYSTICK_CLKSourceConfig)
    i.HAL_SYSTICK_Config                     0x080019ac   Section        0  stm32f1xx_hal_cortex.o(i.HAL_SYSTICK_Config)
    i.HAL_TIMEx_BreakCallback                0x080019d4   Section        0  stm32f1xx_hal_tim_ex.o(i.HAL_TIMEx_BreakCallback)
    i.HAL_TIMEx_CommutCallback               0x080019d6   Section        0  stm32f1xx_hal_tim_ex.o(i.HAL_TIMEx_CommutCallback)
    i.HAL_TIM_Base_Init                      0x080019d8   Section        0  stm32f1xx_hal_tim.o(i.HAL_TIM_Base_Init)
    i.HAL_TIM_Base_MspInit                   0x08001a10   Section        0  timer.o(i.HAL_TIM_Base_MspInit)
    i.HAL_TIM_Base_Start                     0x08001a4c   Section        0  stm32f1xx_hal_tim.o(i.HAL_TIM_Base_Start)
    i.HAL_TIM_Base_Stop                      0x08001a70   Section        0  stm32f1xx_hal_tim.o(i.HAL_TIM_Base_Stop)
    i.HAL_TIM_IC_CaptureCallback             0x08001a9c   Section        0  stm32f1xx_hal_tim.o(i.HAL_TIM_IC_CaptureCallback)
    i.HAL_TIM_IRQHandler                     0x08001a9e   Section        0  stm32f1xx_hal_tim.o(i.HAL_TIM_IRQHandler)
    i.HAL_TIM_OC_DelayElapsedCallback        0x08001c04   Section        0  stm32f1xx_hal_tim.o(i.HAL_TIM_OC_DelayElapsedCallback)
    i.HAL_TIM_PWM_PulseFinishedCallback      0x08001c06   Section        0  stm32f1xx_hal_tim.o(i.HAL_TIM_PWM_PulseFinishedCallback)
    i.HAL_TIM_PeriodElapsedCallback          0x08001c08   Section        0  stm32f1xx_hal_tim.o(i.HAL_TIM_PeriodElapsedCallback)
    i.HAL_TIM_TriggerCallback                0x08001c0a   Section        0  stm32f1xx_hal_tim.o(i.HAL_TIM_TriggerCallback)
    i.HAL_UART_ErrorCallback                 0x08001c0c   Section        0  stm32f1xx_hal_uart.o(i.HAL_UART_ErrorCallback)
    i.HAL_UART_GetState                      0x08001c0e   Section        0  stm32f1xx_hal_uart.o(i.HAL_UART_GetState)
    i.HAL_UART_IRQHandler                    0x08001c18   Section        0  stm32f1xx_hal_uart.o(i.HAL_UART_IRQHandler)
    i.HAL_UART_Init                          0x08001d28   Section        0  stm32f1xx_hal_uart.o(i.HAL_UART_Init)
    i.HAL_UART_MspInit                       0x08001d8c   Section        0  usart.o(i.HAL_UART_MspInit)
    i.HAL_UART_Receive_IT                    0x08001e18   Section        0  stm32f1xx_hal_uart.o(i.HAL_UART_Receive_IT)
    i.HAL_UART_RxCpltCallback                0x08001e6c   Section        0  usart.o(i.HAL_UART_RxCpltCallback)
    i.HAL_UART_Transmit                      0x08001ec4   Section        0  stm32f1xx_hal_uart.o(i.HAL_UART_Transmit)
    i.HAL_UART_TxCpltCallback                0x08001f7e   Section        0  stm32f1xx_hal_uart.o(i.HAL_UART_TxCpltCallback)
    i.HardFault_Handler                      0x08001f80   Section        0  stm32f1xx_it.o(i.HardFault_Handler)
    i.MemManage_Handler                      0x08001f82   Section        0  stm32f1xx_it.o(i.MemManage_Handler)
    i.NMI_Handler                            0x08001f84   Section        0  stm32f1xx_it.o(i.NMI_Handler)
    i.PendSV_Handler                         0x08001f86   Section        0  stm32f1xx_it.o(i.PendSV_Handler)
    i.RingBuffer_Reset                       0x08001f88   Section        0  usart3.o(i.RingBuffer_Reset)
    i.SVC_Handler                            0x08001f9c   Section        0  stm32f1xx_it.o(i.SVC_Handler)
    i.Stm32_Clock_Init                       0x08001f9e   Section        0  sys.o(i.Stm32_Clock_Init)
    i.SysTick_Handler                        0x08001fe2   Section        0  stm32f1xx_it.o(i.SysTick_Handler)
    i.SystemInit                             0x08001fe8   Section        0  system_stm32f1xx.o(i.SystemInit)
    i.TIM3_IRQHandler                        0x08002030   Section        0  timer.o(i.TIM3_IRQHandler)
    i.TIM3_Init                              0x0800203c   Section        0  timer.o(i.TIM3_Init)
    i.TIM_Base_SetConfig                     0x0800205c   Section        0  stm32f1xx_hal_tim.o(i.TIM_Base_SetConfig)
    i.UART_DMAAbortOnError                   0x080020e8   Section        0  stm32f1xx_hal_uart.o(i.UART_DMAAbortOnError)
    UART_DMAAbortOnError                     0x080020e9   Thumb Code    16  stm32f1xx_hal_uart.o(i.UART_DMAAbortOnError)
    i.UART_EndRxTransfer                     0x080020f8   Section        0  stm32f1xx_hal_uart.o(i.UART_EndRxTransfer)
    UART_EndRxTransfer                       0x080020f9   Thumb Code    28  stm32f1xx_hal_uart.o(i.UART_EndRxTransfer)
    i.UART_Receive_IT                        0x08002114   Section        0  stm32f1xx_hal_uart.o(i.UART_Receive_IT)
    UART_Receive_IT                          0x08002115   Thumb Code   150  stm32f1xx_hal_uart.o(i.UART_Receive_IT)
    i.UART_SetConfig                         0x080021ac   Section        0  stm32f1xx_hal_uart.o(i.UART_SetConfig)
    UART_SetConfig                           0x080021ad   Thumb Code   178  stm32f1xx_hal_uart.o(i.UART_SetConfig)
    i.UART_Transmit_IT                       0x08002264   Section        0  stm32f1xx_hal_uart.o(i.UART_Transmit_IT)
    UART_Transmit_IT                         0x08002265   Thumb Code    98  stm32f1xx_hal_uart.o(i.UART_Transmit_IT)
    i.UART_WaitOnFlagUntilTimeout            0x080022c6   Section        0  stm32f1xx_hal_uart.o(i.UART_WaitOnFlagUntilTimeout)
    UART_WaitOnFlagUntilTimeout              0x080022c7   Thumb Code    98  stm32f1xx_hal_uart.o(i.UART_WaitOnFlagUntilTimeout)
    i.USART1_IRQHandler                      0x08002328   Section        0  usart.o(i.USART1_IRQHandler)
    i.USART3_IRQHandler                      0x08002354   Section        0  usart3.o(i.USART3_IRQHandler)
    i.UsageFault_Handler                     0x0800237c   Section        0  stm32f1xx_it.o(i.UsageFault_Handler)
    i.__0printf                              0x08002380   Section        0  printfa.o(i.__0printf)
    i.__0sprintf                             0x080023a0   Section        0  printfa.o(i.__0sprintf)
    i.__NVIC_SetPriority                     0x080023c8   Section        0  stm32f1xx_hal_cortex.o(i.__NVIC_SetPriority)
    __NVIC_SetPriority                       0x080023c9   Thumb Code    32  stm32f1xx_hal_cortex.o(i.__NVIC_SetPriority)
    i.__scatterload_copy                     0x080023e8   Section       14  handlers.o(i.__scatterload_copy)
    i.__scatterload_null                     0x080023f6   Section        2  handlers.o(i.__scatterload_null)
    i.__scatterload_zeroinit                 0x080023f8   Section       14  handlers.o(i.__scatterload_zeroinit)
    i._fp_digits                             0x08002408   Section        0  printfa.o(i._fp_digits)
    _fp_digits                               0x08002409   Thumb Code   366  printfa.o(i._fp_digits)
    i._printf_core                           0x0800258c   Section        0  printfa.o(i._printf_core)
    _printf_core                             0x0800258d   Thumb Code  1704  printfa.o(i._printf_core)
    i._printf_post_padding                   0x08002c40   Section        0  printfa.o(i._printf_post_padding)
    _printf_post_padding                     0x08002c41   Thumb Code    36  printfa.o(i._printf_post_padding)
    i._printf_pre_padding                    0x08002c64   Section        0  printfa.o(i._printf_pre_padding)
    _printf_pre_padding                      0x08002c65   Thumb Code    46  printfa.o(i._printf_pre_padding)
    i._sputc                                 0x08002c92   Section        0  printfa.o(i._sputc)
    _sputc                                   0x08002c93   Thumb Code    10  printfa.o(i._sputc)
    i.control_CAN                            0x08002c9c   Section        0  ringbuffer.o(i.control_CAN)
    i.delay_init                             0x08002e70   Section        0  delay.o(i.delay_init)
    i.delay_ms                               0x08002e84   Section        0  delay.o(i.delay_ms)
    i.delay_us                               0x08002ea0   Section        0  delay.o(i.delay_us)
    i.find_cmd                               0x08002ed4   Section        0  ringbuffer.o(i.find_cmd)
    i.fputc                                  0x08003010   Section        0  usart.o(i.fputc)
    i.getTimerCountValue                     0x08003028   Section        0  timer.o(i.getTimerCountValue)
    i.isReceived                             0x08003030   Section        0  cancontrol.o(i.isReceived)
    i.main                                   0x080030a0   Section        0  main.o(i.main)
    i.motorCommandGenerate                   0x0800317c   Section        0  cancontrol.o(i.motorCommandGenerate)
    i.queueinit                              0x08003258   Section        0  ringbuffer.o(i.queueinit)
    i.res_usart3_revdata                     0x0800326c   Section        0  usart3.o(i.res_usart3_revdata)
    i.ring_Queue_in                          0x08003284   Section        0  ringbuffer.o(i.ring_Queue_in)
    i.ringbuffer_getRemainSize               0x080032cc   Section        0  ringbuffer.o(i.ringbuffer_getRemainSize)
    i.ringbuffer_getUsedSize                 0x080032de   Section        0  ringbuffer.o(i.ringbuffer_getUsedSize)
    i.ringbuffer_in                          0x080032f4   Section        0  ringbuffer.o(i.ringbuffer_in)
    i.ringbuffer_in_check                    0x0800331a   Section        0  ringbuffer.o(i.ringbuffer_in_check)
    i.ringbuffer_init                        0x0800333c   Section        0  ringbuffer.o(i.ringbuffer_init)
    i.ringbuffer_isEmpty                     0x08003348   Section        0  ringbuffer.o(i.ringbuffer_isEmpty)
    i.ringbuffer_out                         0x08003358   Section        0  ringbuffer.o(i.ringbuffer_out)
    i.sendMotorCommand                       0x0800339c   Section        0  cancontrol.o(i.sendMotorCommand)
    i.send_cmd_to_u2e                        0x08003504   Section        0  atk_u2e.o(i.send_cmd_to_u2e)
    send_cmd_to_u2e                          0x08003505   Thumb Code   134  atk_u2e.o(i.send_cmd_to_u2e)
    i.send_data_to_u2e                       0x0800359c   Section        0  atk_u2e.o(i.send_data_to_u2e)
    i.startTimerInterrupt                    0x080035a4   Section        0  timer.o(i.startTimerInterrupt)
    i.stopTimerInterrupt                     0x080035b8   Section        0  timer.o(i.stopTimerInterrupt)
    i.u2e_config_init                        0x080035cc   Section        0  atk_u2e.o(i.u2e_config_init)
    i.u2e_config_work_param                  0x080036d4   Section        0  atk_u2e.o(i.u2e_config_work_param)
    u2e_config_work_param                    0x080036d5   Thumb Code    78  atk_u2e.o(i.u2e_config_work_param)
    i.u2e_enter_configmode                   0x0800372c   Section        0  atk_u2e.o(i.u2e_enter_configmode)
    u2e_enter_configmode                     0x0800372d   Thumb Code   102  atk_u2e.o(i.u2e_enter_configmode)
    i.uart_init                              0x080037f0   Section        0  usart.o(i.uart_init)
    i.usart1_send_data                       0x08003828   Section        0  matchingcommands.o(i.usart1_send_data)
    i.usart3_getRxData                       0x08003848   Section        0  usart3.o(i.usart3_getRxData)
    i.usart3_init                            0x08003858   Section        0  usart3.o(i.usart3_init)
    i.usart3_send_data                       0x08003910   Section        0  usart3.o(i.usart3_send_data)
    .constdata                               0x08003924   Section       16  system_stm32f1xx.o(.constdata)
    .constdata                               0x08003934   Section        8  system_stm32f1xx.o(.constdata)
    .constdata                               0x0800393c   Section      948  atk_u2e.o(.constdata)
    u2e_udp_server_info                      0x0800393c   Data         144  atk_u2e.o(.constdata)
    u2e_udp_client_info                      0x080039cc   Data         156  atk_u2e.o(.constdata)
    u2e_tcp_server_info                      0x08003a68   Data         144  atk_u2e.o(.constdata)
    u2e_tcp_client_info                      0x08003af8   Data         156  atk_u2e.o(.constdata)
    u2e_atkcloud_info                        0x08003b94   Data         204  atk_u2e.o(.constdata)
    u2e_udpmulticast_info                    0x08003c60   Data         144  atk_u2e.o(.constdata)
    .conststring                             0x08003cf0   Section       75  cancontrol.o(.conststring)
    .conststring                             0x08003d3c   Section     1330  atk_u2e.o(.conststring)
    .data                                    0x20000000   Section        4  system_stm32f1xx.o(.data)
    .data                                    0x20000004   Section       12  stm32f1xx_hal.o(.data)
    .data                                    0x20000010   Section        4  delay.o(.data)
    fac_us                                   0x20000010   Data           4  delay.o(.data)
    .data                                    0x20000014   Section        4  usart.o(.data)
    .data                                    0x20000018   Section        4  usart.o(.data)
    .data                                    0x2000001c   Section        8  cancontrol.o(.data)
    buf                                      0x2000001c   Data           8  cancontrol.o(.data)
    .data                                    0x20000024   Section       16  ringbuffer.o(.data)
    dir                                      0x20000028   Data           1  ringbuffer.o(.data)
    dis                                      0x2000002c   Data           4  ringbuffer.o(.data)
    V                                        0x20000030   Data           4  ringbuffer.o(.data)
    .data                                    0x20000034   Section       18  atk_u2e.o(.data)
    .bss                                     0x20000048   Section      256  main.o(.bss)
    .bss                                     0x20000148   Section      264  usart.o(.bss)
    .bss                                     0x20000250   Section       92  can.o(.bss)
    .bss                                     0x200002ac   Section       64  timer.o(.bss)
    .bss                                     0x200002ec   Section      332  usart3.o(.bss)
    .bss                                     0x20000438   Section      544  ringbuffer.o(.bss)
    .bss                                     0x20000658   Section      512  atk_u2e.o(.bss)
    u2e_rxcmdbuf                             0x20000658   Data         512  atk_u2e.o(.bss)
    STACK                                    0x20000858   Section     1024  startup_stm32f103xe.o(STACK)

    Global Symbols

    Symbol Name                              Value     Ov Type        Size  Object(Section)

    BuildAttributes$$THM_ISAv4$P$D$K$B$S$PE$A:L22UL41UL21$X:L11$S22US41US21$IEEE1$IW$USESV6$~STKCKD$USESV7$~SHL$OTIME$ROPI$EBA8$MICROLIB$REQ8$PRES8$EABIv2 0x00000000   Number         0  anon$$obj.o ABSOLUTE
    __ARM_use_no_argv                        0x00000000   Number         0  main.o ABSOLUTE
    __use_no_errno                           0x00000000   Number         0  useno.o ABSOLUTE
    __use_no_exception_handling              0x00000000   Number         0  useno.o ABSOLUTE
    __use_no_fp                              0x00000000   Number         0  useno.o ABSOLUTE
    __use_no_heap                            0x00000000   Number         0  useno.o ABSOLUTE
    __use_no_heap_region                     0x00000000   Number         0  useno.o ABSOLUTE
    __use_no_semihosting                     0x00000000   Number         0  useno.o ABSOLUTE
    __use_no_semihosting_swi                 0x00000000   Number         0  useno.o ABSOLUTE
    __use_no_signal_handling                 0x00000000   Number         0  useno.o ABSOLUTE
    _printf_a                                0x00000000   Number         0  stubs.o ABSOLUTE
    _printf_c                                0x00000000   Number         0  stubs.o ABSOLUTE
    _printf_charcount                        0x00000000   Number         0  stubs.o ABSOLUTE
    _printf_d                                0x00000000   Number         0  stubs.o ABSOLUTE
    _printf_e                                0x00000000   Number         0  stubs.o ABSOLUTE
    _printf_f                                0x00000000   Number         0  stubs.o ABSOLUTE
    _printf_flags                            0x00000000   Number         0  stubs.o ABSOLUTE
    _printf_fp_dec                           0x00000000   Number         0  stubs.o ABSOLUTE
    _printf_fp_hex                           0x00000000   Number         0  stubs.o ABSOLUTE
    _printf_g                                0x00000000   Number         0  stubs.o ABSOLUTE
    _printf_i                                0x00000000   Number         0  stubs.o ABSOLUTE
    _printf_int_dec                          0x00000000   Number         0  stubs.o ABSOLUTE
    _printf_l                                0x00000000   Number         0  stubs.o ABSOLUTE
    _printf_lc                               0x00000000   Number         0  stubs.o ABSOLUTE
    _printf_ll                               0x00000000   Number         0  stubs.o ABSOLUTE
    _printf_lld                              0x00000000   Number         0  stubs.o ABSOLUTE
    _printf_lli                              0x00000000   Number         0  stubs.o ABSOLUTE
    _printf_llo                              0x00000000   Number         0  stubs.o ABSOLUTE
    _printf_llu                              0x00000000   Number         0  stubs.o ABSOLUTE
    _printf_llx                              0x00000000   Number         0  stubs.o ABSOLUTE
    _printf_longlong_dec                     0x00000000   Number         0  stubs.o ABSOLUTE
    _printf_longlong_hex                     0x00000000   Number         0  stubs.o ABSOLUTE
    _printf_longlong_oct                     0x00000000   Number         0  stubs.o ABSOLUTE
    _printf_ls                               0x00000000   Number         0  stubs.o ABSOLUTE
    _printf_mbtowc                           0x00000000   Number         0  stubs.o ABSOLUTE
    _printf_n                                0x00000000   Number         0  stubs.o ABSOLUTE
    _printf_o                                0x00000000   Number         0  stubs.o ABSOLUTE
    _printf_p                                0x00000000   Number         0  stubs.o ABSOLUTE
    _printf_percent                          0x00000000   Number         0  stubs.o ABSOLUTE
    _printf_pre_padding                      0x00000000   Number         0  stubs.o ABSOLUTE
    _printf_return_value                     0x00000000   Number         0  stubs.o ABSOLUTE
    _printf_s                                0x00000000   Number         0  stubs.o ABSOLUTE
    _printf_sizespec                         0x00000000   Number         0  stubs.o ABSOLUTE
    _printf_str                              0x00000000   Number         0  stubs.o ABSOLUTE
    _printf_truncate_signed                  0x00000000   Number         0  stubs.o ABSOLUTE
    _printf_truncate_unsigned                0x00000000   Number         0  stubs.o ABSOLUTE
    _printf_u                                0x00000000   Number         0  stubs.o ABSOLUTE
    _printf_wc                               0x00000000   Number         0  stubs.o ABSOLUTE
    _printf_wctomb                           0x00000000   Number         0  stubs.o ABSOLUTE
    _printf_widthprec                        0x00000000   Number         0  stubs.o ABSOLUTE
    _printf_x                                0x00000000   Number         0  stubs.o ABSOLUTE
    __arm_fini_                               - Undefined Weak Reference
    __cpp_initialize__aeabi_                  - Undefined Weak Reference
    __cxa_finalize                            - Undefined Weak Reference
    __decompress                              - Undefined Weak Reference
    _clock_init                               - Undefined Weak Reference
    _microlib_exit                            - Undefined Weak Reference
    __Vectors_Size                           0x00000130   Number         0  startup_stm32f103xe.o ABSOLUTE
    __Vectors                                0x08000000   Data           4  startup_stm32f103xe.o(RESET)
    __Vectors_End                            0x08000130   Data           0  startup_stm32f103xe.o(RESET)
    __main                                   0x08000131   Thumb Code     0  entry.o(.ARM.Collect$$$$00000000)
    _main_stk                                0x08000131   Thumb Code     0  entry2.o(.ARM.Collect$$$$00000001)
    _main_scatterload                        0x08000135   Thumb Code     0  entry5.o(.ARM.Collect$$$$00000004)
    __main_after_scatterload                 0x08000139   Thumb Code     0  entry5.o(.ARM.Collect$$$$00000004)
    _main_clock                              0x08000139   Thumb Code     0  entry7b.o(.ARM.Collect$$$$00000008)
    _main_cpp_init                           0x08000139   Thumb Code     0  entry8b.o(.ARM.Collect$$$$0000000A)
    _main_init                               0x08000139   Thumb Code     0  entry9a.o(.ARM.Collect$$$$0000000B)
    __rt_lib_shutdown_fini                   0x08000141   Thumb Code     0  entry12b.o(.ARM.Collect$$$$0000000E)
    __rt_final_cpp                           0x08000145   Thumb Code     0  entry10a.o(.ARM.Collect$$$$0000000F)
    __rt_final_exit                          0x08000145   Thumb Code     0  entry11a.o(.ARM.Collect$$$$00000011)
    Reset_Handler                            0x08000149   Thumb Code     8  startup_stm32f103xe.o(.text)
    ADC1_2_IRQHandler                        0x08000163   Thumb Code     0  startup_stm32f103xe.o(.text)
    ADC3_IRQHandler                          0x08000163   Thumb Code     0  startup_stm32f103xe.o(.text)
    CAN1_RX1_IRQHandler                      0x08000163   Thumb Code     0  startup_stm32f103xe.o(.text)
    CAN1_SCE_IRQHandler                      0x08000163   Thumb Code     0  startup_stm32f103xe.o(.text)
    DMA1_Channel1_IRQHandler                 0x08000163   Thumb Code     0  startup_stm32f103xe.o(.text)
    DMA1_Channel2_IRQHandler                 0x08000163   Thumb Code     0  startup_stm32f103xe.o(.text)
    DMA1_Channel3_IRQHandler                 0x08000163   Thumb Code     0  startup_stm32f103xe.o(.text)
    DMA1_Channel4_IRQHandler                 0x08000163   Thumb Code     0  startup_stm32f103xe.o(.text)
    DMA1_Channel5_IRQHandler                 0x08000163   Thumb Code     0  startup_stm32f103xe.o(.text)
    DMA1_Channel6_IRQHandler                 0x08000163   Thumb Code     0  startup_stm32f103xe.o(.text)
    DMA1_Channel7_IRQHandler                 0x08000163   Thumb Code     0  startup_stm32f103xe.o(.text)
    DMA2_Channel1_IRQHandler                 0x08000163   Thumb Code     0  startup_stm32f103xe.o(.text)
    DMA2_Channel2_IRQHandler                 0x08000163   Thumb Code     0  startup_stm32f103xe.o(.text)
    DMA2_Channel3_IRQHandler                 0x08000163   Thumb Code     0  startup_stm32f103xe.o(.text)
    DMA2_Channel4_5_IRQHandler               0x08000163   Thumb Code     0  startup_stm32f103xe.o(.text)
    EXTI0_IRQHandler                         0x08000163   Thumb Code     0  startup_stm32f103xe.o(.text)
    EXTI15_10_IRQHandler                     0x08000163   Thumb Code     0  startup_stm32f103xe.o(.text)
    EXTI1_IRQHandler                         0x08000163   Thumb Code     0  startup_stm32f103xe.o(.text)
    EXTI2_IRQHandler                         0x08000163   Thumb Code     0  startup_stm32f103xe.o(.text)
    EXTI3_IRQHandler                         0x08000163   Thumb Code     0  startup_stm32f103xe.o(.text)
    EXTI4_IRQHandler                         0x08000163   Thumb Code     0  startup_stm32f103xe.o(.text)
    EXTI9_5_IRQHandler                       0x08000163   Thumb Code     0  startup_stm32f103xe.o(.text)
    FLASH_IRQHandler                         0x08000163   Thumb Code     0  startup_stm32f103xe.o(.text)
    FSMC_IRQHandler                          0x08000163   Thumb Code     0  startup_stm32f103xe.o(.text)
    I2C1_ER_IRQHandler                       0x08000163   Thumb Code     0  startup_stm32f103xe.o(.text)
    I2C1_EV_IRQHandler                       0x08000163   Thumb Code     0  startup_stm32f103xe.o(.text)
    I2C2_ER_IRQHandler                       0x08000163   Thumb Code     0  startup_stm32f103xe.o(.text)
    I2C2_EV_IRQHandler                       0x08000163   Thumb Code     0  startup_stm32f103xe.o(.text)
    PVD_IRQHandler                           0x08000163   Thumb Code     0  startup_stm32f103xe.o(.text)
    RCC_IRQHandler                           0x08000163   Thumb Code     0  startup_stm32f103xe.o(.text)
    RTC_Alarm_IRQHandler                     0x08000163   Thumb Code     0  startup_stm32f103xe.o(.text)
    RTC_IRQHandler                           0x08000163   Thumb Code     0  startup_stm32f103xe.o(.text)
    SDIO_IRQHandler                          0x08000163   Thumb Code     0  startup_stm32f103xe.o(.text)
    SPI1_IRQHandler                          0x08000163   Thumb Code     0  startup_stm32f103xe.o(.text)
    SPI2_IRQHandler                          0x08000163   Thumb Code     0  startup_stm32f103xe.o(.text)
    SPI3_IRQHandler                          0x08000163   Thumb Code     0  startup_stm32f103xe.o(.text)
    TAMPER_IRQHandler                        0x08000163   Thumb Code     0  startup_stm32f103xe.o(.text)
    TIM1_BRK_IRQHandler                      0x08000163   Thumb Code     0  startup_stm32f103xe.o(.text)
    TIM1_CC_IRQHandler                       0x08000163   Thumb Code     0  startup_stm32f103xe.o(.text)
    TIM1_TRG_COM_IRQHandler                  0x08000163   Thumb Code     0  startup_stm32f103xe.o(.text)
    TIM1_UP_IRQHandler                       0x08000163   Thumb Code     0  startup_stm32f103xe.o(.text)
    TIM2_IRQHandler                          0x08000163   Thumb Code     0  startup_stm32f103xe.o(.text)
    TIM4_IRQHandler                          0x08000163   Thumb Code     0  startup_stm32f103xe.o(.text)
    TIM5_IRQHandler                          0x08000163   Thumb Code     0  startup_stm32f103xe.o(.text)
    TIM6_IRQHandler                          0x08000163   Thumb Code     0  startup_stm32f103xe.o(.text)
    TIM7_IRQHandler                          0x08000163   Thumb Code     0  startup_stm32f103xe.o(.text)
    TIM8_BRK_IRQHandler                      0x08000163   Thumb Code     0  startup_stm32f103xe.o(.text)
    TIM8_CC_IRQHandler                       0x08000163   Thumb Code     0  startup_stm32f103xe.o(.text)
    TIM8_TRG_COM_IRQHandler                  0x08000163   Thumb Code     0  startup_stm32f103xe.o(.text)
    TIM8_UP_IRQHandler                       0x08000163   Thumb Code     0  startup_stm32f103xe.o(.text)
    UART4_IRQHandler                         0x08000163   Thumb Code     0  startup_stm32f103xe.o(.text)
    UART5_IRQHandler                         0x08000163   Thumb Code     0  startup_stm32f103xe.o(.text)
    USART2_IRQHandler                        0x08000163   Thumb Code     0  startup_stm32f103xe.o(.text)
    USBWakeUp_IRQHandler                     0x08000163   Thumb Code     0  startup_stm32f103xe.o(.text)
    USB_HP_CAN1_TX_IRQHandler                0x08000163   Thumb Code     0  startup_stm32f103xe.o(.text)
    USB_LP_CAN1_RX0_IRQHandler               0x08000163   Thumb Code     0  startup_stm32f103xe.o(.text)
    WWDG_IRQHandler                          0x08000163   Thumb Code     0  startup_stm32f103xe.o(.text)
    __aeabi_memcpy                           0x0800016d   Thumb Code    36  memcpya.o(.text)
    __aeabi_memcpy4                          0x0800016d   Thumb Code     0  memcpya.o(.text)
    __aeabi_memcpy8                          0x0800016d   Thumb Code     0  memcpya.o(.text)
    __aeabi_memset                           0x08000191   Thumb Code    14  memseta.o(.text)
    __aeabi_memset4                          0x08000191   Thumb Code     0  memseta.o(.text)
    __aeabi_memset8                          0x08000191   Thumb Code     0  memseta.o(.text)
    __aeabi_memclr                           0x0800019f   Thumb Code     4  memseta.o(.text)
    __aeabi_memclr4                          0x0800019f   Thumb Code     0  memseta.o(.text)
    __aeabi_memclr8                          0x0800019f   Thumb Code     0  memseta.o(.text)
    _memset$wrapper                          0x080001a3   Thumb Code    18  memseta.o(.text)
    strstr                                   0x080001b5   Thumb Code    36  strstr.o(.text)
    strlen                                   0x080001d9   Thumb Code    14  strlen.o(.text)
    __aeabi_fadd                             0x080001e7   Thumb Code   164  fadd.o(.text)
    __aeabi_fsub                             0x0800028b   Thumb Code     6  fadd.o(.text)
    __aeabi_frsub                            0x08000291   Thumb Code     6  fadd.o(.text)
    __aeabi_fmul                             0x08000297   Thumb Code   100  fmul.o(.text)
    __aeabi_dadd                             0x080002fb   Thumb Code   322  dadd.o(.text)
    __aeabi_dsub                             0x0800043d   Thumb Code     6  dadd.o(.text)
    __aeabi_drsub                            0x08000443   Thumb Code     6  dadd.o(.text)
    __aeabi_dmul                             0x08000449   Thumb Code   228  dmul.o(.text)
    __aeabi_ui2f                             0x0800052d   Thumb Code    10  ffltui.o(.text)
    __aeabi_ui2d                             0x08000537   Thumb Code    26  dfltui.o(.text)
    __aeabi_f2iz                             0x08000551   Thumb Code    50  ffixi.o(.text)
    __aeabi_f2uiz                            0x08000583   Thumb Code    40  ffixui.o(.text)
    __aeabi_d2uiz                            0x080005ab   Thumb Code    50  dfixui.o(.text)
    __aeabi_f2d                              0x080005dd   Thumb Code    38  f2d.o(.text)
    __aeabi_d2f                              0x08000603   Thumb Code    56  d2f.o(.text)
    __aeabi_uidiv                            0x0800063b   Thumb Code     0  uidiv.o(.text)
    __aeabi_uidivmod                         0x0800063b   Thumb Code    44  uidiv.o(.text)
    __aeabi_uldivmod                         0x08000667   Thumb Code    98  uldiv.o(.text)
    __aeabi_llsl                             0x080006c9   Thumb Code    30  llshl.o(.text)
    _ll_shift_l                              0x080006c9   Thumb Code     0  llshl.o(.text)
    __aeabi_llsr                             0x080006e7   Thumb Code    32  llushr.o(.text)
    _ll_ushift_r                             0x080006e7   Thumb Code     0  llushr.o(.text)
    __aeabi_lasr                             0x08000707   Thumb Code    36  llsshr.o(.text)
    _ll_sshift_r                             0x08000707   Thumb Code     0  llsshr.o(.text)
    __I$use$fp                               0x0800072b   Thumb Code     0  iusefp.o(.text)
    _float_round                             0x0800072b   Thumb Code    18  fepilogue.o(.text)
    _float_epilogue                          0x0800073d   Thumb Code    92  fepilogue.o(.text)
    _double_round                            0x08000799   Thumb Code    30  depilogue.o(.text)
    _double_epilogue                         0x080007b7   Thumb Code   156  depilogue.o(.text)
    __aeabi_ddiv                             0x08000853   Thumb Code   222  ddiv.o(.text)
    __aeabi_d2ulz                            0x08000931   Thumb Code    48  dfixul.o(.text)
    __aeabi_cdrcmple                         0x08000961   Thumb Code    48  cdrcmple.o(.text)
    __scatterload                            0x08000991   Thumb Code    28  init.o(.text)
    __scatterload_rt2                        0x08000991   Thumb Code     0  init.o(.text)
    BusFault_Handler                         0x080009b5   Thumb Code     2  stm32f1xx_it.o(i.BusFault_Handler)
    CAN1_Mode_Init                           0x080009b9   Thumb Code    72  can.o(i.CAN1_Mode_Init)
    CAN1_Receive_Msg                         0x08000a09   Thumb Code    66  can.o(i.CAN1_Receive_Msg)
    CAN1_Send_Msg                            0x08000a51   Thumb Code    68  can.o(i.CAN1_Send_Msg)
    CAN_Config                               0x08000a99   Thumb Code    90  can.o(i.CAN_Config)
    DebugMon_Handler                         0x08000af9   Thumb Code     2  stm32f1xx_it.o(i.DebugMon_Handler)
    GetsearchKey                             0x08000afb   Thumb Code    92  atk_u2e.o(i.GetsearchKey)
    HAL_CAN_ActivateNotification             0x08000b57   Thumb Code    36  stm32f1xx_hal_can.o(i.HAL_CAN_ActivateNotification)
    HAL_CAN_AddTxMessage                     0x08000b7b   Thumb Code   220  stm32f1xx_hal_can.o(i.HAL_CAN_AddTxMessage)
    HAL_CAN_ConfigFilter                     0x08000c57   Thumb Code   236  stm32f1xx_hal_can.o(i.HAL_CAN_ConfigFilter)
    HAL_CAN_GetRxFifoFillLevel               0x08000d43   Thumb Code    32  stm32f1xx_hal_can.o(i.HAL_CAN_GetRxFifoFillLevel)
    HAL_CAN_GetRxMessage                     0x08000d63   Thumb Code   232  stm32f1xx_hal_can.o(i.HAL_CAN_GetRxMessage)
    HAL_CAN_GetTxMailboxesFreeLevel          0x08000e4b   Thumb Code    44  stm32f1xx_hal_can.o(i.HAL_CAN_GetTxMailboxesFreeLevel)
    HAL_CAN_Init                             0x08000e77   Thumb Code   282  stm32f1xx_hal_can.o(i.HAL_CAN_Init)
    HAL_CAN_MspInit                          0x08000f91   Thumb Code    86  can.o(i.HAL_CAN_MspInit)
    HAL_CAN_Start                            0x08000ff1   Thumb Code    86  stm32f1xx_hal_can.o(i.HAL_CAN_Start)
    HAL_DMA_Abort_IT                         0x08001049   Thumb Code   296  stm32f1xx_hal_dma.o(i.HAL_DMA_Abort_IT)
    HAL_GPIO_Init                            0x08001179   Thumb Code   454  stm32f1xx_hal_gpio.o(i.HAL_GPIO_Init)
    HAL_GPIO_WritePin                        0x08001369   Thumb Code    10  stm32f1xx_hal_gpio.o(i.HAL_GPIO_WritePin)
    HAL_GetTick                              0x08001375   Thumb Code     6  stm32f1xx_hal.o(i.HAL_GetTick)
    HAL_IncTick                              0x08001381   Thumb Code    12  stm32f1xx_hal.o(i.HAL_IncTick)
    HAL_Init                                 0x08001391   Thumb Code    32  stm32f1xx_hal.o(i.HAL_Init)
    HAL_InitTick                             0x080013b5   Thumb Code    54  stm32f1xx_hal.o(i.HAL_InitTick)
    HAL_MspInit                              0x080013f5   Thumb Code     2  stm32f1xx_hal_msp.o(i.HAL_MspInit)
    HAL_NVIC_EnableIRQ                       0x080013f7   Thumb Code    26  stm32f1xx_hal_cortex.o(i.HAL_NVIC_EnableIRQ)
    HAL_NVIC_SetPriority                     0x08001411   Thumb Code    60  stm32f1xx_hal_cortex.o(i.HAL_NVIC_SetPriority)
    HAL_NVIC_SetPriorityGrouping             0x08001451   Thumb Code    26  stm32f1xx_hal_cortex.o(i.HAL_NVIC_SetPriorityGrouping)
    HAL_NVIC_SystemReset                     0x08001475   Thumb Code    26  stm32f1xx_hal_cortex.o(i.HAL_NVIC_SystemReset)
    HAL_RCC_ClockConfig                      0x08001499   Thumb Code   292  stm32f1xx_hal_rcc.o(i.HAL_RCC_ClockConfig)
    HAL_RCC_GetPCLK1Freq                     0x080015d1   Thumb Code    20  stm32f1xx_hal_rcc.o(i.HAL_RCC_GetPCLK1Freq)
    HAL_RCC_GetPCLK2Freq                     0x080015f1   Thumb Code    20  stm32f1xx_hal_rcc.o(i.HAL_RCC_GetPCLK2Freq)
    HAL_RCC_GetSysClockFreq                  0x08001611   Thumb Code    74  stm32f1xx_hal_rcc.o(i.HAL_RCC_GetSysClockFreq)
    HAL_RCC_OscConfig                        0x0800167d   Thumb Code   770  stm32f1xx_hal_rcc.o(i.HAL_RCC_OscConfig)
    HAL_SYSTICK_CLKSourceConfig              0x08001995   Thumb Code    24  stm32f1xx_hal_cortex.o(i.HAL_SYSTICK_CLKSourceConfig)
    HAL_SYSTICK_Config                       0x080019ad   Thumb Code    40  stm32f1xx_hal_cortex.o(i.HAL_SYSTICK_Config)
    HAL_TIMEx_BreakCallback                  0x080019d5   Thumb Code     2  stm32f1xx_hal_tim_ex.o(i.HAL_TIMEx_BreakCallback)
    HAL_TIMEx_CommutCallback                 0x080019d7   Thumb Code     2  stm32f1xx_hal_tim_ex.o(i.HAL_TIMEx_CommutCallback)
    HAL_TIM_Base_Init                        0x080019d9   Thumb Code    54  stm32f1xx_hal_tim.o(i.HAL_TIM_Base_Init)
    HAL_TIM_Base_MspInit                     0x08001a11   Thumb Code    50  timer.o(i.HAL_TIM_Base_MspInit)
    HAL_TIM_Base_Start                       0x08001a4d   Thumb Code    36  stm32f1xx_hal_tim.o(i.HAL_TIM_Base_Start)
    HAL_TIM_Base_Stop                        0x08001a71   Thumb Code    44  stm32f1xx_hal_tim.o(i.HAL_TIM_Base_Stop)
    HAL_TIM_IC_CaptureCallback               0x08001a9d   Thumb Code     2  stm32f1xx_hal_tim.o(i.HAL_TIM_IC_CaptureCallback)
    HAL_TIM_IRQHandler                       0x08001a9f   Thumb Code   358  stm32f1xx_hal_tim.o(i.HAL_TIM_IRQHandler)
    HAL_TIM_OC_DelayElapsedCallback          0x08001c05   Thumb Code     2  stm32f1xx_hal_tim.o(i.HAL_TIM_OC_DelayElapsedCallback)
    HAL_TIM_PWM_PulseFinishedCallback        0x08001c07   Thumb Code     2  stm32f1xx_hal_tim.o(i.HAL_TIM_PWM_PulseFinishedCallback)
    HAL_TIM_PeriodElapsedCallback            0x08001c09   Thumb Code     2  stm32f1xx_hal_tim.o(i.HAL_TIM_PeriodElapsedCallback)
    HAL_TIM_TriggerCallback                  0x08001c0b   Thumb Code     2  stm32f1xx_hal_tim.o(i.HAL_TIM_TriggerCallback)
    HAL_UART_ErrorCallback                   0x08001c0d   Thumb Code     2  stm32f1xx_hal_uart.o(i.HAL_UART_ErrorCallback)
    HAL_UART_GetState                        0x08001c0f   Thumb Code    10  stm32f1xx_hal_uart.o(i.HAL_UART_GetState)
    HAL_UART_IRQHandler                      0x08001c19   Thumb Code   266  stm32f1xx_hal_uart.o(i.HAL_UART_IRQHandler)
    HAL_UART_Init                            0x08001d29   Thumb Code    98  stm32f1xx_hal_uart.o(i.HAL_UART_Init)
    HAL_UART_MspInit                         0x08001d8d   Thumb Code   126  usart.o(i.HAL_UART_MspInit)
    HAL_UART_Receive_IT                      0x08001e19   Thumb Code    82  stm32f1xx_hal_uart.o(i.HAL_UART_Receive_IT)
    HAL_UART_RxCpltCallback                  0x08001e6d   Thumb Code    76  usart.o(i.HAL_UART_RxCpltCallback)
    HAL_UART_Transmit                        0x08001ec5   Thumb Code   186  stm32f1xx_hal_uart.o(i.HAL_UART_Transmit)
    HAL_UART_TxCpltCallback                  0x08001f7f   Thumb Code     2  stm32f1xx_hal_uart.o(i.HAL_UART_TxCpltCallback)
    HardFault_Handler                        0x08001f81   Thumb Code     2  stm32f1xx_it.o(i.HardFault_Handler)
    MemManage_Handler                        0x08001f83   Thumb Code     2  stm32f1xx_it.o(i.MemManage_Handler)
    NMI_Handler                              0x08001f85   Thumb Code     2  stm32f1xx_it.o(i.NMI_Handler)
    PendSV_Handler                           0x08001f87   Thumb Code     2  stm32f1xx_it.o(i.PendSV_Handler)
    RingBuffer_Reset                         0x08001f89   Thumb Code    14  usart3.o(i.RingBuffer_Reset)
    SVC_Handler                              0x08001f9d   Thumb Code     2  stm32f1xx_it.o(i.SVC_Handler)
    Stm32_Clock_Init                         0x08001f9f   Thumb Code    68  sys.o(i.Stm32_Clock_Init)
    SysTick_Handler                          0x08001fe3   Thumb Code     4  stm32f1xx_it.o(i.SysTick_Handler)
    SystemInit                               0x08001fe9   Thumb Code    56  system_stm32f1xx.o(i.SystemInit)
    TIM3_IRQHandler                          0x08002031   Thumb Code     6  timer.o(i.TIM3_IRQHandler)
    TIM3_Init                                0x0800203d   Thumb Code    22  timer.o(i.TIM3_Init)
    TIM_Base_SetConfig                       0x0800205d   Thumb Code   120  stm32f1xx_hal_tim.o(i.TIM_Base_SetConfig)
    USART1_IRQHandler                        0x08002329   Thumb Code    34  usart.o(i.USART1_IRQHandler)
    USART3_IRQHandler                        0x08002355   Thumb Code    32  usart3.o(i.USART3_IRQHandler)
    UsageFault_Handler                       0x0800237d   Thumb Code     2  stm32f1xx_it.o(i.UsageFault_Handler)
    __0printf                                0x08002381   Thumb Code    22  printfa.o(i.__0printf)
    __1printf                                0x08002381   Thumb Code     0  printfa.o(i.__0printf)
    __2printf                                0x08002381   Thumb Code     0  printfa.o(i.__0printf)
    __c89printf                              0x08002381   Thumb Code     0  printfa.o(i.__0printf)
    printf                                   0x08002381   Thumb Code     0  printfa.o(i.__0printf)
    __0sprintf                               0x080023a1   Thumb Code    34  printfa.o(i.__0sprintf)
    __1sprintf                               0x080023a1   Thumb Code     0  printfa.o(i.__0sprintf)
    __2sprintf                               0x080023a1   Thumb Code     0  printfa.o(i.__0sprintf)
    __c89sprintf                             0x080023a1   Thumb Code     0  printfa.o(i.__0sprintf)
    sprintf                                  0x080023a1   Thumb Code     0  printfa.o(i.__0sprintf)
    __scatterload_copy                       0x080023e9   Thumb Code    14  handlers.o(i.__scatterload_copy)
    __scatterload_null                       0x080023f7   Thumb Code     2  handlers.o(i.__scatterload_null)
    __scatterload_zeroinit                   0x080023f9   Thumb Code    14  handlers.o(i.__scatterload_zeroinit)
    control_CAN                              0x08002c9d   Thumb Code   380  ringbuffer.o(i.control_CAN)
    delay_init                               0x08002e71   Thumb Code    16  delay.o(i.delay_init)
    delay_ms                                 0x08002e85   Thumb Code    26  delay.o(i.delay_ms)
    delay_us                                 0x08002ea1   Thumb Code    48  delay.o(i.delay_us)
    find_cmd                                 0x08002ed5   Thumb Code   284  ringbuffer.o(i.find_cmd)
    fputc                                    0x08003011   Thumb Code    18  usart.o(i.fputc)
    getTimerCountValue                       0x08003029   Thumb Code     6  timer.o(i.getTimerCountValue)
    isReceived                               0x08003031   Thumb Code    60  cancontrol.o(i.isReceived)
    main                                     0x080030a1   Thumb Code   182  main.o(i.main)
    motorCommandGenerate                     0x0800317d   Thumb Code   198  cancontrol.o(i.motorCommandGenerate)
    queueinit                                0x08003259   Thumb Code    14  ringbuffer.o(i.queueinit)
    res_usart3_revdata                       0x0800326d   Thumb Code    18  usart3.o(i.res_usart3_revdata)
    ring_Queue_in                            0x08003285   Thumb Code    42  ringbuffer.o(i.ring_Queue_in)
    ringbuffer_getRemainSize                 0x080032cd   Thumb Code    18  ringbuffer.o(i.ringbuffer_getRemainSize)
    ringbuffer_getUsedSize                   0x080032df   Thumb Code    22  ringbuffer.o(i.ringbuffer_getUsedSize)
    ringbuffer_in                            0x080032f5   Thumb Code    38  ringbuffer.o(i.ringbuffer_in)
    ringbuffer_in_check                      0x0800331b   Thumb Code    34  ringbuffer.o(i.ringbuffer_in_check)
    ringbuffer_init                          0x0800333d   Thumb Code    12  ringbuffer.o(i.ringbuffer_init)
    ringbuffer_isEmpty                       0x08003349   Thumb Code    16  ringbuffer.o(i.ringbuffer_isEmpty)
    ringbuffer_out                           0x08003359   Thumb Code    68  ringbuffer.o(i.ringbuffer_out)
    sendMotorCommand                         0x0800339d   Thumb Code   148  cancontrol.o(i.sendMotorCommand)
    send_data_to_u2e                         0x0800359d   Thumb Code     6  atk_u2e.o(i.send_data_to_u2e)
    startTimerInterrupt                      0x080035a5   Thumb Code    12  timer.o(i.startTimerInterrupt)
    stopTimerInterrupt                       0x080035b9   Thumb Code    12  timer.o(i.stopTimerInterrupt)
    u2e_config_init                          0x080035cd   Thumb Code   232  atk_u2e.o(i.u2e_config_init)
    uart_init                                0x080037f1   Thumb Code    44  usart.o(i.uart_init)
    usart1_send_data                         0x08003829   Thumb Code    28  matchingcommands.o(i.usart1_send_data)
    usart3_getRxData                         0x08003849   Thumb Code    10  usart3.o(i.usart3_getRxData)
    usart3_init                              0x08003859   Thumb Code   168  usart3.o(i.usart3_init)
    usart3_send_data                         0x08003911   Thumb Code    14  usart3.o(i.usart3_send_data)
    AHBPrescTable                            0x08003924   Data          16  system_stm32f1xx.o(.constdata)
    APBPrescTable                            0x08003934   Data           8  system_stm32f1xx.o(.constdata)
    Region$$Table$$Base                      0x08004270   Number         0  anon$$obj.o(Region$$Table)
    Region$$Table$$Limit                     0x08004290   Number         0  anon$$obj.o(Region$$Table)
    SystemCoreClock                          0x20000000   Data           4  system_stm32f1xx.o(.data)
    uwTickFreq                               0x20000004   Data           1  stm32f1xx_hal.o(.data)
    uwTickPrio                               0x20000008   Data           4  stm32f1xx_hal.o(.data)
    uwTick                                   0x2000000c   Data           4  stm32f1xx_hal.o(.data)
    aRxBuffer                                0x20000014   Data           1  usart.o(.data)
    USART_RX_STA                             0x20000016   Data           2  usart.o(.data)
    __stdout                                 0x20000018   Data           4  usart.o(.data)
    cmd_falg                                 0x20000024   Data           1  ringbuffer.o(.data)
    datamflag                                0x20000025   Data           1  ringbuffer.o(.data)
    datasflag                                0x20000026   Data           1  ringbuffer.o(.data)
    stopflag                                 0x20000027   Data           1  ringbuffer.o(.data)
    key                                      0x20000034   Data          18  atk_u2e.o(.data)
    g_data_rxbuf                             0x20000048   Data         256  main.o(.bss)
    USART_RX_BUF                             0x20000148   Data         200  usart.o(.bss)
    UART1_Handler                            0x20000210   Data          64  usart.o(.bss)
    CAN1_Handler                             0x20000250   Data          40  can.o(.bss)
    TxHeader                                 0x20000278   Data          24  can.o(.bss)
    RxHeader                                 0x20000290   Data          28  can.o(.bss)
    TIM3_Handler                             0x200002ac   Data          64  timer.o(.bss)
    g_usart3_handler                         0x200002ec   Data          64  usart3.o(.bss)
    g_usart3_rx_buf                          0x2000032c   Data         256  usart3.o(.bss)
    uart3RxFifo                              0x2000042c   Data          12  usart3.o(.bss)
    cmd                                      0x20000438   Data         512  ringbuffer.o(.bss)
    datam                                    0x20000638   Data           9  ringbuffer.o(.bss)
    datas                                    0x20000641   Data           9  ringbuffer.o(.bss)
    cmdqueue                                 0x2000064c   Data          12  ringbuffer.o(.bss)
    __initial_sp                             0x20000c58   Data           0  startup_stm32f103xe.o(STACK)



==============================================================================

Memory Map of the image

  Image Entry point : 0x08000131

  Load Region LR_IROM1 (Base: 0x08000000, Size: 0x000042d8, Max: 0x00080000, ABSOLUTE)

    Execution Region ER_IROM1 (Exec base: 0x08000000, Load base: 0x08000000, Size: 0x00004290, Max: 0x00080000, ABSOLUTE)

    Exec Addr    Load Addr    Size         Type   Attr      Idx    E Section Name        Object

    0x08000000   0x08000000   0x00000130   Data   RO          503    RESET               startup_stm32f103xe.o
    0x08000130   0x08000130   0x00000000   Code   RO         4189  * .ARM.Collect$$$$00000000  mc_w.l(entry.o)
    0x08000130   0x08000130   0x00000004   Code   RO         4489    .ARM.Collect$$$$00000001  mc_w.l(entry2.o)
    0x08000134   0x08000134   0x00000004   Code   RO         4492    .ARM.Collect$$$$00000004  mc_w.l(entry5.o)
    0x08000138   0x08000138   0x00000000   Code   RO         4494    .ARM.Collect$$$$00000008  mc_w.l(entry7b.o)
    0x08000138   0x08000138   0x00000000   Code   RO         4496    .ARM.Collect$$$$0000000A  mc_w.l(entry8b.o)
    0x08000138   0x08000138   0x00000008   Code   RO         4497    .ARM.Collect$$$$0000000B  mc_w.l(entry9a.o)
    0x08000140   0x08000140   0x00000004   Code   RO         4504    .ARM.Collect$$$$0000000E  mc_w.l(entry12b.o)
    0x08000144   0x08000144   0x00000000   Code   RO         4499    .ARM.Collect$$$$0000000F  mc_w.l(entry10a.o)
    0x08000144   0x08000144   0x00000000   Code   RO         4501    .ARM.Collect$$$$00000011  mc_w.l(entry11a.o)
    0x08000144   0x08000144   0x00000004   Code   RO         4490    .ARM.Collect$$$$00002712  mc_w.l(entry2.o)
    0x08000148   0x08000148   0x00000024   Code   RO          504    .text               startup_stm32f103xe.o
    0x0800016c   0x0800016c   0x00000024   Code   RO         4192    .text               mc_w.l(memcpya.o)
    0x08000190   0x08000190   0x00000024   Code   RO         4194    .text               mc_w.l(memseta.o)
    0x080001b4   0x080001b4   0x00000024   Code   RO         4196    .text               mc_w.l(strstr.o)
    0x080001d8   0x080001d8   0x0000000e   Code   RO         4198    .text               mc_w.l(strlen.o)
    0x080001e6   0x080001e6   0x000000b0   Code   RO         4463    .text               mf_w.l(fadd.o)
    0x08000296   0x08000296   0x00000064   Code   RO         4465    .text               mf_w.l(fmul.o)
    0x080002fa   0x080002fa   0x0000014e   Code   RO         4469    .text               mf_w.l(dadd.o)
    0x08000448   0x08000448   0x000000e4   Code   RO         4471    .text               mf_w.l(dmul.o)
    0x0800052c   0x0800052c   0x0000000a   Code   RO         4475    .text               mf_w.l(ffltui.o)
    0x08000536   0x08000536   0x0000001a   Code   RO         4477    .text               mf_w.l(dfltui.o)
    0x08000550   0x08000550   0x00000032   Code   RO         4479    .text               mf_w.l(ffixi.o)
    0x08000582   0x08000582   0x00000028   Code   RO         4481    .text               mf_w.l(ffixui.o)
    0x080005aa   0x080005aa   0x00000032   Code   RO         4483    .text               mf_w.l(dfixui.o)
    0x080005dc   0x080005dc   0x00000026   Code   RO         4485    .text               mf_w.l(f2d.o)
    0x08000602   0x08000602   0x00000038   Code   RO         4487    .text               mf_w.l(d2f.o)
    0x0800063a   0x0800063a   0x0000002c   Code   RO         4505    .text               mc_w.l(uidiv.o)
    0x08000666   0x08000666   0x00000062   Code   RO         4507    .text               mc_w.l(uldiv.o)
    0x080006c8   0x080006c8   0x0000001e   Code   RO         4509    .text               mc_w.l(llshl.o)
    0x080006e6   0x080006e6   0x00000020   Code   RO         4511    .text               mc_w.l(llushr.o)
    0x08000706   0x08000706   0x00000024   Code   RO         4513    .text               mc_w.l(llsshr.o)
    0x0800072a   0x0800072a   0x00000000   Code   RO         4515    .text               mc_w.l(iusefp.o)
    0x0800072a   0x0800072a   0x0000006e   Code   RO         4516    .text               mf_w.l(fepilogue.o)
    0x08000798   0x08000798   0x000000ba   Code   RO         4518    .text               mf_w.l(depilogue.o)
    0x08000852   0x08000852   0x000000de   Code   RO         4520    .text               mf_w.l(ddiv.o)
    0x08000930   0x08000930   0x00000030   Code   RO         4522    .text               mf_w.l(dfixul.o)
    0x08000960   0x08000960   0x00000030   Code   RO         4524    .text               mf_w.l(cdrcmple.o)
    0x08000990   0x08000990   0x00000024   Code   RO         4526    .text               mc_w.l(init.o)
    0x080009b4   0x080009b4   0x00000002   Code   RO          309    i.BusFault_Handler  stm32f1xx_it.o
    0x080009b6   0x080009b6   0x00000002   PAD
    0x080009b8   0x080009b8   0x00000050   Code   RO         3770    i.CAN1_Mode_Init    can.o
    0x08000a08   0x08000a08   0x00000048   Code   RO         3771    i.CAN1_Receive_Msg  can.o
    0x08000a50   0x08000a50   0x00000048   Code   RO         3772    i.CAN1_Send_Msg     can.o
    0x08000a98   0x08000a98   0x00000060   Code   RO         3773    i.CAN_Config        can.o
    0x08000af8   0x08000af8   0x00000002   Code   RO          310    i.DebugMon_Handler  stm32f1xx_it.o
    0x08000afa   0x08000afa   0x0000005c   Code   RO         4101    i.GetsearchKey      atk_u2e.o
    0x08000b56   0x08000b56   0x00000024   Code   RO         3387    i.HAL_CAN_ActivateNotification  stm32f1xx_hal_can.o
    0x08000b7a   0x08000b7a   0x000000dc   Code   RO         3388    i.HAL_CAN_AddTxMessage  stm32f1xx_hal_can.o
    0x08000c56   0x08000c56   0x000000ec   Code   RO         3389    i.HAL_CAN_ConfigFilter  stm32f1xx_hal_can.o
    0x08000d42   0x08000d42   0x00000020   Code   RO         3394    i.HAL_CAN_GetRxFifoFillLevel  stm32f1xx_hal_can.o
    0x08000d62   0x08000d62   0x000000e8   Code   RO         3395    i.HAL_CAN_GetRxMessage  stm32f1xx_hal_can.o
    0x08000e4a   0x08000e4a   0x0000002c   Code   RO         3397    i.HAL_CAN_GetTxMailboxesFreeLevel  stm32f1xx_hal_can.o
    0x08000e76   0x08000e76   0x0000011a   Code   RO         3400    i.HAL_CAN_Init      stm32f1xx_hal_can.o
    0x08000f90   0x08000f90   0x00000060   Code   RO         3774    i.HAL_CAN_MspInit   can.o
    0x08000ff0   0x08000ff0   0x00000056   Code   RO         3412    i.HAL_CAN_Start     stm32f1xx_hal_can.o
    0x08001046   0x08001046   0x00000002   PAD
    0x08001048   0x08001048   0x00000130   Code   RO          804    i.HAL_DMA_Abort_IT  stm32f1xx_hal_dma.o
    0x08001178   0x08001178   0x000001f0   Code   RO          900    i.HAL_GPIO_Init     stm32f1xx_hal_gpio.o
    0x08001368   0x08001368   0x0000000a   Code   RO          904    i.HAL_GPIO_WritePin  stm32f1xx_hal_gpio.o
    0x08001372   0x08001372   0x00000002   PAD
    0x08001374   0x08001374   0x0000000c   Code   RO          522    i.HAL_GetTick       stm32f1xx_hal.o
    0x08001380   0x08001380   0x00000010   Code   RO          528    i.HAL_IncTick       stm32f1xx_hal.o
    0x08001390   0x08001390   0x00000024   Code   RO          529    i.HAL_Init          stm32f1xx_hal.o
    0x080013b4   0x080013b4   0x00000040   Code   RO          530    i.HAL_InitTick      stm32f1xx_hal.o
    0x080013f4   0x080013f4   0x00000002   Code   RO          277    i.HAL_MspInit       stm32f1xx_hal_msp.o
    0x080013f6   0x080013f6   0x0000001a   Code   RO          687    i.HAL_NVIC_EnableIRQ  stm32f1xx_hal_cortex.o
    0x08001410   0x08001410   0x00000040   Code   RO          693    i.HAL_NVIC_SetPriority  stm32f1xx_hal_cortex.o
    0x08001450   0x08001450   0x00000024   Code   RO          694    i.HAL_NVIC_SetPriorityGrouping  stm32f1xx_hal_cortex.o
    0x08001474   0x08001474   0x00000024   Code   RO          695    i.HAL_NVIC_SystemReset  stm32f1xx_hal_cortex.o
    0x08001498   0x08001498   0x00000138   Code   RO         1125    i.HAL_RCC_ClockConfig  stm32f1xx_hal_rcc.o
    0x080015d0   0x080015d0   0x00000020   Code   RO         1132    i.HAL_RCC_GetPCLK1Freq  stm32f1xx_hal_rcc.o
    0x080015f0   0x080015f0   0x00000020   Code   RO         1133    i.HAL_RCC_GetPCLK2Freq  stm32f1xx_hal_rcc.o
    0x08001610   0x08001610   0x0000006c   Code   RO         1134    i.HAL_RCC_GetSysClockFreq  stm32f1xx_hal_rcc.o
    0x0800167c   0x0800167c   0x00000318   Code   RO         1137    i.HAL_RCC_OscConfig  stm32f1xx_hal_rcc.o
    0x08001994   0x08001994   0x00000018   Code   RO          696    i.HAL_SYSTICK_CLKSourceConfig  stm32f1xx_hal_cortex.o
    0x080019ac   0x080019ac   0x00000028   Code   RO          698    i.HAL_SYSTICK_Config  stm32f1xx_hal_cortex.o
    0x080019d4   0x080019d4   0x00000002   Code   RO         1939    i.HAL_TIMEx_BreakCallback  stm32f1xx_hal_tim_ex.o
    0x080019d6   0x080019d6   0x00000002   Code   RO         1940    i.HAL_TIMEx_CommutCallback  stm32f1xx_hal_tim_ex.o
    0x080019d8   0x080019d8   0x00000036   Code   RO         1264    i.HAL_TIM_Base_Init  stm32f1xx_hal_tim.o
    0x08001a0e   0x08001a0e   0x00000002   PAD
    0x08001a10   0x08001a10   0x0000003c   Code   RO         3899    i.HAL_TIM_Base_MspInit  timer.o
    0x08001a4c   0x08001a4c   0x00000024   Code   RO         1267    i.HAL_TIM_Base_Start  stm32f1xx_hal_tim.o
    0x08001a70   0x08001a70   0x0000002c   Code   RO         1270    i.HAL_TIM_Base_Stop  stm32f1xx_hal_tim.o
    0x08001a9c   0x08001a9c   0x00000002   Code   RO         1293    i.HAL_TIM_IC_CaptureCallback  stm32f1xx_hal_tim.o
    0x08001a9e   0x08001a9e   0x00000166   Code   RO         1307    i.HAL_TIM_IRQHandler  stm32f1xx_hal_tim.o
    0x08001c04   0x08001c04   0x00000002   Code   RO         1310    i.HAL_TIM_OC_DelayElapsedCallback  stm32f1xx_hal_tim.o
    0x08001c06   0x08001c06   0x00000002   Code   RO         1337    i.HAL_TIM_PWM_PulseFinishedCallback  stm32f1xx_hal_tim.o
    0x08001c08   0x08001c08   0x00000002   Code   RO         1345    i.HAL_TIM_PeriodElapsedCallback  stm32f1xx_hal_tim.o
    0x08001c0a   0x08001c0a   0x00000002   Code   RO         1350    i.HAL_TIM_TriggerCallback  stm32f1xx_hal_tim.o
    0x08001c0c   0x08001c0c   0x00000002   Code   RO         2211    i.HAL_UART_ErrorCallback  stm32f1xx_hal_uart.o
    0x08001c0e   0x08001c0e   0x0000000a   Code   RO         2213    i.HAL_UART_GetState  stm32f1xx_hal_uart.o
    0x08001c18   0x08001c18   0x00000110   Code   RO         2214    i.HAL_UART_IRQHandler  stm32f1xx_hal_uart.o
    0x08001d28   0x08001d28   0x00000062   Code   RO         2215    i.HAL_UART_Init     stm32f1xx_hal_uart.o
    0x08001d8a   0x08001d8a   0x00000002   PAD
    0x08001d8c   0x08001d8c   0x0000008c   Code   RO         3704    i.HAL_UART_MspInit  usart.o
    0x08001e18   0x08001e18   0x00000052   Code   RO         2220    i.HAL_UART_Receive_IT  stm32f1xx_hal_uart.o
    0x08001e6a   0x08001e6a   0x00000002   PAD
    0x08001e6c   0x08001e6c   0x00000058   Code   RO         3705    i.HAL_UART_RxCpltCallback  usart.o
    0x08001ec4   0x08001ec4   0x000000ba   Code   RO         2223    i.HAL_UART_Transmit  stm32f1xx_hal_uart.o
    0x08001f7e   0x08001f7e   0x00000002   Code   RO         2226    i.HAL_UART_TxCpltCallback  stm32f1xx_hal_uart.o
    0x08001f80   0x08001f80   0x00000002   Code   RO          311    i.HardFault_Handler  stm32f1xx_it.o
    0x08001f82   0x08001f82   0x00000002   Code   RO          312    i.MemManage_Handler  stm32f1xx_it.o
    0x08001f84   0x08001f84   0x00000002   Code   RO          313    i.NMI_Handler       stm32f1xx_it.o
    0x08001f86   0x08001f86   0x00000002   Code   RO          314    i.PendSV_Handler    stm32f1xx_it.o
    0x08001f88   0x08001f88   0x00000014   Code   RO         3959    i.RingBuffer_Reset  usart3.o
    0x08001f9c   0x08001f9c   0x00000002   Code   RO          315    i.SVC_Handler       stm32f1xx_it.o
    0x08001f9e   0x08001f9e   0x00000044   Code   RO         3661    i.Stm32_Clock_Init  sys.o
    0x08001fe2   0x08001fe2   0x00000004   Code   RO          316    i.SysTick_Handler   stm32f1xx_it.o
    0x08001fe6   0x08001fe6   0x00000002   PAD
    0x08001fe8   0x08001fe8   0x00000048   Code   RO          385    i.SystemInit        system_stm32f1xx.o
    0x08002030   0x08002030   0x0000000c   Code   RO         3900    i.TIM3_IRQHandler   timer.o
    0x0800203c   0x0800203c   0x00000020   Code   RO         3901    i.TIM3_Init         timer.o
    0x0800205c   0x0800205c   0x0000008c   Code   RO         1352    i.TIM_Base_SetConfig  stm32f1xx_hal_tim.o
    0x080020e8   0x080020e8   0x00000010   Code   RO         2228    i.UART_DMAAbortOnError  stm32f1xx_hal_uart.o
    0x080020f8   0x080020f8   0x0000001c   Code   RO         2238    i.UART_EndRxTransfer  stm32f1xx_hal_uart.o
    0x08002114   0x08002114   0x00000096   Code   RO         2240    i.UART_Receive_IT   stm32f1xx_hal_uart.o
    0x080021aa   0x080021aa   0x00000002   PAD
    0x080021ac   0x080021ac   0x000000b8   Code   RO         2241    i.UART_SetConfig    stm32f1xx_hal_uart.o
    0x08002264   0x08002264   0x00000062   Code   RO         2242    i.UART_Transmit_IT  stm32f1xx_hal_uart.o
    0x080022c6   0x080022c6   0x00000062   Code   RO         2243    i.UART_WaitOnFlagUntilTimeout  stm32f1xx_hal_uart.o
    0x08002328   0x08002328   0x0000002c   Code   RO         3706    i.USART1_IRQHandler  usart.o
    0x08002354   0x08002354   0x00000028   Code   RO         3960    i.USART3_IRQHandler  usart3.o
    0x0800237c   0x0800237c   0x00000002   Code   RO          317    i.UsageFault_Handler  stm32f1xx_it.o
    0x0800237e   0x0800237e   0x00000002   PAD
    0x08002380   0x08002380   0x00000020   Code   RO         4435    i.__0printf         mc_w.l(printfa.o)
    0x080023a0   0x080023a0   0x00000028   Code   RO         4437    i.__0sprintf        mc_w.l(printfa.o)
    0x080023c8   0x080023c8   0x00000020   Code   RO          700    i.__NVIC_SetPriority  stm32f1xx_hal_cortex.o
    0x080023e8   0x080023e8   0x0000000e   Code   RO         4530    i.__scatterload_copy  mc_w.l(handlers.o)
    0x080023f6   0x080023f6   0x00000002   Code   RO         4531    i.__scatterload_null  mc_w.l(handlers.o)
    0x080023f8   0x080023f8   0x0000000e   Code   RO         4532    i.__scatterload_zeroinit  mc_w.l(handlers.o)
    0x08002406   0x08002406   0x00000002   PAD
    0x08002408   0x08002408   0x00000184   Code   RO         4442    i._fp_digits        mc_w.l(printfa.o)
    0x0800258c   0x0800258c   0x000006b4   Code   RO         4443    i._printf_core      mc_w.l(printfa.o)
    0x08002c40   0x08002c40   0x00000024   Code   RO         4444    i._printf_post_padding  mc_w.l(printfa.o)
    0x08002c64   0x08002c64   0x0000002e   Code   RO         4445    i._printf_pre_padding  mc_w.l(printfa.o)
    0x08002c92   0x08002c92   0x0000000a   Code   RO         4447    i._sputc            mc_w.l(printfa.o)
    0x08002c9c   0x08002c9c   0x000001d4   Code   RO         4016    i.control_CAN       ringbuffer.o
    0x08002e70   0x08002e70   0x00000014   Code   RO         3620    i.delay_init        delay.o
    0x08002e84   0x08002e84   0x0000001a   Code   RO         3621    i.delay_ms          delay.o
    0x08002e9e   0x08002e9e   0x00000002   PAD
    0x08002ea0   0x08002ea0   0x00000034   Code   RO         3622    i.delay_us          delay.o
    0x08002ed4   0x08002ed4   0x0000013c   Code   RO         4017    i.find_cmd          ringbuffer.o
    0x08003010   0x08003010   0x00000018   Code   RO         3708    i.fputc             usart.o
    0x08003028   0x08003028   0x00000006   Code   RO         3902    i.getTimerCountValue  timer.o
    0x0800302e   0x0800302e   0x00000002   PAD
    0x08003030   0x08003030   0x00000070   Code   RO         3824    i.isReceived        cancontrol.o
    0x080030a0   0x080030a0   0x000000dc   Code   RO            6    i.main              main.o
    0x0800317c   0x0800317c   0x000000dc   Code   RO         3825    i.motorCommandGenerate  cancontrol.o
    0x08003258   0x08003258   0x00000014   Code   RO         4018    i.queueinit         ringbuffer.o
    0x0800326c   0x0800326c   0x00000018   Code   RO         3961    i.res_usart3_revdata  usart3.o
    0x08003284   0x08003284   0x00000048   Code   RO         4019    i.ring_Queue_in     ringbuffer.o
    0x080032cc   0x080032cc   0x00000012   Code   RO         4020    i.ringbuffer_getRemainSize  ringbuffer.o
    0x080032de   0x080032de   0x00000016   Code   RO         4021    i.ringbuffer_getUsedSize  ringbuffer.o
    0x080032f4   0x080032f4   0x00000026   Code   RO         4022    i.ringbuffer_in     ringbuffer.o
    0x0800331a   0x0800331a   0x00000022   Code   RO         4023    i.ringbuffer_in_check  ringbuffer.o
    0x0800333c   0x0800333c   0x0000000c   Code   RO         4024    i.ringbuffer_init   ringbuffer.o
    0x08003348   0x08003348   0x00000010   Code   RO         4025    i.ringbuffer_isEmpty  ringbuffer.o
    0x08003358   0x08003358   0x00000044   Code   RO         4026    i.ringbuffer_out    ringbuffer.o
    0x0800339c   0x0800339c   0x00000168   Code   RO         3827    i.sendMotorCommand  cancontrol.o
    0x08003504   0x08003504   0x00000098   Code   RO         4102    i.send_cmd_to_u2e   atk_u2e.o
    0x0800359c   0x0800359c   0x00000006   Code   RO         4103    i.send_data_to_u2e  atk_u2e.o
    0x080035a2   0x080035a2   0x00000002   PAD
    0x080035a4   0x080035a4   0x00000014   Code   RO         3903    i.startTimerInterrupt  timer.o
    0x080035b8   0x080035b8   0x00000014   Code   RO         3904    i.stopTimerInterrupt  timer.o
    0x080035cc   0x080035cc   0x00000108   Code   RO         4104    i.u2e_config_init   atk_u2e.o
    0x080036d4   0x080036d4   0x00000058   Code   RO         4105    i.u2e_config_work_param  atk_u2e.o
    0x0800372c   0x0800372c   0x000000c4   Code   RO         4106    i.u2e_enter_configmode  atk_u2e.o
    0x080037f0   0x080037f0   0x00000038   Code   RO         3709    i.uart_init         usart.o
    0x08003828   0x08003828   0x00000020   Code   RO         4162    i.usart1_send_data  matchingcommands.o
    0x08003848   0x08003848   0x00000010   Code   RO         3962    i.usart3_getRxData  usart3.o
    0x08003858   0x08003858   0x000000b8   Code   RO         3963    i.usart3_init       usart3.o
    0x08003910   0x08003910   0x00000014   Code   RO         3964    i.usart3_send_data  usart3.o
    0x08003924   0x08003924   0x00000010   Data   RO          386    .constdata          system_stm32f1xx.o
    0x08003934   0x08003934   0x00000008   Data   RO          387    .constdata          system_stm32f1xx.o
    0x0800393c   0x0800393c   0x000003b4   Data   RO         4108    .constdata          atk_u2e.o
    0x08003cf0   0x08003cf0   0x0000004b   Data   RO         3829    .conststring        cancontrol.o
    0x08003d3b   0x08003d3b   0x00000001   PAD
    0x08003d3c   0x08003d3c   0x00000532   Data   RO         4109    .conststring        atk_u2e.o
    0x0800426e   0x0800426e   0x00000002   PAD
    0x08004270   0x08004270   0x00000020   Data   RO         4528    Region$$Table       anon$$obj.o


    Execution Region RW_IRAM1 (Exec base: 0x20000000, Load base: 0x08004290, Size: 0x00000c58, Max: 0x00010000, ABSOLUTE)

    Exec Addr    Load Addr    Size         Type   Attr      Idx    E Section Name        Object

    0x20000000   0x08004290   0x00000004   Data   RW          388    .data               system_stm32f1xx.o
    0x20000004   0x08004294   0x0000000c   Data   RW          536    .data               stm32f1xx_hal.o
    0x20000010   0x080042a0   0x00000004   Data   RW         3623    .data               delay.o
    0x20000014   0x080042a4   0x00000004   Data   RW         3711    .data               usart.o
    0x20000018   0x080042a8   0x00000004   Data   RW         3712    .data               usart.o
    0x2000001c   0x080042ac   0x00000008   Data   RW         3830    .data               cancontrol.o
    0x20000024   0x080042b4   0x00000010   Data   RW         4029    .data               ringbuffer.o
    0x20000034   0x080042c4   0x00000012   Data   RW         4110    .data               atk_u2e.o
    0x20000046   0x080042d6   0x00000002   PAD
    0x20000048        -       0x00000100   Zero   RW           10    .bss                main.o
    0x20000148        -       0x00000108   Zero   RW         3710    .bss                usart.o
    0x20000250        -       0x0000005c   Zero   RW         3775    .bss                can.o
    0x200002ac        -       0x00000040   Zero   RW         3905    .bss                timer.o
    0x200002ec        -       0x0000014c   Zero   RW         3965    .bss                usart3.o
    0x20000438        -       0x00000220   Zero   RW         4027    .bss                ringbuffer.o
    0x20000658        -       0x00000200   Zero   RW         4107    .bss                atk_u2e.o
    0x20000858        -       0x00000400   Zero   RW          501    STACK               startup_stm32f103xe.o


==============================================================================

Image component sizes


      Code (inc. data)   RO Data    RW Data    ZI Data      Debug   Object Name

       798        160       2278         18        512       6058   atk_u2e.o
       416         34          0          0         92       4264   can.o
       692        286         75          8          0       2943   cancontrol.o
        98          8          0          4          0       1927   delay.o
       220         38          0          0        256     496374   main.o
        32          4          0          0          0       1167   matchingcommands.o
      1084        164          0         16        544       8359   ringbuffer.o
        36          8        304          0       1024        804   startup_stm32f103xe.o
       128         24          0         12          0       6013   stm32f1xx_hal.o
      1168          0          0          0          0       7534   stm32f1xx_hal_can.o
       258         24          0          0          0      30068   stm32f1xx_hal_cortex.o
       304          8          0          0          0       1203   stm32f1xx_hal_dma.o
       506         42          0          0          0       2912   stm32f1xx_hal_gpio.o
         2          0          0          0          0        426   stm32f1xx_hal_msp.o
      1276        100          0          0          0       5448   stm32f1xx_hal_rcc.o
       642         20          0          0          0       7918   stm32f1xx_hal_tim.o
         4          0          0          0          0       1653   stm32f1xx_hal_tim_ex.o
      1226         12          0          0          0      10191   stm32f1xx_hal_uart.o
        20          0          0          0          0       3830   stm32f1xx_it.o
        68          0          0          0          0        651   sys.o
        72         16         24          4          0       1131   system_stm32f1xx.o
       150         42          0          0         64       3616   timer.o
       352         54          0          8        264       4925   usart.o
       304         48          0          0        332       4143   usart3.o

    ----------------------------------------------------------------------
      9880       1092       2716         72       3088     613558   Object Totals
         0          0         32          0          0          0   (incl. Generated)
        24          0          3          2          0          0   (incl. Padding)

    ----------------------------------------------------------------------

      Code (inc. data)   RO Data    RW Data    ZI Data      Debug   Library Member Name

         0          0          0          0          0          0   entry.o
         0          0          0          0          0          0   entry10a.o
         0          0          0          0          0          0   entry11a.o
         4          0          0          0          0          0   entry12b.o
         8          4          0          0          0          0   entry2.o
         4          0          0          0          0          0   entry5.o
         0          0          0          0          0          0   entry7b.o
         0          0          0          0          0          0   entry8b.o
         8          4          0          0          0          0   entry9a.o
        30          0          0          0          0          0   handlers.o
        36          8          0          0          0         68   init.o
         0          0          0          0          0          0   iusefp.o
        30          0          0          0          0         68   llshl.o
        36          0          0          0          0         68   llsshr.o
        32          0          0          0          0         68   llushr.o
        36          0          0          0          0         68   memcpya.o
        36          0          0          0          0        108   memseta.o
      2268         96          0          0          0        616   printfa.o
        14          0          0          0          0         68   strlen.o
        36          0          0          0          0         80   strstr.o
        44          0          0          0          0         80   uidiv.o
        98          0          0          0          0         92   uldiv.o
        48          0          0          0          0         68   cdrcmple.o
        56          0          0          0          0         88   d2f.o
       334          0          0          0          0        148   dadd.o
       222          0          0          0          0        100   ddiv.o
       186          0          0          0          0        176   depilogue.o
        50          0          0          0          0         76   dfixui.o
        48          0          0          0          0         68   dfixul.o
        26          0          0          0          0         76   dfltui.o
       228          0          0          0          0         96   dmul.o
        38          0          0          0          0         68   f2d.o
       176          0          0          0          0        140   fadd.o
       110          0          0          0          0        168   fepilogue.o
        50          0          0          0          0         68   ffixi.o
        40          0          0          0          0         68   ffixui.o
        10          0          0          0          0         68   ffltui.o
       100          0          0          0          0         76   fmul.o

    ----------------------------------------------------------------------
      4444        112          0          0          0       2936   Library Totals
         2          0          0          0          0          0   (incl. Padding)

    ----------------------------------------------------------------------

      Code (inc. data)   RO Data    RW Data    ZI Data      Debug   Library Name

      2720        112          0          0          0       1384   mc_w.l
      1722          0          0          0          0       1552   mf_w.l

    ----------------------------------------------------------------------
      4444        112          0          0          0       2936   Library Totals

    ----------------------------------------------------------------------

==============================================================================


      Code (inc. data)   RO Data    RW Data    ZI Data      Debug   

     14324       1204       2716         72       3088     609470   Grand Totals
     14324       1204       2716         72       3088     609470   ELF Image Totals
     14324       1204       2716         72          0          0   ROM Totals

==============================================================================

    Total RO  Size (Code + RO Data)                17040 (  16.64kB)
    Total RW  Size (RW Data + ZI Data)              3160 (   3.09kB)
    Total ROM Size (Code + RO Data + RW Data)      17112 (  16.71kB)

==============================================================================

