<html>
<body>
<pre>
<h1>礦ision Build Log</h1>
<h2>Project:</h2>
C:\Users\wwc\Desktop\步进电机\user\key.uvproj
Project File Date:  03/25/2014

<h2>Output:</h2>
Build target 'KEY'
assembling startup_stm32f0xx.s...
compiling system_stm32f0xx.c...
compiling stm32f0xx_it.c...
..\stm32f0\stm32f0xx_it.c(100): warning:  #223-D: function "TimingDelay_Decrement" declared implicitly
compiling main.c...
compiling exit.c...
..\drive\exit.c(37): warning:  #1-D: last line of file ends without a newline
compiling gpio.c...
compiling systick.c...
compiling time.c...
compiling stm32f0xx_syscfg.c...
compiling stm32f0xx_exti.c...
compiling stm32f0xx_gpio.c...
compiling stm32f0xx_misc.c...
compiling stm32f0xx_rcc.c...
compiling stm32f0xx_usart.c...
compiling stm32f0xx_tim.c...
linking...
Program Size: Code=7488 RO-data=224 RW-data=60 ZI-data=1028  
".\key.axf" - 0 Errors, 2 Warning(s).
Build target 'KEY'
compiling exit.c...
..\drive\exit.c(38): warning:  #1-D: last line of file ends without a newline
linking...
Program Size: Code=7488 RO-data=224 RW-data=60 ZI-data=1028  
".\key.axf" - 0 Errors, 1 Warning(s).
Rebuild target 'KEY'
assembling startup_stm32f0xx.s...
compiling system_stm32f0xx.c...
compiling stm32f0xx_it.c...
..\stm32f0\stm32f0xx_it.c(100): warning:  #223-D: function "TimingDelay_Decrement" declared implicitly
compiling main.c...
compiling exit.c...
..\drive\exit.c(38): warning:  #1-D: last line of file ends without a newline
compiling gpio.c...
compiling systick.c...
compiling time.c...
compiling stm32f0xx_syscfg.c...
compiling stm32f0xx_exti.c...
compiling stm32f0xx_gpio.c...
compiling stm32f0xx_misc.c...
compiling stm32f0xx_rcc.c...
compiling stm32f0xx_usart.c...
compiling stm32f0xx_tim.c...
linking...
Program Size: Code=7488 RO-data=224 RW-data=60 ZI-data=1028  
".\key.axf" - 0 Errors, 2 Warning(s).
Build target 'KEY'
compiling stm32f0xx_it.c...
linking...
Program Size: Code=7488 RO-data=224 RW-data=60 ZI-data=1028  
".\key.axf" - 0 Errors, 0 Warning(s).
Build target 'KEY'
compiling stm32f0xx_it.c...
compiling main.c...
compiling gpio.c...
linking...
Program Size: Code=7488 RO-data=224 RW-data=60 ZI-data=1028  
".\key.axf" - 0 Errors, 0 Warning(s).
Build target 'KEY'
compiling gpio.c...
linking...
Program Size: Code=7488 RO-data=224 RW-data=60 ZI-data=1028  
".\key.axf" - 0 Errors, 0 Warning(s).
Build target 'KEY'
compiling main.c...
linking...
Program Size: Code=7492 RO-data=224 RW-data=60 ZI-data=1028  
".\key.axf" - 0 Errors, 0 Warning(s).
